Archive member included because of file (symbol)

C:\Program Files (x86)\VEX Robotics\VEXcode Pro V5\sdk/vexv5\libv5rt.a(v5_startup.c.obj)
                              (vexStartup)
C:\Program Files (x86)\VEX Robotics\VEXcode Pro V5\sdk/vexv5\libv5rt.a(v5_util.c.obj)
                              C:\Program Files (x86)\VEX Robotics\VEXcode Pro V5\sdk/vexv5\libv5rt.a(v5_startup.c.obj) (vexStdlibVersionLinked)
C:\Program Files (x86)\VEX Robotics\VEXcode Pro V5\sdk/vexv5\libv5rt.a(v5_apijump.c.obj)
                              C:\Program Files (x86)\VEX Robotics\VEXcode Pro V5\sdk/vexv5\libv5rt.a(v5_startup.c.obj) (vexPrivateApiEnable)
C:\Program Files (x86)\VEX Robotics\VEXcode Pro V5\sdk/vexv5\libv5rt.a(v5_apiversions.c.obj)
                              C:\Program Files (x86)\VEX Robotics\VEXcode Pro V5\sdk/vexv5\libv5rt.a(v5_apijump.c.obj) (vexSystemVersion)
C:\Program Files (x86)\VEX Robotics\VEXcode Pro V5\sdk/vexv5\libv5rt.a(vex_global.cpp.obj)
                              build/src/main.o (vex::wait(double, vex::timeUnits))
C:\Program Files (x86)\VEX Robotics\VEXcode Pro V5\sdk/vexv5\libv5rt.a(vex_motor.cpp.obj)
                              build/src/main.o (vex::motor::~motor())
C:\Program Files (x86)\VEX Robotics\VEXcode Pro V5\sdk/vexv5\libv5rt.a(vex_imu.cpp.obj)
                              build/src/JAR-Template/drive.o (vex::inertial::setRotation(double, vex::rotationUnits))
C:\Program Files (x86)\VEX Robotics\VEXcode Pro V5\sdk/vexv5\libv5rt.a(vex_rotation.cpp.obj)
                              build/src/main.o (vex::rotation::~rotation())
C:\Program Files (x86)\VEX Robotics\VEXcode Pro V5\sdk/vexv5\libv5rt.a(vex_controller.cpp.obj)
                              build/src/robot-config.o (vex::controller::~controller())
C:\Program Files (x86)\VEX Robotics\VEXcode Pro V5\sdk/vexv5\libv5rt.a(vex_task.cpp.obj)
                              build/src/JAR-Template/drive.o (vex::task::task())
C:\Program Files (x86)\VEX Robotics\VEXcode Pro V5\sdk/vexv5\libv5rt.a(vex_thread.cpp.obj)
                              C:\Program Files (x86)\VEX Robotics\VEXcode Pro V5\sdk/vexv5\libv5rt.a(vex_global.cpp.obj) (vex::this_thread::sleep_for(unsigned long))
C:\Program Files (x86)\VEX Robotics\VEXcode Pro V5\sdk/vexv5\libv5rt.a(vex_event.cpp.obj)
                              C:\Program Files (x86)\VEX Robotics\VEXcode Pro V5\sdk/vexv5\libv5rt.a(vex_imu.cpp.obj) (vex::event::init(unsigned long, unsigned long, void (*)()))
C:\Program Files (x86)\VEX Robotics\VEXcode Pro V5\sdk/vexv5\libv5rt.a(vex_mevent.cpp.obj)
                              C:\Program Files (x86)\VEX Robotics\VEXcode Pro V5\sdk/vexv5\libv5rt.a(vex_controller.cpp.obj) (vex::mevent::mevent(unsigned long, unsigned long))
C:\Program Files (x86)\VEX Robotics\VEXcode Pro V5\sdk/vexv5\libv5rt.a(vex_brain.cpp.obj)
                              build/src/robot-config.o (vex::brain::brain())
C:\Program Files (x86)\VEX Robotics\VEXcode Pro V5\sdk/vexv5\libv5rt.a(vex_competition.cpp.obj)
                              build/src/main.o (vex::competition::competition())
C:\Program Files (x86)\VEX Robotics\VEXcode Pro V5\sdk/vexv5\libv5rt.a(vex_triport.cpp.obj)
                              build/src/main.o (vex::triport::~triport())
C:\Program Files (x86)\VEX Robotics\VEXcode Pro V5\sdk/vexv5\libv5rt.a(vex_color.cpp.obj)
                              C:\Program Files (x86)\VEX Robotics\VEXcode Pro V5\sdk/vexv5\libv5rt.a(vex_brain.cpp.obj) (vex::color::operator unsigned long() const)
C:\Program Files (x86)\VEX Robotics\VEXcode Pro V5\sdk/vexv5\libv5rt.a(vex_timer.cpp.obj)
                              C:\Program Files (x86)\VEX Robotics\VEXcode Pro V5\sdk/vexv5\libv5rt.a(vex_brain.cpp.obj) (vex::timer::~timer())
C:\Program Files (x86)\VEX Robotics\VEXcode Pro V5\sdk/vexv5\libv5rt.a(vex_motorgroup.cpp.obj)
                              build/src/JAR-Template/drive.o (vex::motor_group::motor_group_motors::motor_group_motors(vex::motor_group::motor_group_motors const&))
C:\Program Files (x86)\VEX Robotics\VEXcode Pro V5\sdk/vexv5\libv5rt.a(v5_apiuser.c.obj)
                              C:\Program Files (x86)\VEX Robotics\VEXcode Pro V5\sdk/vexv5\libv5rt.a(vex_triport.cpp.obj) (vexAdiPortConfigSet)
C:\Program Files (x86)\VEX Robotics\VEXcode Pro V5\sdk/vexv5\libv5rt.a(vex_device.cpp.obj)
                              C:\Program Files (x86)\VEX Robotics\VEXcode Pro V5\sdk/vexv5\libv5rt.a(vex_motor.cpp.obj) (vex::device::~device())
C:\Program Files (x86)\VEX Robotics\VEXcode Pro V5\sdk/vexv5/gcc/libs\libc.a(lib_a-fini.o)
                              C:\Program Files (x86)\VEX Robotics\VEXcode Pro V5\sdk/vexv5\libv5rt.a(v5_startup.c.obj) (__libc_fini_array)
C:\Program Files (x86)\VEX Robotics\VEXcode Pro V5\sdk/vexv5/gcc/libs\libc.a(lib_a-impure.o)
                              C:\Program Files (x86)\VEX Robotics\VEXcode Pro V5\sdk/vexv5\libv5rt.a(v5_startup.c.obj) (_impure_ptr)
[...]
Memory Configuration

Name             Origin             Length             Attributes
ps7_ddr_0_S_AXI_BASEADDR 0x03800000         0x04800000
*default*        0x00000000         0xffffffff

Linker script and memory map

                0x00002000                _STACK_SIZE = DEFINED (_STACK_SIZE)?_STACK_SIZE:0x2000
                0x00100000                _HEAP_SIZE = DEFINED (_HEAP_SIZE)?_HEAP_SIZE:0x100000
                0x00000400                _ABORT_STACK_SIZE = DEFINED (_ABORT_STACK_SIZE)?_ABORT_STACK_SIZE:0x400
                0x00000800                _SUPERVISOR_STACK_SIZE = DEFINED (_SUPERVISOR_STACK_SIZE)?_SUPERVISOR_STACK_SIZE:0x800
                0x00000400                _IRQ_STACK_SIZE = DEFINED (_IRQ_STACK_SIZE)?_IRQ_STACK_SIZE:0x400
                0x00000400                _FIQ_STACK_SIZE = DEFINED (_FIQ_STACK_SIZE)?_FIQ_STACK_SIZE:0x400
                0x00000400                _UNDEF_STACK_SIZE = DEFINED (_UNDEF_STACK_SIZE)?_UNDEF_STACK_SIZE:0x400

.text           0x03800000     0x8168
 *(.vectors)
 *(.boot_data)
 .boot_data     0x03800000       0x20 C:\Program Files (x86)\VEX Robotics\VEXcode Pro V5\sdk/vexv5\libv5rt.a(v5_startup.c.obj)
                0x03800000                vexCodeSig
                0x00000020                . = 0x20
 *(.boot)
 .boot          0x03800020       0xbc C:\Program Files (x86)\VEX Robotics\VEXcode Pro V5\sdk/vexv5\libv5rt.a(v5_startup.c.obj)
                0x03800020                vexStartup
                0x03800100                . = ALIGN (0x40)
 *fill*         0x038000dc       0x24 
 *(.freertos_vectors)
 *(.text)
 *(.text.*)
 .text._ZN3vex11motor_groupC2IJNS_5motorES2_EEERS2_DpRT_
                0x03800100       0x44 build/src/main.o
                0x03800100                vex::motor_group::motor_group<vex::motor, vex::motor>(vex::motor&, vex::motor&, vex::motor&)
 .text._ZN5DriveD2Ev
                0x03800144       0x7c build/src/main.o
                0x03800144                Drive::~Drive()
 .text._Z9pre_autonv
                0x038001c0      0x1dc build/src/main.o
                0x038001c0                pre_auton()
 *fill*         0x0380039c        0x4 
 .text._Z10autonomousv
                0x038003a0      0x250 build/src/main.o
                0x038003a0                autonomous()
 .text._Z11usercontrolv
                0x038005f0      0x290 build/src/main.o
                0x038005f0                usercontrol()
 .text.main     0x03800880       0xc0 build/src/main.o
                0x03800880                main
 .text._ZZ4mainEN3$_08__invokeEv
                0x03800940       0x4c build/src/main.o
 .text._ZZ4mainEN3$_18__invokeEv
                0x0380098c       0x2c build/src/main.o
 .text._ZZ4mainEN3$_28__invokeEv
                0x038009b8       0x2c build/src/main.o
 .text._ZZ4mainEN3$_38__invokeEv
                0x038009e4       0xa0 build/src/main.o
 .text._ZZ4mainEN3$_48__invokeEv
                0x03800a84       0x2c build/src/main.o
 .text._GLOBAL__sub_I_main.cpp
                0x03800ab0      0x174 build/src/main.o
 .text._Z17default_constantsv
                0x03800c24      0x110 build/src/autons.o
                0x03800c24                default_constants()
 *fill*         0x03800d34        0x4 
 .text._Z15Offensive5Pointv
                0x03800d38      0x668 build/src/autons.o
                0x03800d38                Offensive5Point()
 .text._Z15Offensive6Pointv
                0x038013a0      0x6f8 build/src/autons.o
                0x038013a0                Offensive6Point()
 .text._Z13DefensiveRushv
                0x03801a98      0x460 build/src/autons.o
                0x03801a98                DefensiveRush()
 .text._Z19DefensiveMatchPointv
                0x03801ef8      0x388 build/src/autons.o
                0x03801ef8                DefensiveMatchPoint()
 .text._Z18DefensiveMatchLoadv
                0x03802280      0x368 build/src/autons.o
                0x03802280                DefensiveMatchLoad()
 .text._Z6Skillsv
                0x038025e8      0xc70 build/src/autons.o
                0x038025e8                Skills()
 .text._Z7NoAutonv
                0x03803258        0x4 build/src/autons.o
                0x03803258                NoAuton()
 .text._Z9FinalRushv
                0x0380325c      0x77c build/src/autons.o
                0x0380325c                FinalRush()
 .text._Z19AWPOffensiveFarSidev
                0x038039d8       0xf0 build/src/autons.o
                0x038039d8                AWPOffensiveFarSide()
 .text._Z9AutonTestv
                0x03803ac8       0x54 build/src/autons.o
                0x03803ac8                AutonTest()
 .text._Z33rc_auto_loop_function_Controller1v
                0x03803b1c       0xe4 build/src/robot-config.o
                0x03803b1c                rc_auto_loop_function_Controller1()
 .text._Z11vexcodeInitv
                0x03803c00       0x28 build/src/robot-config.o
                0x03803c00                vexcodeInit()
 .text._GLOBAL__sub_I_robot_config.cpp
                0x03803c28      0x398 build/src/robot-config.o
 .text._Z15reduce_0_to_360f
                0x03803fc0       0x7c build/src/JAR-Template/util.o
                0x03803fc0                reduce_0_to_360(float)
 .text._Z26reduce_negative_180_to_180f
                0x0380403c       0x90 build/src/JAR-Template/util.o
                0x0380403c                reduce_negative_180_to_180(float)
 .text._Z5clampfff
                0x038040cc       0x2c build/src/JAR-Template/util.o
                0x038040cc                clamp(float, float, float)
 .text._Z11is_reversedd
                0x038040f8       0x18 build/src/JAR-Template/util.o
                0x038040f8                is_reversed(double)
 .text._Z7to_voltf
                0x03804110       0x30 build/src/JAR-Template/util.o
                0x03804110                to_volt(float)
 .text._Z7to_porti
                0x03804140       0x14 build/src/JAR-Template/util.o
                0x03804140                to_port(int)
 .text._Z8deadbandff
                0x03804154       0x28 build/src/JAR-Template/util.o
                0x03804154                deadband(float, float)
 .text._ZN4Odom22set_physical_distancesEff
                0x0380417c        0x8 build/src/JAR-Template/odom.o
                0x0380417c                Odom::set_physical_distances(float, float)
 *fill*         0x03804184        0x4 
 .text._ZN5DriveC2E11drive_setupN3vex11motor_groupES2_ifffiiiiiffiff
                0x03804188      0x238 build/src/JAR-Template/drive.o
                0x03804188                Drive::Drive(drive_setup, vex::motor_group, vex::motor_group, int, float, float, float, int, int, int, int, int, float, float, int, float, float)
                0x03804188                Drive::Drive(drive_setup, vex::motor_group, vex::motor_group, int, float, float, float, int, int, int, int, int, float, float, int, float, float)
 .text._ZN5Drive18drive_with_voltageEff
                0x038043c0       0x6c build/src/JAR-Template/drive.o
                0x038043c0                Drive::drive_with_voltage(float, float)
 .text._ZN5Drive18set_turn_constantsEfffff
                0x0380442c       0x1c build/src/JAR-Template/drive.o
                0x0380442c                Drive::set_turn_constants(float, float, float, float, float)
 .text._ZN5Drive19set_drive_constantsEfffff
                0x03804448       0x1c build/src/JAR-Template/drive.o
                0x03804448                Drive::set_drive_constants(float, float, float, float, float)
 .text._ZN5Drive21set_heading_constantsEfffff
                0x03804464       0x1c build/src/JAR-Template/drive.o
                0x03804464                Drive::set_heading_constants(float, float, float, float, float)
 .text._ZN5Drive19set_swing_constantsEfffff
                0x03804480       0x1c build/src/JAR-Template/drive.o
                0x03804480                Drive::set_swing_constants(float, float, float, float, float)
 .text._ZN5Drive24set_turn_exit_conditionsEfff
                0x0380449c        0xc build/src/JAR-Template/drive.o
                0x0380449c                Drive::set_turn_exit_conditions(float, float, float)
 .text._ZN5Drive25set_drive_exit_conditionsEfff
                0x038044a8        0xc build/src/JAR-Template/drive.o
                0x038044a8                Drive::set_drive_exit_conditions(float, float, float)
 .text._ZN5Drive25set_swing_exit_conditionsEfff
                0x038044b4        0xc build/src/JAR-Template/drive.o
                0x038044b4                Drive::set_swing_exit_conditions(float, float, float)
 .text._ZN5Drive13turn_to_angleEf
                0x038044c0       0x50 build/src/JAR-Template/drive.o
                0x038044c0                Drive::turn_to_angle(float)
 .text._ZN5Drive13turn_to_angleEfffffffff
                0x03804510      0x178 build/src/JAR-Template/drive.o
                0x03804510                Drive::turn_to_angle(float, float, float, float, float, float, float, float, float)
 .text._ZN5Drive13turn_to_angleEff
                0x03804688       0x4c build/src/JAR-Template/drive.o
                0x03804688                Drive::turn_to_angle(float, float)
 .text._ZN5Drive13turn_to_angleEfffff
                0x038046d4       0x48 build/src/JAR-Template/drive.o
                0x038046d4                Drive::turn_to_angle(float, float, float, float, float)
 .text._ZN5Drive14drive_distanceEf
                0x0380471c       0x80 build/src/JAR-Template/drive.o
                0x0380471c                Drive::drive_distance(float)
 *fill*         0x0380479c        0x4 
 .text._ZN5Drive14drive_distanceEfffffffffffffff
                0x038047a0      0x2e0 build/src/JAR-Template/drive.o
                0x038047a0                Drive::drive_distance(float, float, float, float, float, float, float, float, float, float, float, float, float, float, float)
 .text._ZN5Drive14drive_distanceEfffffff
                0x03804a80       0x78 build/src/JAR-Template/drive.o
                0x03804a80                Drive::drive_distance(float, float, float, float, float, float, float)
 .text._ZN5Drive19left_swing_to_angleEf
                0x03804af8       0x50 build/src/JAR-Template/drive.o
                0x03804af8                Drive::left_swing_to_angle(float)
 .text._ZN5Drive19left_swing_to_angleEfffffffff
                0x03804b48      0x1d8 build/src/JAR-Template/drive.o
                0x03804b48                Drive::left_swing_to_angle(float, float, float, float, float, float, float, float, float)
 .text._ZN5Drive20right_swing_to_angleEf
                0x03804d20       0x50 build/src/JAR-Template/drive.o
                0x03804d20                Drive::right_swing_to_angle(float)
 .text._ZN5Drive20right_swing_to_angleEfffffffff
                0x03804d70      0x1d8 build/src/JAR-Template/drive.o
                0x03804d70                Drive::right_swing_to_angle(float, float, float, float, float, float, float, float, float)
 .text._ZN5Drive12control_tankEv
                0x03804f48       0xfc build/src/JAR-Template/drive.o
                0x03804f48                Drive::control_tank()
 .text._ZN3PIDC2Efffff
                0x03805044       0x2c build/src/JAR-Template/PID.o
                0x03805044                PID::PID(float, float, float, float, float)
                0x03805044                PID::PID(float, float, float, float, float)
 .text._ZN3PIDC2Effffffff
                0x03805070       0x44 build/src/JAR-Template/PID.o
                0x03805070                PID::PID(float, float, float, float, float, float, float, float)
                0x03805070                PID::PID(float, float, float, float, float, float, float, float)
 .text._ZN3PID7computeEf
                0x038050b4       0xd0 build/src/JAR-Template/PID.o
                0x038050b4                PID::compute(float)
 .text._ZN3PID10is_settledEv
                0x03805184       0x44 build/src/JAR-Template/PID.o
                0x03805184                PID::is_settled()
 .text.vexMain  0x038051c8       0xb0 C:\Program Files (x86)\VEX Robotics\VEXcode Pro V5\sdk/vexv5\libv5rt.a(v5_startup.c.obj)
                0x038051c8                vexMain
 .text.__vex_function_prolog
                0x03805278       0x18 C:\Program Files (x86)\VEX Robotics\VEXcode Pro V5\sdk/vexv5\libv5rt.a(v5_startup.c.obj)
                0x03805278                __vex_function_prolog
 .text._init    0x03805290        0x4 C:\Program Files (x86)\VEX Robotics\VEXcode Pro V5\sdk/vexv5\libv5rt.a(v5_startup.c.obj)
                0x03805290                _init
 .text._fini    0x03805294        0x4 C:\Program Files (x86)\VEX Robotics\VEXcode Pro V5\sdk/vexv5\libv5rt.a(v5_startup.c.obj)
                0x03805294                _fini
 .text.vexStdlibVersionLinked
                0x03805298        0xc C:\Program Files (x86)\VEX Robotics\VEXcode Pro V5\sdk/vexv5\libv5rt.a(v5_util.c.obj)
                0x03805298                vexStdlibVersionLinked
 .text.vexStdlibVersionVerify
                0x038052a4       0x30 C:\Program Files (x86)\VEX Robotics\VEXcode Pro V5\sdk/vexv5\libv5rt.a(v5_util.c.obj)
                0x038052a4                vexStdlibVersionVerify
 .text.vexPrivateApiEnable
                0x038052d4       0x10 C:\Program Files (x86)\VEX Robotics\VEXcode Pro V5\sdk/vexv5\libv5rt.a(v5_apijump.c.obj)
                0x038052d4                vexPrivateApiEnable
 .text.vexStdlibMismatchError
                0x038052e4       0x3c C:\Program Files (x86)\VEX Robotics\VEXcode Pro V5\sdk/vexv5\libv5rt.a(v5_apijump.c.obj)
                0x038052e4                vexStdlibMismatchError
 .text.vexTaskAdd
                0x03805320       0x10 C:\Program Files (x86)\VEX Robotics\VEXcode Pro V5\sdk/vexv5\libv5rt.a(v5_apijump.c.obj)
                0x03805320                vexTaskAdd
 .text.vexTasksRun
                0x03805330       0x10 C:\Program Files (x86)\VEX Robotics\VEXcode Pro V5\sdk/vexv5\libv5rt.a(v5_apijump.c.obj)
                0x03805330                vexTasksRun
 .text.vexTaskYield
                0x03805340       0x10 C:\Program Files (x86)\VEX Robotics\VEXcode Pro V5\sdk/vexv5\libv5rt.a(v5_apijump.c.obj)
                0x03805340                vexTaskYield
 .text.vexTaskCheckTimeslice
                0x03805350       0x10 C:\Program Files (x86)\VEX Robotics\VEXcode Pro V5\sdk/vexv5\libv5rt.a(v5_apijump.c.obj)
                0x03805350                vexTaskCheckTimeslice
 .text.vexTaskGetIndex
                0x03805360       0x10 C:\Program Files (x86)\VEX Robotics\VEXcode Pro V5\sdk/vexv5\libv5rt.a(v5_apijump.c.obj)
                0x03805360                vexTaskGetIndex
 .text.vexTaskSleep
                0x03805370       0x10 C:\Program Files (x86)\VEX Robotics\VEXcode Pro V5\sdk/vexv5\libv5rt.a(v5_apijump.c.obj)
                0x03805370                vexTaskSleep
 .text.vexTasksDump
                0x03805380       0x1c C:\Program Files (x86)\VEX Robotics\VEXcode Pro V5\sdk/vexv5\libv5rt.a(v5_apijump.c.obj)
                0x03805380                vexTasksDump
 .text.vexTaskGetTaskIndex
                0x0380539c       0x10 C:\Program Files (x86)\VEX Robotics\VEXcode Pro V5\sdk/vexv5\libv5rt.a(v5_apijump.c.obj)
                0x0380539c                vexTaskGetTaskIndex
 .text.vexTaskStopAll
                0x038053ac       0x10 C:\Program Files (x86)\VEX Robotics\VEXcode Pro V5\sdk/vexv5\libv5rt.a(v5_apijump.c.obj)
                0x038053ac                vexTaskStopAll
 .text.vexTaskRemoveAllUser
                0x038053bc       0x34 C:\Program Files (x86)\VEX Robotics\VEXcode Pro V5\sdk/vexv5\libv5rt.a(v5_apijump.c.obj)
                0x038053bc                vexTaskRemoveAllUser
 .text.vexTaskCompletionIdSet
                0x038053f0       0x10 C:\Program Files (x86)\VEX Robotics\VEXcode Pro V5\sdk/vexv5\libv5rt.a(v5_apijump.c.obj)
                0x038053f0                vexTaskCompletionIdSet
 .text.vexTaskStopWithId
                0x03805400       0x10 C:\Program Files (x86)\VEX Robotics\VEXcode Pro V5\sdk/vexv5\libv5rt.a(v5_apijump.c.obj)
                0x03805400                vexTaskStopWithId
 .text.vexTaskGetCallbackAndId
                0x03805410       0x54 C:\Program Files (x86)\VEX Robotics\VEXcode Pro V5\sdk/vexv5\libv5rt.a(v5_apijump.c.obj)
                0x03805410                vexTaskGetCallbackAndId
 .text.vexCriticalSection
                0x03805464       0x2c C:\Program Files (x86)\VEX Robotics\VEXcode Pro V5\sdk/vexv5\libv5rt.a(v5_apijump.c.obj)
                0x03805464                vexCriticalSection
 .text.vexEventAdd
                0x03805490       0x34 C:\Program Files (x86)\VEX Robotics\VEXcode Pro V5\sdk/vexv5\libv5rt.a(v5_apijump.c.obj)
                0x03805490                vexEventAdd
 .text.vexEventUserIndexGet
                0x038054c4       0x1c C:\Program Files (x86)\VEX Robotics\VEXcode Pro V5\sdk/vexv5\libv5rt.a(v5_apijump.c.obj)
                0x038054c4                vexEventUserIndexGet
 .text.vexEventAddWithArg
                0x038054e0       0x3c C:\Program Files (x86)\VEX Robotics\VEXcode Pro V5\sdk/vexv5\libv5rt.a(v5_apijump.c.obj)
                0x038054e0                vexEventAddWithArg
 .text.vexEventsCleanup
                0x0380551c       0x2c C:\Program Files (x86)\VEX Robotics\VEXcode Pro V5\sdk/vexv5\libv5rt.a(v5_apijump.c.obj)
                0x0380551c                vexEventsCleanup
 .text.vexDebug
                0x03805548       0x38 C:\Program Files (x86)\VEX Robotics\VEXcode Pro V5\sdk/vexv5\libv5rt.a(v5_apijump.c.obj)
                0x03805548                vexDebug
 .text.vex_sprintf
                0x03805580       0x40 C:\Program Files (x86)\VEX Robotics\VEXcode Pro V5\sdk/vexv5\libv5rt.a(v5_apijump.c.obj)
                0x03805580                vex_sprintf
 .text.vex_vsnprintf
                0x038055c0       0x3c C:\Program Files (x86)\VEX Robotics\VEXcode Pro V5\sdk/vexv5\libv5rt.a(v5_apijump.c.obj)
                0x038055c0                vex_vsnprintf
 .text.vexSystemTimeGet
                0x038055fc       0x1c C:\Program Files (x86)\VEX Robotics\VEXcode Pro V5\sdk/vexv5\libv5rt.a(v5_apijump.c.obj)
                0x038055fc                vexSystemTimeGet
 .text.vexSystemExitRequest
                0x03805618       0x1c C:\Program Files (x86)\VEX Robotics\VEXcode Pro V5\sdk/vexv5\libv5rt.a(v5_apijump.c.obj)
                0x03805618                vexSystemExitRequest
 .text.vexDeviceGetByIndex
                0x03805634       0x24 C:\Program Files (x86)\VEX Robotics\VEXcode Pro V5\sdk/vexv5\libv5rt.a(v5_apijump.c.obj)
                0x03805634                vexDeviceGetByIndex
 .text.vexControllerGet
                0x03805658       0x2c C:\Program Files (x86)\VEX Robotics\VEXcode Pro V5\sdk/vexv5\libv5rt.a(v5_apijump.c.obj)
                0x03805658                vexControllerGet
 .text.vexControllerTextSet
                0x03805684       0x74 C:\Program Files (x86)\VEX Robotics\VEXcode Pro V5\sdk/vexv5\libv5rt.a(v5_apijump.c.obj)
                0x03805684                vexControllerTextSet
 .text.vexDeviceAdiPortConfigSet
                0x038056f8       0x34 C:\Program Files (x86)\VEX Robotics\VEXcode Pro V5\sdk/vexv5\libv5rt.a(v5_apijump.c.obj)
                0x038056f8                vexDeviceAdiPortConfigSet
 .text.vexDeviceAdiPortConfigGet
                0x0380572c       0x2c C:\Program Files (x86)\VEX Robotics\VEXcode Pro V5\sdk/vexv5\libv5rt.a(v5_apijump.c.obj)
                0x0380572c                vexDeviceAdiPortConfigGet
 .text.vexDeviceAdiValueSet
                0x03805758       0x34 C:\Program Files (x86)\VEX Robotics\VEXcode Pro V5\sdk/vexv5\libv5rt.a(v5_apijump.c.obj)
                0x03805758                vexDeviceAdiValueSet
 .text.vexDeviceAdiValueGet
                0x0380578c       0x2c C:\Program Files (x86)\VEX Robotics\VEXcode Pro V5\sdk/vexv5\libv5rt.a(v5_apijump.c.obj)
                0x0380578c                vexDeviceAdiValueGet
 .text.vexDeviceMotorVelocitySet
                0x038057b8       0x2c C:\Program Files (x86)\VEX Robotics\VEXcode Pro V5\sdk/vexv5\libv5rt.a(v5_apijump.c.obj)
                0x038057b8                vexDeviceMotorVelocitySet
 .text.vexDeviceMotorVoltageSet
                0x038057e4       0x2c C:\Program Files (x86)\VEX Robotics\VEXcode Pro V5\sdk/vexv5\libv5rt.a(v5_apijump.c.obj)
                0x038057e4                vexDeviceMotorVoltageSet
 .text.vexDeviceMotorActualVelocityGet
                0x03805810       0x24 C:\Program Files (x86)\VEX Robotics\VEXcode Pro V5\sdk/vexv5\libv5rt.a(v5_apijump.c.obj)
                0x03805810                vexDeviceMotorActualVelocityGet
 .text.vexDeviceMotorCurrentLimitSet
                0x03805834       0x2c C:\Program Files (x86)\VEX Robotics\VEXcode Pro V5\sdk/vexv5\libv5rt.a(v5_apijump.c.obj)
                0x03805834                vexDeviceMotorCurrentLimitSet
 .text.vexDeviceMotorReverseFlagSet
                0x03805860       0x2c C:\Program Files (x86)\VEX Robotics\VEXcode Pro V5\sdk/vexv5\libv5rt.a(v5_apijump.c.obj)
                0x03805860                vexDeviceMotorReverseFlagSet
 .text.vexDeviceMotorEncoderUnitsSet
                0x0380588c       0x2c C:\Program Files (x86)\VEX Robotics\VEXcode Pro V5\sdk/vexv5\libv5rt.a(v5_apijump.c.obj)
                0x0380588c                vexDeviceMotorEncoderUnitsSet
 .text.vexDeviceMotorBrakeModeSet
                0x038058b8       0x2c C:\Program Files (x86)\VEX Robotics\VEXcode Pro V5\sdk/vexv5\libv5rt.a(v5_apijump.c.obj)
                0x038058b8                vexDeviceMotorBrakeModeSet
 .text.vexDeviceMotorPositionSet
                0x038058e4       0x34 C:\Program Files (x86)\VEX Robotics\VEXcode Pro V5\sdk/vexv5\libv5rt.a(v5_apijump.c.obj)
                0x038058e4                vexDeviceMotorPositionSet
 .text.vexDeviceMotorPositionGet
                0x03805918       0x24 C:\Program Files (x86)\VEX Robotics\VEXcode Pro V5\sdk/vexv5\libv5rt.a(v5_apijump.c.obj)
                0x03805918                vexDeviceMotorPositionGet
 .text.vexDeviceMotorGearingSet
                0x0380593c       0x2c C:\Program Files (x86)\VEX Robotics\VEXcode Pro V5\sdk/vexv5\libv5rt.a(v5_apijump.c.obj)
                0x0380593c                vexDeviceMotorGearingSet
 .text.vexDeviceMotorGearingGet
                0x03805968       0x24 C:\Program Files (x86)\VEX Robotics\VEXcode Pro V5\sdk/vexv5\libv5rt.a(v5_apijump.c.obj)
                0x03805968                vexDeviceMotorGearingGet
 .text.vexDeviceImuReset
                0x0380598c       0x24 C:\Program Files (x86)\VEX Robotics\VEXcode Pro V5\sdk/vexv5\libv5rt.a(v5_apijump.c.obj)
                0x0380598c                vexDeviceImuReset
 .text.vexDeviceImuHeadingGet
                0x038059b0       0x24 C:\Program Files (x86)\VEX Robotics\VEXcode Pro V5\sdk/vexv5\libv5rt.a(v5_apijump.c.obj)
                0x038059b0                vexDeviceImuHeadingGet
 .text.vexDeviceImuDegreesGet
                0x038059d4       0x24 C:\Program Files (x86)\VEX Robotics\VEXcode Pro V5\sdk/vexv5\libv5rt.a(v5_apijump.c.obj)
                0x038059d4                vexDeviceImuDegreesGet
 .text.vexDeviceImuStatusGet
                0x038059f8       0x24 C:\Program Files (x86)\VEX Robotics\VEXcode Pro V5\sdk/vexv5\libv5rt.a(v5_apijump.c.obj)
                0x038059f8                vexDeviceImuStatusGet
 .text.vexDeviceAbsEncAngleGet
                0x03805a1c       0x24 C:\Program Files (x86)\VEX Robotics\VEXcode Pro V5\sdk/vexv5\libv5rt.a(v5_apijump.c.obj)
                0x03805a1c                vexDeviceAbsEncAngleGet
 .text.vexDeviceAbsEncReverseFlagSet
                0x03805a40       0x2c C:\Program Files (x86)\VEX Robotics\VEXcode Pro V5\sdk/vexv5\libv5rt.a(v5_apijump.c.obj)
                0x03805a40                vexDeviceAbsEncReverseFlagSet
 .text.vexDisplayForegroundColor
                0x03805a6c       0x24 C:\Program Files (x86)\VEX Robotics\VEXcode Pro V5\sdk/vexv5\libv5rt.a(v5_apijump.c.obj)
                0x03805a6c                vexDisplayForegroundColor
 .text.vexDisplayBackgroundColor
                0x03805a90       0x24 C:\Program Files (x86)\VEX Robotics\VEXcode Pro V5\sdk/vexv5\libv5rt.a(v5_apijump.c.obj)
                0x03805a90                vexDisplayBackgroundColor
 .text.vexDisplayBackgroundColorGet
                0x03805ab4       0x1c C:\Program Files (x86)\VEX Robotics\VEXcode Pro V5\sdk/vexv5\libv5rt.a(v5_apijump.c.obj)
                0x03805ab4                vexDisplayBackgroundColorGet
 .text.vexDisplayRectClear
                0x03805ad0       0x4c C:\Program Files (x86)\VEX Robotics\VEXcode Pro V5\sdk/vexv5\libv5rt.a(v5_apijump.c.obj)
                0x03805ad0                vexDisplayRectClear
 .text.vexDisplayVPrintf
                0x03805b1c       0x50 C:\Program Files (x86)\VEX Robotics\VEXcode Pro V5\sdk/vexv5\libv5rt.a(v5_apijump.c.obj)
                0x03805b1c                vexDisplayVPrintf
 .text.vexDisplayTextReference
                0x03805b6c       0x24 C:\Program Files (x86)\VEX Robotics\VEXcode Pro V5\sdk/vexv5\libv5rt.a(v5_apijump.c.obj)
                0x03805b6c                vexDisplayTextReference
 .text.vexDisplayTextSize
                0x03805b90       0x2c C:\Program Files (x86)\VEX Robotics\VEXcode Pro V5\sdk/vexv5\libv5rt.a(v5_apijump.c.obj)
                0x03805b90                vexDisplayTextSize
 .text.vexDisplayFontNamedSet
                0x03805bbc       0x24 C:\Program Files (x86)\VEX Robotics\VEXcode Pro V5\sdk/vexv5\libv5rt.a(v5_apijump.c.obj)
                0x03805bbc                vexDisplayFontNamedSet
 .text.vexDisplayStringWidthGet
                0x03805be0       0x24 C:\Program Files (x86)\VEX Robotics\VEXcode Pro V5\sdk/vexv5\libv5rt.a(v5_apijump.c.obj)
                0x03805be0                vexDisplayStringWidthGet
 .text.vexSystemStdlibImpureDataAddr
                0x03805c04       0x28 C:\Program Files (x86)\VEX Robotics\VEXcode Pro V5\sdk/vexv5\libv5rt.a(v5_apijump.c.obj)
                0x03805c04                vexSystemStdlibImpureDataAddr
 .text.vexSystemStdlibImpureDataSize
                0x03805c2c       0x28 C:\Program Files (x86)\VEX Robotics\VEXcode Pro V5\sdk/vexv5\libv5rt.a(v5_apijump.c.obj)
                0x03805c2c                vexSystemStdlibImpureDataSize
 .text.vexSystemSaveUserData
                0x03805c54       0x3c C:\Program Files (x86)\VEX Robotics\VEXcode Pro V5\sdk/vexv5\libv5rt.a(v5_apijump.c.obj)
                0x03805c54                vexSystemSaveUserData
 .text.vexTouchDataGet
                0x03805c90       0x10 C:\Program Files (x86)\VEX Robotics\VEXcode Pro V5\sdk/vexv5\libv5rt.a(v5_apijump.c.obj)
                0x03805c90                vexTouchDataGet
 .text.vexDisplayThemeIdGet
                0x03805ca0       0x38 C:\Program Files (x86)\VEX Robotics\VEXcode Pro V5\sdk/vexv5\libv5rt.a(v5_apijump.c.obj)
                0x03805ca0                vexDisplayThemeIdGet
 .text.vexDeviceEventMaskSet
                0x03805cd8       0x48 C:\Program Files (x86)\VEX Robotics\VEXcode Pro V5\sdk/vexv5\libv5rt.a(v5_apijump.c.obj)
                0x03805cd8                vexDeviceEventMaskSet
 .text.vexDeviceEventMaskGet
                0x03805d20       0x3c C:\Program Files (x86)\VEX Robotics\VEXcode Pro V5\sdk/vexv5\libv5rt.a(v5_apijump.c.obj)
                0x03805d20                vexDeviceEventMaskGet
 .text.vexSystemVersion
                0x03805d5c       0x10 C:\Program Files (x86)\VEX Robotics\VEXcode Pro V5\sdk/vexv5\libv5rt.a(v5_apiversions.c.obj)
                0x03805d5c                vexSystemVersion
 .text.vexStdlibVersion
                0x03805d6c       0x10 C:\Program Files (x86)\VEX Robotics\VEXcode Pro V5\sdk/vexv5\libv5rt.a(v5_apiversions.c.obj)
                0x03805d6c                vexStdlibVersion
 *fill*         0x03805d7c        0x4 
 .text._ZN3vex4waitEdNS_9timeUnitsE
                0x03805d80       0x30 C:\Program Files (x86)\VEX Robotics\VEXcode Pro V5\sdk/vexv5\libv5rt.a(vex_global.cpp.obj)
                0x03805d80                vex::wait(double, vex::timeUnits)
 .text._ZN3vex5motorD2Ev
                0x03805db0       0x20 C:\Program Files (x86)\VEX Robotics\VEXcode Pro V5\sdk/vexv5\libv5rt.a(vex_motor.cpp.obj)
                0x03805db0                vex::motor::~motor()
                0x03805db0                vex::motor::~motor()
 .text._ZN3vex5motorD0Ev
                0x03805dd0       0x1c C:\Program Files (x86)\VEX Robotics\VEXcode Pro V5\sdk/vexv5\libv5rt.a(vex_motor.cpp.obj)
                0x03805dd0                vex::motor::~motor()
 .text._ZN3vex5motor9installedEv
                0x03805dec       0x18 C:\Program Files (x86)\VEX Robotics\VEXcode Pro V5\sdk/vexv5\libv5rt.a(vex_motor.cpp.obj)
                0x03805dec                vex::motor::installed()
 .text._ZN3vex5motor15defaultStoppingENS_9brakeTypeE
                0x03805e04       0x30 C:\Program Files (x86)\VEX Robotics\VEXcode Pro V5\sdk/vexv5\libv5rt.a(vex_motor.cpp.obj)
                0x03805e04                vex::motor::defaultStopping(vex::brakeType)
 .text._ZN3vex5motor8setBrakeENS_9brakeTypeE
                0x03805e34        0x4 C:\Program Files (x86)\VEX Robotics\VEXcode Pro V5\sdk/vexv5\libv5rt.a(vex_motor.cpp.obj)
                0x03805e34                vex::motor::setBrake(vex::brakeType)
 .text._ZN3vex5motorC2El
                0x03805e38       0x78 C:\Program Files (x86)\VEX Robotics\VEXcode Pro V5\sdk/vexv5\libv5rt.a(vex_motor.cpp.obj)
                0x03805e38                vex::motor::motor(long)
                0x03805e38                vex::motor::motor(long)
 .text._ZN3vex5motorC2ElNS_11gearSettingEb
                0x03805eb0       0x34 C:\Program Files (x86)\VEX Robotics\VEXcode Pro V5\sdk/vexv5\libv5rt.a(vex_motor.cpp.obj)
                0x03805eb0                vex::motor::motor(long, vex::gearSetting, bool)
                0x03805eb0                vex::motor::motor(long, vex::gearSetting, bool)
 .text._ZN3vex5motorC2Elb
                0x03805ee4       0x24 C:\Program Files (x86)\VEX Robotics\VEXcode Pro V5\sdk/vexv5\libv5rt.a(vex_motor.cpp.obj)
                0x03805ee4                vex::motor::motor(long, bool)
                0x03805ee4                vex::motor::motor(long, bool)
 .text._ZN3vex5motor4spinENS_13directionTypeEdNS_12voltageUnitsE
                0x03805f08       0x50 C:\Program Files (x86)\VEX Robotics\VEXcode Pro V5\sdk/vexv5\libv5rt.a(vex_motor.cpp.obj)
                0x03805f08                vex::motor::spin(vex::directionType, double, vex::voltageUnits)
 .text._ZN3vex5motor4stopENS_9brakeTypeE
                0x03805f58       0x30 C:\Program Files (x86)\VEX Robotics\VEXcode Pro V5\sdk/vexv5\libv5rt.a(vex_motor.cpp.obj)
                0x03805f58                vex::motor::stop(vex::brakeType)
 .text._ZN3vex5motor4stopEv
                0x03805f88        0x8 C:\Program Files (x86)\VEX Robotics\VEXcode Pro V5\sdk/vexv5\libv5rt.a(vex_motor.cpp.obj)
                0x03805f88                vex::motor::stop()
 .text._ZN3vex5motor12setMaxTorqueEdNS_12percentUnitsE
                0x03805f90       0x88 C:\Program Files (x86)\VEX Robotics\VEXcode Pro V5\sdk/vexv5\libv5rt.a(vex_motor.cpp.obj)
                0x03805f90                vex::motor::setMaxTorque(double, vex::percentUnits)
 .text._ZN3vex5motor16velocityToScaledEdNS_13velocityUnitsE
                0x03806018       0x5c C:\Program Files (x86)\VEX Robotics\VEXcode Pro V5\sdk/vexv5\libv5rt.a(vex_motor.cpp.obj)
                0x03806018                vex::motor::velocityToScaled(double, vex::velocityUnits)
 .text._ZN3vex5motor8velocityENS_13velocityUnitsE
                0x03806074       0x30 C:\Program Files (x86)\VEX Robotics\VEXcode Pro V5\sdk/vexv5\libv5rt.a(vex_motor.cpp.obj)
                0x03806074                vex::motor::velocity(vex::velocityUnits)
 .text._ZN3vex5motor5valueEv
                0x038060a4       0x1c C:\Program Files (x86)\VEX Robotics\VEXcode Pro V5\sdk/vexv5\libv5rt.a(vex_motor.cpp.obj)
                0x038060a4                vex::motor::value()
 .text._ZN3vex5motor16scaledToVelocityEdNS_13velocityUnitsE
                0x038060c0       0xa4 C:\Program Files (x86)\VEX Robotics\VEXcode Pro V5\sdk/vexv5\libv5rt.a(vex_motor.cpp.obj)
                0x038060c0                vex::motor::scaledToVelocity(double, vex::velocityUnits)
 .text._ZN3vex5motor4spinENS_13directionTypeEdNS_13velocityUnitsE
                0x03806164       0x5c C:\Program Files (x86)\VEX Robotics\VEXcode Pro V5\sdk/vexv5\libv5rt.a(vex_motor.cpp.obj)
                0x03806164                vex::motor::spin(vex::directionType, double, vex::velocityUnits)
 .text._ZN3vex5motor4spinENS_13directionTypeE
                0x038061c0       0x28 C:\Program Files (x86)\VEX Robotics\VEXcode Pro V5\sdk/vexv5\libv5rt.a(vex_motor.cpp.obj)
                0x038061c0                vex::motor::spin(vex::directionType)
 .text._ZN3vex5motor11setVelocityEdNS_13velocityUnitsE
                0x038061e8       0x54 C:\Program Files (x86)\VEX Robotics\VEXcode Pro V5\sdk/vexv5\libv5rt.a(vex_motor.cpp.obj)
                0x038061e8                vex::motor::setVelocity(double, vex::velocityUnits)
 .text._ZN3vex5motor16setRotationUnitsENS_13rotationUnitsE
                0x0380623c       0x1c C:\Program Files (x86)\VEX Robotics\VEXcode Pro V5\sdk/vexv5\libv5rt.a(vex_motor.cpp.obj)
                0x0380623c                vex::motor::setRotationUnits(vex::rotationUnits)
 .text._ZN3vex5motor8positionENS_13rotationUnitsE
                0x03806258       0x44 C:\Program Files (x86)\VEX Robotics\VEXcode Pro V5\sdk/vexv5\libv5rt.a(vex_motor.cpp.obj)
                0x03806258                vex::motor::position(vex::rotationUnits)
 .text._ZN3vex8inertial11getTurnTypeEv
                0x0380629c        0x8 C:\Program Files (x86)\VEX Robotics\VEXcode Pro V5\sdk/vexv5\libv5rt.a(vex_imu.cpp.obj)
                0x0380629c                vex::inertial::getTurnType()
 .text._ZThn16_N3vex8inertial11getTurnTypeEv
                0x038062a4        0x8 C:\Program Files (x86)\VEX Robotics\VEXcode Pro V5\sdk/vexv5\libv5rt.a(vex_imu.cpp.obj)
                0x038062a4                non-virtual thunk to vex::inertial::getTurnType()
 *fill*         0x038062ac        0x4 
 .text._ZN3vex8inertial10setHeadingEdNS_13rotationUnitsE
                0x038062b0       0x58 C:\Program Files (x86)\VEX Robotics\VEXcode Pro V5\sdk/vexv5\libv5rt.a(vex_imu.cpp.obj)
                0x038062b0                vex::inertial::setHeading(double, vex::rotationUnits)
 .text._ZThn16_N3vex8inertial10setHeadingEdNS_13rotationUnitsE
                0x03806308        0x8 C:\Program Files (x86)\VEX Robotics\VEXcode Pro V5\sdk/vexv5\libv5rt.a(vex_imu.cpp.obj)
                0x03806308                non-virtual thunk to vex::inertial::setHeading(double, vex::rotationUnits)
 .text._ZN3vex8inertial11setRotationEdNS_13rotationUnitsE
                0x03806310       0x58 C:\Program Files (x86)\VEX Robotics\VEXcode Pro V5\sdk/vexv5\libv5rt.a(vex_imu.cpp.obj)
                0x03806310                vex::inertial::setRotation(double, vex::rotationUnits)
 .text._ZThn16_N3vex8inertial11setRotationEdNS_13rotationUnitsE
                0x03806368        0x8 C:\Program Files (x86)\VEX Robotics\VEXcode Pro V5\sdk/vexv5\libv5rt.a(vex_imu.cpp.obj)
                0x03806368                non-virtual thunk to vex::inertial::setRotation(double, vex::rotationUnits)
 .text._ZN3vex8inertialD2Ev
                0x03806370       0x20 C:\Program Files (x86)\VEX Robotics\VEXcode Pro V5\sdk/vexv5\libv5rt.a(vex_imu.cpp.obj)
                0x03806370                vex::inertial::~inertial()
                0x03806370                vex::inertial::~inertial()
 .text._ZThn16_N3vex8inertialD1Ev
                0x03806390        0x8 C:\Program Files (x86)\VEX Robotics\VEXcode Pro V5\sdk/vexv5\libv5rt.a(vex_imu.cpp.obj)
                0x03806390                non-virtual thunk to vex::inertial::~inertial()
 .text._ZN3vex8inertialD0Ev
                0x03806398       0x1c C:\Program Files (x86)\VEX Robotics\VEXcode Pro V5\sdk/vexv5\libv5rt.a(vex_imu.cpp.obj)
                0x03806398                vex::inertial::~inertial()
 .text._ZThn16_N3vex8inertialD0Ev
                0x038063b4        0x8 C:\Program Files (x86)\VEX Robotics\VEXcode Pro V5\sdk/vexv5\libv5rt.a(vex_imu.cpp.obj)
                0x038063b4                non-virtual thunk to vex::inertial::~inertial()
 .text._ZN3vex8inertial9installedEv
                0x038063bc       0x18 C:\Program Files (x86)\VEX Robotics\VEXcode Pro V5\sdk/vexv5\libv5rt.a(vex_imu.cpp.obj)
                0x038063bc                vex::inertial::installed()
 .text._ZN3vex8inertial5angleENS_13rotationUnitsE
                0x038063d4       0x6c C:\Program Files (x86)\VEX Robotics\VEXcode Pro V5\sdk/vexv5\libv5rt.a(vex_imu.cpp.obj)
                0x038063d4                vex::inertial::angle(vex::rotationUnits)
 .text._ZThn16_N3vex8inertial5angleENS_13rotationUnitsE
                0x03806440        0x8 C:\Program Files (x86)\VEX Robotics\VEXcode Pro V5\sdk/vexv5\libv5rt.a(vex_imu.cpp.obj)
                0x03806440                non-virtual thunk to vex::inertial::angle(vex::rotationUnits)
 .text._ZN3vex8inertial7headingENS_13rotationUnitsE
                0x03806448        0x4 C:\Program Files (x86)\VEX Robotics\VEXcode Pro V5\sdk/vexv5\libv5rt.a(vex_imu.cpp.obj)
                0x03806448                vex::inertial::heading(vex::rotationUnits)
 .text._ZThn16_N3vex8inertial7headingENS_13rotationUnitsE
                0x0380644c        0x8 C:\Program Files (x86)\VEX Robotics\VEXcode Pro V5\sdk/vexv5\libv5rt.a(vex_imu.cpp.obj)
                0x0380644c                non-virtual thunk to vex::inertial::heading(vex::rotationUnits)
 .text._ZN3vex8inertial5valueEv
                0x03806454       0x1c C:\Program Files (x86)\VEX Robotics\VEXcode Pro V5\sdk/vexv5\libv5rt.a(vex_imu.cpp.obj)
                0x03806454                vex::inertial::value()
 .text._ZN3vex8inertial8rotationENS_13rotationUnitsE
                0x03806470       0x48 C:\Program Files (x86)\VEX Robotics\VEXcode Pro V5\sdk/vexv5\libv5rt.a(vex_imu.cpp.obj)
                0x03806470                vex::inertial::rotation(vex::rotationUnits)
 .text._ZThn16_N3vex8inertial8rotationENS_13rotationUnitsE
                0x038064b8        0x8 C:\Program Files (x86)\VEX Robotics\VEXcode Pro V5\sdk/vexv5\libv5rt.a(vex_imu.cpp.obj)
                0x038064b8                non-virtual thunk to vex::inertial::rotation(vex::rotationUnits)
 .text._ZN3vex8inertial13isCalibratingEv
                0x038064c0       0x38 C:\Program Files (x86)\VEX Robotics\VEXcode Pro V5\sdk/vexv5\libv5rt.a(vex_imu.cpp.obj)
                0x038064c0                vex::inertial::isCalibrating()
 .text._ZThn16_N3vex8inertial13isCalibratingEv
                0x038064f8        0x8 C:\Program Files (x86)\VEX Robotics\VEXcode Pro V5\sdk/vexv5\libv5rt.a(vex_imu.cpp.obj)
                0x038064f8                non-virtual thunk to vex::inertial::isCalibrating()
 .text._ZN3vex8inertialC2ElNS_8turnTypeE
                0x03806500       0x4c C:\Program Files (x86)\VEX Robotics\VEXcode Pro V5\sdk/vexv5\libv5rt.a(vex_imu.cpp.obj)
                0x03806500                vex::inertial::inertial(long, vex::turnType)
                0x03806500                vex::inertial::inertial(long, vex::turnType)
 .text._ZN3vex8inertial16startCalibrationEl
                0x0380654c       0x20 C:\Program Files (x86)\VEX Robotics\VEXcode Pro V5\sdk/vexv5\libv5rt.a(vex_imu.cpp.obj)
                0x0380654c                vex::inertial::startCalibration(long)
 .text._ZN3vex8inertial9calibrateEl
                0x0380656c        0xc C:\Program Files (x86)\VEX Robotics\VEXcode Pro V5\sdk/vexv5\libv5rt.a(vex_imu.cpp.obj)
                0x0380656c                vex::inertial::calibrate(long)
                0x03806570                non-virtual thunk to vex::inertial::calibrate(long)
 .text._ZN3vex8rotationD2Ev
                0x03806578       0x20 C:\Program Files (x86)\VEX Robotics\VEXcode Pro V5\sdk/vexv5\libv5rt.a(vex_rotation.cpp.obj)
                0x03806578                vex::rotation::~rotation()
                0x03806578                vex::rotation::~rotation()
 .text._ZN3vex8rotationD0Ev
                0x03806598       0x1c C:\Program Files (x86)\VEX Robotics\VEXcode Pro V5\sdk/vexv5\libv5rt.a(vex_rotation.cpp.obj)
                0x03806598                vex::rotation::~rotation()
 .text._ZN3vex8rotation9installedEv
                0x038065b4       0x18 C:\Program Files (x86)\VEX Robotics\VEXcode Pro V5\sdk/vexv5\libv5rt.a(vex_rotation.cpp.obj)
                0x038065b4                vex::rotation::installed()
 .text._ZN3vex8rotation5valueEv
                0x038065cc        0x8 C:\Program Files (x86)\VEX Robotics\VEXcode Pro V5\sdk/vexv5\libv5rt.a(vex_rotation.cpp.obj)
                0x038065cc                vex::rotation::value()
 .text._ZN3vex8rotationC2Elb
                0x038065d4       0x30 C:\Program Files (x86)\VEX Robotics\VEXcode Pro V5\sdk/vexv5\libv5rt.a(vex_rotation.cpp.obj)
                0x038065d4                vex::rotation::rotation(long, bool)
                0x038065d4                vex::rotation::rotation(long, bool)
 .text._ZN3vex10controllerD2Ev
                0x03806604        0x4 C:\Program Files (x86)\VEX Robotics\VEXcode Pro V5\sdk/vexv5\libv5rt.a(vex_controller.cpp.obj)
                0x03806604                vex::controller::~controller()
                0x03806604                vex::controller::~controller()
 .text._ZN3vex10controller5valueE19_V5_ControllerIndex
                0x03806608        0x8 C:\Program Files (x86)\VEX Robotics\VEXcode Pro V5\sdk/vexv5\libv5rt.a(vex_controller.cpp.obj)
                0x03806608                vex::controller::value(_V5_ControllerIndex)
 .text._ZNK3vex10controller6button8pressingEv
                0x03806610       0xc8 C:\Program Files (x86)\VEX Robotics\VEXcode Pro V5\sdk/vexv5\libv5rt.a(vex_controller.cpp.obj)
                0x03806610                vex::controller::button::pressing() const
 .text._ZNK3vex10controller6button7pressedEPFvvE
                0x038066d8      0x108 C:\Program Files (x86)\VEX Robotics\VEXcode Pro V5\sdk/vexv5\libv5rt.a(vex_controller.cpp.obj)
                0x038066d8                vex::controller::button::pressed(void (*)()) const
 .text._ZNK3vex10controller6button21_buttonToPressedEventEv
                0x038067e0       0x20 C:\Program Files (x86)\VEX Robotics\VEXcode Pro V5\sdk/vexv5\libv5rt.a(vex_controller.cpp.obj)
                0x038067e0                vex::controller::button::_buttonToPressedEvent() const
 .text._ZNK3vex10controller6button22_buttonToReleasedEventEv
                0x03806800       0x20 C:\Program Files (x86)\VEX Robotics\VEXcode Pro V5\sdk/vexv5\libv5rt.a(vex_controller.cpp.obj)
                0x03806800                vex::controller::button::_buttonToReleasedEvent() const
 .text._ZN3vex10controller6buttonC2ENS0_11tButtonTypeEPS0_
                0x03806820       0x48 C:\Program Files (x86)\VEX Robotics\VEXcode Pro V5\sdk/vexv5\libv5rt.a(vex_controller.cpp.obj)
                0x03806820                vex::controller::button::button(vex::controller::tButtonType, vex::controller*)
                0x03806820                vex::controller::button::button(vex::controller::tButtonType, vex::controller*)
 .text._ZNK3vex10controller4axis5valueEv
                0x03806868       0x58 C:\Program Files (x86)\VEX Robotics\VEXcode Pro V5\sdk/vexv5\libv5rt.a(vex_controller.cpp.obj)
                0x03806868                vex::controller::axis::value() const
 .text._ZNK3vex10controller4axis23_joystickToChangedEventEv
                0x038068c0       0x20 C:\Program Files (x86)\VEX Robotics\VEXcode Pro V5\sdk/vexv5\libv5rt.a(vex_controller.cpp.obj)
                0x038068c0                vex::controller::axis::_joystickToChangedEvent() const
 .text._ZN3vex10controller4axisC2ENS0_9tAxisTypeEPS0_
                0x038068e0       0x2c C:\Program Files (x86)\VEX Robotics\VEXcode Pro V5\sdk/vexv5\libv5rt.a(vex_controller.cpp.obj)
                0x038068e0                vex::controller::axis::axis(vex::controller::tAxisType, vex::controller*)
                0x038068e0                vex::controller::axis::axis(vex::controller::tAxisType, vex::controller*)
 .text._ZN3vex10controllerC2ENS_14controllerTypeE
                0x0380690c      0x16c C:\Program Files (x86)\VEX Robotics\VEXcode Pro V5\sdk/vexv5\libv5rt.a(vex_controller.cpp.obj)
                0x0380690c                vex::controller::controller(vex::controllerType)
                0x0380690c                vex::controller::controller(vex::controllerType)
 .text._ZN3vex10controller3lcd15getControllerIdEv
                0x03806a78       0x10 C:\Program Files (x86)\VEX Robotics\VEXcode Pro V5\sdk/vexv5\libv5rt.a(vex_controller.cpp.obj)
                0x03806a78                vex::controller::lcd::getControllerId()
 .text._ZN3vex10controller3lcd5printEPKcz
                0x03806a88       0x80 C:\Program Files (x86)\VEX Robotics\VEXcode Pro V5\sdk/vexv5\libv5rt.a(vex_controller.cpp.obj)
                0x03806a88                vex::controller::lcd::print(char const*, ...)
 .text._ZN3vex10controller3lcd9clearLineEi
                0x03806b08       0x80 C:\Program Files (x86)\VEX Robotics\VEXcode Pro V5\sdk/vexv5\libv5rt.a(vex_controller.cpp.obj)
                0x03806b08                vex::controller::lcd::clearLine(int)
 .text._ZN3vex10controller3lcd9clearLineEv
                0x03806b88        0x8 C:\Program Files (x86)\VEX Robotics\VEXcode Pro V5\sdk/vexv5\libv5rt.a(vex_controller.cpp.obj)
                0x03806b88                vex::controller::lcd::clearLine()
 .text._ZN3vex10controller3lcd7newLineEv
                0x03806b90       0x20 C:\Program Files (x86)\VEX Robotics\VEXcode Pro V5\sdk/vexv5\libv5rt.a(vex_controller.cpp.obj)
                0x03806b90                vex::controller::lcd::newLine()
 .text._ZN3vex4taskC2Ev
                0x03806bb0       0x28 C:\Program Files (x86)\VEX Robotics\VEXcode Pro V5\sdk/vexv5\libv5rt.a(vex_task.cpp.obj)
                0x03806bb0                vex::task::task()
                0x03806bb0                vex::task::task()
 .text._ZN3vex4taskC2EPFivE
                0x03806bd8       0x5c C:\Program Files (x86)\VEX Robotics\VEXcode Pro V5\sdk/vexv5\libv5rt.a(vex_task.cpp.obj)
                0x03806bd8                vex::task::task(int (*)())
                0x03806bd8                vex::task::task(int (*)())
 .text._ZN3vex4taskD2Ev
                0x03806c34        0x4 C:\Program Files (x86)\VEX Robotics\VEXcode Pro V5\sdk/vexv5\libv5rt.a(vex_task.cpp.obj)
                0x03806c34                vex::task::~task()
                0x03806c34                vex::task::~task()
 .text._ZN3vex4task4stopEPvi
                0x03806c38       0x1c C:\Program Files (x86)\VEX Robotics\VEXcode Pro V5\sdk/vexv5\libv5rt.a(vex_task.cpp.obj)
                0x03806c38                vex::task::stop(void*, int)
 .text._ZN3vex4task5sleepEm
                0x03806c54        0x4 C:\Program Files (x86)\VEX Robotics\VEXcode Pro V5\sdk/vexv5\libv5rt.a(vex_task.cpp.obj)
                0x03806c54                vex::task::sleep(unsigned long)
 .text._ZN3vex4task6_indexEPFivE
                0x03806c58       0x14 C:\Program Files (x86)\VEX Robotics\VEXcode Pro V5\sdk/vexv5\libv5rt.a(vex_task.cpp.obj)
                0x03806c58                vex::task::_index(int (*)())
 .text._ZN3vex4task8_stopAllEv
                0x03806c6c       0x3c C:\Program Files (x86)\VEX Robotics\VEXcode Pro V5\sdk/vexv5\libv5rt.a(vex_task.cpp.obj)
                0x03806c6c                vex::task::_stopAll()
 .text._ZN3vex11this_thread9sleep_forEm
                0x03806ca8        0x4 C:\Program Files (x86)\VEX Robotics\VEXcode Pro V5\sdk/vexv5\libv5rt.a(vex_thread.cpp.obj)
                0x03806ca8                vex::this_thread::sleep_for(unsigned long)
 .text._ZN3vex5event4initEmmPFvvE
                0x03806cac        0x4 C:\Program Files (x86)\VEX Robotics\VEXcode Pro V5\sdk/vexv5\libv5rt.a(vex_event.cpp.obj)
                0x03806cac                vex::event::init(unsigned long, unsigned long, void (*)())
 .text._ZN3vex5event4initEmmPFvPvES1_
                0x03806cb0        0x4 C:\Program Files (x86)\VEX Robotics\VEXcode Pro V5\sdk/vexv5\libv5rt.a(vex_event.cpp.obj)
                0x03806cb0                vex::event::init(unsigned long, unsigned long, void (*)(void*), void*)
 .text._ZN3vex5event9userindexEv
                0x03806cb4        0x4 C:\Program Files (x86)\VEX Robotics\VEXcode Pro V5\sdk/vexv5\libv5rt.a(vex_event.cpp.obj)
                0x03806cb4                vex::event::userindex()
 .text._ZZN3vex6meventC4EmmENUlvE_4_FUNEv
                0x03806cb8        0x4 C:\Program Files (x86)\VEX Robotics\VEXcode Pro V5\sdk/vexv5\libv5rt.a(vex_mevent.cpp.obj)
 .text._ZN3vex6meventC2Emm
                0x03806cbc       0x70 C:\Program Files (x86)\VEX Robotics\VEXcode Pro V5\sdk/vexv5\libv5rt.a(vex_mevent.cpp.obj)
                0x03806cbc                vex::mevent::mevent(unsigned long, unsigned long)
                0x03806cbc                vex::mevent::mevent(unsigned long, unsigned long)
 .text._ZN3vex5brain9_getIndexEv
                0x03806d2c       0x10 C:\Program Files (x86)\VEX Robotics\VEXcode Pro V5\sdk/vexv5\libv5rt.a(vex_brain.cpp.obj)
                0x03806d2c                vex::brain::_getIndex()
 .text._ZN3vex5brain3lcd9setCursorEll
                0x03806d3c       0x44 C:\Program Files (x86)\VEX Robotics\VEXcode Pro V5\sdk/vexv5\libv5rt.a(vex_brain.cpp.obj)
                0x03806d3c                vex::brain::lcd::setCursor(long, long)
 .text._ZN3vex5brain3lcd7setFontENS_8fontTypeE
                0x03806d80      0x23c C:\Program Files (x86)\VEX Robotics\VEXcode Pro V5\sdk/vexv5\libv5rt.a(vex_brain.cpp.obj)
                0x03806d80                vex::brain::lcd::setFont(vex::fontType)
 .text._ZN3vex5brain3lcdC2Ev
                0x03806fbc       0x94 C:\Program Files (x86)\VEX Robotics\VEXcode Pro V5\sdk/vexv5\libv5rt.a(vex_brain.cpp.obj)
                0x03806fbc                vex::brain::lcd::lcd()
                0x03806fbc                vex::brain::lcd::lcd()
 .text._ZN3vex5brainC2Ev
                0x03807050       0x3c C:\Program Files (x86)\VEX Robotics\VEXcode Pro V5\sdk/vexv5\libv5rt.a(vex_brain.cpp.obj)
                0x03807050                vex::brain::brain()
                0x03807050                vex::brain::brain()
 .text._ZN3vex5brain3lcd7printAtEllPKcz
                0x0380708c       0x54 C:\Program Files (x86)\VEX Robotics\VEXcode Pro V5\sdk/vexv5\libv5rt.a(vex_brain.cpp.obj)
                0x0380708c                vex::brain::lcd::printAt(long, long, char const*, ...)
 .text._ZN3vex5brain3lcd12_clearScreenEm
                0x038070e0       0x38 C:\Program Files (x86)\VEX Robotics\VEXcode Pro V5\sdk/vexv5\libv5rt.a(vex_brain.cpp.obj)
                0x038070e0                vex::brain::lcd::_clearScreen(unsigned long)
 .text._ZN3vex5brain3lcd11clearScreenERKNS_5colorE
                0x03807118       0x20 C:\Program Files (x86)\VEX Robotics\VEXcode Pro V5\sdk/vexv5\libv5rt.a(vex_brain.cpp.obj)
                0x03807118                vex::brain::lcd::clearScreen(vex::color const&)
 .text._ZN3vex5brain3lcd11clearScreenEv
                0x03807138       0x2c C:\Program Files (x86)\VEX Robotics\VEXcode Pro V5\sdk/vexv5\libv5rt.a(vex_brain.cpp.obj)
                0x03807138                vex::brain::lcd::clearScreen()
 .text._ZN3vex5brain3lcd7newLineEv
                0x03807164       0x20 C:\Program Files (x86)\VEX Robotics\VEXcode Pro V5\sdk/vexv5\libv5rt.a(vex_brain.cpp.obj)
                0x03807164                vex::brain::lcd::newLine()
 .text._ZN3vex5brain3lcd8pressingEv
                0x03807184       0x20 C:\Program Files (x86)\VEX Robotics\VEXcode Pro V5\sdk/vexv5\libv5rt.a(vex_brain.cpp.obj)
                0x03807184                vex::brain::lcd::pressing()
 .text._ZN3vex5brain3lcd10rowToPixelEl
                0x038071a4       0x34 C:\Program Files (x86)\VEX Robotics\VEXcode Pro V5\sdk/vexv5\libv5rt.a(vex_brain.cpp.obj)
                0x038071a4                vex::brain::lcd::rowToPixel(long)
 .text._ZN3vex5brain3lcd5printEPKcz
                0x038071d8       0xb8 C:\Program Files (x86)\VEX Robotics\VEXcode Pro V5\sdk/vexv5\libv5rt.a(vex_brain.cpp.obj)
                0x038071d8                vex::brain::lcd::print(char const*, ...)
 .text._ZN3vex5brainD2Ev
                0x03807290       0x20 C:\Program Files (x86)\VEX Robotics\VEXcode Pro V5\sdk/vexv5\libv5rt.a(vex_brain.cpp.obj)
                0x03807290                vex::brain::~brain()
                0x03807290                vex::brain::~brain()
 .text._ZN3vex11competition8_disableEPv
                0x038072b0       0xa4 C:\Program Files (x86)\VEX Robotics\VEXcode Pro V5\sdk/vexv5\libv5rt.a(vex_competition.cpp.obj)
                0x038072b0                vex::competition::_disable(void*)
 .text._ZN3vex11competition11_autonomousEv
                0x03807354       0x80 C:\Program Files (x86)\VEX Robotics\VEXcode Pro V5\sdk/vexv5\libv5rt.a(vex_competition.cpp.obj)
                0x03807354                vex::competition::_autonomous()
 .text._ZN3vex11competition14_drivercontrolEv
                0x038073d4       0x80 C:\Program Files (x86)\VEX Robotics\VEXcode Pro V5\sdk/vexv5\libv5rt.a(vex_competition.cpp.obj)
                0x038073d4                vex::competition::_drivercontrol()
 .text._ZN3vex11competitionC2Ev
                0x03807454      0x13c C:\Program Files (x86)\VEX Robotics\VEXcode Pro V5\sdk/vexv5\libv5rt.a(vex_competition.cpp.obj)
                0x03807454                vex::competition::competition()
                0x03807454                vex::competition::competition()
 .text._ZN3vex11competitionD2Ev
                0x03807590        0x4 C:\Program Files (x86)\VEX Robotics\VEXcode Pro V5\sdk/vexv5\libv5rt.a(vex_competition.cpp.obj)
                0x03807590                vex::competition::~competition()
                0x03807590                vex::competition::~competition()
 .text._ZN3vex11competition10autonomousEPFvvE
                0x03807594       0x44 C:\Program Files (x86)\VEX Robotics\VEXcode Pro V5\sdk/vexv5\libv5rt.a(vex_competition.cpp.obj)
                0x03807594                vex::competition::autonomous(void (*)())
 .text._ZN3vex11competition13drivercontrolEPFvvE
                0x038075d8       0x44 C:\Program Files (x86)\VEX Robotics\VEXcode Pro V5\sdk/vexv5\libv5rt.a(vex_competition.cpp.obj)
                0x038075d8                vex::competition::drivercontrol(void (*)())
 .text._ZN3vex7triportD2Ev
                0x0380761c       0x38 C:\Program Files (x86)\VEX Robotics\VEXcode Pro V5\sdk/vexv5\libv5rt.a(vex_triport.cpp.obj)
                0x0380761c                vex::triport::~triport()
                0x0380761c                vex::triport::~triport()
 .text._ZN3vex7triportD0Ev
                0x03807654       0x1c C:\Program Files (x86)\VEX Robotics\VEXcode Pro V5\sdk/vexv5\libv5rt.a(vex_triport.cpp.obj)
                0x03807654                vex::triport::~triport()
 .text._ZN3vex7triport9installedEv
                0x03807670       0x18 C:\Program Files (x86)\VEX Robotics\VEXcode Pro V5\sdk/vexv5\libv5rt.a(vex_triport.cpp.obj)
                0x03807670                vex::triport::installed()
 .text._ZN3vex7triport4portC2ElPS0_
                0x03807688       0x74 C:\Program Files (x86)\VEX Robotics\VEXcode Pro V5\sdk/vexv5\libv5rt.a(vex_triport.cpp.obj)
                0x03807688                vex::triport::port::port(long, vex::triport*)
                0x03807688                vex::triport::port::port(long, vex::triport*)
 .text._ZN3vex7triportC2El
                0x038076fc       0xf0 C:\Program Files (x86)\VEX Robotics\VEXcode Pro V5\sdk/vexv5\libv5rt.a(vex_triport.cpp.obj)
                0x038076fc                vex::triport::triport(long)
                0x038076fc                vex::triport::triport(long)
 .text._ZN3vex7triport4port4typeENS_11triportTypeE
                0x038077ec       0x30 C:\Program Files (x86)\VEX Robotics\VEXcode Pro V5\sdk/vexv5\libv5rt.a(vex_triport.cpp.obj)
                0x038077ec                vex::triport::port::type(vex::triportType)
 .text._ZN3vex7triport4port4typeEv
                0x0380781c       0x38 C:\Program Files (x86)\VEX Robotics\VEXcode Pro V5\sdk/vexv5\libv5rt.a(vex_triport.cpp.obj)
                0x0380781c                vex::triport::port::type()
 .text._ZN3vex7triport4port5valueEv
                0x03807854       0x14 C:\Program Files (x86)\VEX Robotics\VEXcode Pro V5\sdk/vexv5\libv5rt.a(vex_triport.cpp.obj)
                0x03807854                vex::triport::port::value()
 .text._ZN3vex7triport4port5valueEl
                0x03807868       0x18 C:\Program Files (x86)\VEX Robotics\VEXcode Pro V5\sdk/vexv5\libv5rt.a(vex_triport.cpp.obj)
                0x03807868                vex::triport::port::value(long)
 .text._ZN3vex7triport4port14_convertAnalogENS_11analogUnitsE
                0x03807880       0x58 C:\Program Files (x86)\VEX Robotics\VEXcode Pro V5\sdk/vexv5\libv5rt.a(vex_triport.cpp.obj)
                0x03807880                vex::triport::port::_convertAnalog(vex::analogUnits)
 .text._ZN3vex11__trideviceC2ERNS_7triport4portENS_11triportTypeE
                0x038078d8       0x5c C:\Program Files (x86)\VEX Robotics\VEXcode Pro V5\sdk/vexv5\libv5rt.a(vex_triport.cpp.obj)
                0x038078d8                vex::__tridevice::__tridevice(vex::triport::port&, vex::triportType)
                0x038078d8                vex::__tridevice::__tridevice(vex::triport::port&, vex::triportType)
 .text._ZN3vex11__tridevice14_convertAnalogENS_11analogUnitsE
                0x03807934        0x8 C:\Program Files (x86)\VEX Robotics\VEXcode Pro V5\sdk/vexv5\libv5rt.a(vex_triport.cpp.obj)
                0x03807934                vex::__tridevice::_convertAnalog(vex::analogUnits)
 .text._ZN3vex11digital_outC2ERNS_7triport4portE
                0x0380793c       0x18 C:\Program Files (x86)\VEX Robotics\VEXcode Pro V5\sdk/vexv5\libv5rt.a(vex_triport.cpp.obj)
                0x0380793c                vex::digital_out::digital_out(vex::triport::port&)
                0x0380793c                vex::digital_out::digital_out(vex::triport::port&)
 .text._ZN3vex11digital_outD2Ev
                0x03807954        0x4 C:\Program Files (x86)\VEX Robotics\VEXcode Pro V5\sdk/vexv5\libv5rt.a(vex_triport.cpp.obj)
                0x03807954                vex::digital_out::~digital_out()
                0x03807954                vex::digital_out::~digital_out()
 .text._ZN3vex11digital_out5valueEv
                0x03807958        0x8 C:\Program Files (x86)\VEX Robotics\VEXcode Pro V5\sdk/vexv5\libv5rt.a(vex_triport.cpp.obj)
                0x03807958                vex::digital_out::value()
 .text._ZN3vex11digital_out3setEb
                0x03807960        0x8 C:\Program Files (x86)\VEX Robotics\VEXcode Pro V5\sdk/vexv5\libv5rt.a(vex_triport.cpp.obj)
                0x03807960                vex::digital_out::set(bool)
 .text._ZN3vex3potC2ERNS_7triport4portE
                0x03807968       0x20 C:\Program Files (x86)\VEX Robotics\VEXcode Pro V5\sdk/vexv5\libv5rt.a(vex_triport.cpp.obj)
                0x03807968                vex::pot::pot(vex::triport::port&)
                0x03807968                vex::pot::pot(vex::triport::port&)
 .text._ZN3vex3potD2Ev
                0x03807988        0x4 C:\Program Files (x86)\VEX Robotics\VEXcode Pro V5\sdk/vexv5\libv5rt.a(vex_triport.cpp.obj)
                0x03807988                vex::pot::~pot()
                0x03807988                vex::pot::~pot()
 *fill*         0x0380798c        0x4 
 .text._ZN3vex3pot5valueENS_13rotationUnitsE
                0x03807990       0x60 C:\Program Files (x86)\VEX Robotics\VEXcode Pro V5\sdk/vexv5\libv5rt.a(vex_triport.cpp.obj)
                0x03807990                vex::pot::value(vex::rotationUnits)
 .text._ZN3vex7encoderC2ERNS_7triport4portE
                0x038079f0       0x20 C:\Program Files (x86)\VEX Robotics\VEXcode Pro V5\sdk/vexv5\libv5rt.a(vex_triport.cpp.obj)
                0x038079f0                vex::encoder::encoder(vex::triport::port&)
                0x038079f0                vex::encoder::encoder(vex::triport::port&)
 .text._ZN3vex7encoderD2Ev
                0x03807a10        0x4 C:\Program Files (x86)\VEX Robotics\VEXcode Pro V5\sdk/vexv5\libv5rt.a(vex_triport.cpp.obj)
                0x03807a10                vex::encoder::~encoder()
                0x03807a10                vex::encoder::~encoder()
 .text._ZN3vex5colorD2Ev
                0x03807a14        0x4 C:\Program Files (x86)\VEX Robotics\VEXcode Pro V5\sdk/vexv5\libv5rt.a(vex_color.cpp.obj)
                0x03807a14                vex::color::~color()
                0x03807a14                vex::color::~color()
 .text._ZNK3vex5colorcvmEv
                0x03807a18        0x8 C:\Program Files (x86)\VEX Robotics\VEXcode Pro V5\sdk/vexv5\libv5rt.a(vex_color.cpp.obj)
                0x03807a18                vex::color::operator unsigned long() const
 .text.startup._GLOBAL__sub_I__ZN3vex5color5blackE
                0x03807a20      0x164 C:\Program Files (x86)\VEX Robotics\VEXcode Pro V5\sdk/vexv5\libv5rt.a(vex_color.cpp.obj)
 .text._ZN3vex5timerD2Ev
                0x03807b84        0x4 C:\Program Files (x86)\VEX Robotics\VEXcode Pro V5\sdk/vexv5\libv5rt.a(vex_timer.cpp.obj)
                0x03807b84                vex::timer::~timer()
                0x03807b84                vex::timer::~timer()
 .text._ZN3vex5timer5clearEv
                0x03807b88       0x1c C:\Program Files (x86)\VEX Robotics\VEXcode Pro V5\sdk/vexv5\libv5rt.a(vex_timer.cpp.obj)
                0x03807b88                vex::timer::clear()
 .text._ZN3vex5timerC2Ev
                0x03807ba4       0x14 C:\Program Files (x86)\VEX Robotics\VEXcode Pro V5\sdk/vexv5\libv5rt.a(vex_timer.cpp.obj)
                0x03807ba4                vex::timer::timer()
                0x03807ba4                vex::timer::timer()
 .text._ZN3vex11motor_group18motor_group_motorsC2Ev
                0x03807bb8       0x28 C:\Program Files (x86)\VEX Robotics\VEXcode Pro V5\sdk/vexv5\libv5rt.a(vex_motorgroup.cpp.obj)
                0x03807bb8                vex::motor_group::motor_group_motors::motor_group_motors()
                0x03807bb8                vex::motor_group::motor_group_motors::motor_group_motors()
 .text._ZN3vex11motor_group18motor_group_motorsC2ERKS1_
                0x03807be0       0x20 C:\Program Files (x86)\VEX Robotics\VEXcode Pro V5\sdk/vexv5\libv5rt.a(vex_motorgroup.cpp.obj)
                0x03807be0                vex::motor_group::motor_group_motors::motor_group_motors(vex::motor_group::motor_group_motors const&)
                0x03807be0                vex::motor_group::motor_group_motors::motor_group_motors(vex::motor_group::motor_group_motors const&)
 .text._ZN3vex11motor_groupC2Ev
                0x03807c00       0x1c C:\Program Files (x86)\VEX Robotics\VEXcode Pro V5\sdk/vexv5\libv5rt.a(vex_motorgroup.cpp.obj)
                0x03807c00                vex::motor_group::motor_group()
                0x03807c00                vex::motor_group::motor_group()
 .text._ZN3vex11motor_groupD2Ev
                0x03807c1c        0x4 C:\Program Files (x86)\VEX Robotics\VEXcode Pro V5\sdk/vexv5\libv5rt.a(vex_motorgroup.cpp.obj)
                0x03807c1c                vex::motor_group::~motor_group()
                0x03807c1c                vex::motor_group::~motor_group()
 .text._ZN3vex11motor_group9_addMotorERNS_5motorE
                0x03807c20       0x20 C:\Program Files (x86)\VEX Robotics\VEXcode Pro V5\sdk/vexv5\libv5rt.a(vex_motorgroup.cpp.obj)
                0x03807c20                vex::motor_group::_addMotor(vex::motor&)
 .text._ZN3vex11motor_group11setVelocityEdNS_13velocityUnitsE
                0x03807c40       0x4c C:\Program Files (x86)\VEX Robotics\VEXcode Pro V5\sdk/vexv5\libv5rt.a(vex_motorgroup.cpp.obj)
                0x03807c40                vex::motor_group::setVelocity(double, vex::velocityUnits)
 .text._ZN3vex11motor_group4spinENS_13directionTypeE
                0x03807c8c       0x38 C:\Program Files (x86)\VEX Robotics\VEXcode Pro V5\sdk/vexv5\libv5rt.a(vex_motorgroup.cpp.obj)
                0x03807c8c                vex::motor_group::spin(vex::directionType)
 .text._ZN3vex11motor_group4spinENS_13directionTypeEdNS_12voltageUnitsE
                0x03807cc4       0x54 C:\Program Files (x86)\VEX Robotics\VEXcode Pro V5\sdk/vexv5\libv5rt.a(vex_motorgroup.cpp.obj)
                0x03807cc4                vex::motor_group::spin(vex::directionType, double, vex::voltageUnits)
 .text._ZN3vex11motor_group4stopEv
                0x03807d18       0x30 C:\Program Files (x86)\VEX Robotics\VEXcode Pro V5\sdk/vexv5\libv5rt.a(vex_motorgroup.cpp.obj)
                0x03807d18                vex::motor_group::stop()
 .text._ZN3vex11motor_group4stopENS_9brakeTypeE
                0x03807d48       0x38 C:\Program Files (x86)\VEX Robotics\VEXcode Pro V5\sdk/vexv5\libv5rt.a(vex_motorgroup.cpp.obj)
                0x03807d48                vex::motor_group::stop(vex::brakeType)
 .text._ZN3vex11motor_group8positionENS_13rotationUnitsE
                0x03807d80        0xc C:\Program Files (x86)\VEX Robotics\VEXcode Pro V5\sdk/vexv5\libv5rt.a(vex_motorgroup.cpp.obj)
                0x03807d80                vex::motor_group::position(vex::rotationUnits)
 .text.vexAdiPortConfigSet
                0x03807d8c       0x28 C:\Program Files (x86)\VEX Robotics\VEXcode Pro V5\sdk/vexv5\libv5rt.a(v5_apiuser.c.obj)
                0x03807d8c                vexAdiPortConfigSet
 .text.vexAdiPortConfigGet
                0x03807db4       0x28 C:\Program Files (x86)\VEX Robotics\VEXcode Pro V5\sdk/vexv5\libv5rt.a(v5_apiuser.c.obj)
                0x03807db4                vexAdiPortConfigGet
 .text.vexAdiValueSet
                0x03807ddc       0x28 C:\Program Files (x86)\VEX Robotics\VEXcode Pro V5\sdk/vexv5\libv5rt.a(v5_apiuser.c.obj)
                0x03807ddc                vexAdiValueSet
 .text.vexAdiValueGet
                0x03807e04       0x20 C:\Program Files (x86)\VEX Robotics\VEXcode Pro V5\sdk/vexv5\libv5rt.a(v5_apiuser.c.obj)
                0x03807e04                vexAdiValueGet
 .text.vexMotorVelocitySet
                0x03807e24       0x20 C:\Program Files (x86)\VEX Robotics\VEXcode Pro V5\sdk/vexv5\libv5rt.a(v5_apiuser.c.obj)
                0x03807e24                vexMotorVelocitySet
 .text.vexMotorVoltageSet
                0x03807e44       0x20 C:\Program Files (x86)\VEX Robotics\VEXcode Pro V5\sdk/vexv5\libv5rt.a(v5_apiuser.c.obj)
                0x03807e44                vexMotorVoltageSet
 .text.vexMotorActualVelocityGet
                0x03807e64       0x24 C:\Program Files (x86)\VEX Robotics\VEXcode Pro V5\sdk/vexv5\libv5rt.a(v5_apiuser.c.obj)
                0x03807e64                vexMotorActualVelocityGet
 .text.vexMotorCurrentLimitSet
                0x03807e88       0x20 C:\Program Files (x86)\VEX Robotics\VEXcode Pro V5\sdk/vexv5\libv5rt.a(v5_apiuser.c.obj)
                0x03807e88                vexMotorCurrentLimitSet
 .text.vexMotorReverseFlagSet
                0x03807ea8       0x20 C:\Program Files (x86)\VEX Robotics\VEXcode Pro V5\sdk/vexv5\libv5rt.a(v5_apiuser.c.obj)
                0x03807ea8                vexMotorReverseFlagSet
 .text.vexMotorEncoderUnitsSet
                0x03807ec8       0x20 C:\Program Files (x86)\VEX Robotics\VEXcode Pro V5\sdk/vexv5\libv5rt.a(v5_apiuser.c.obj)
                0x03807ec8                vexMotorEncoderUnitsSet
 .text.vexMotorBrakeModeSet
                0x03807ee8       0x20 C:\Program Files (x86)\VEX Robotics\VEXcode Pro V5\sdk/vexv5\libv5rt.a(v5_apiuser.c.obj)
                0x03807ee8                vexMotorBrakeModeSet
 .text.vexMotorPositionSet
                0x03807f08       0x28 C:\Program Files (x86)\VEX Robotics\VEXcode Pro V5\sdk/vexv5\libv5rt.a(v5_apiuser.c.obj)
                0x03807f08                vexMotorPositionSet
 .text.vexMotorPositionGet
                0x03807f30       0x24 C:\Program Files (x86)\VEX Robotics\VEXcode Pro V5\sdk/vexv5\libv5rt.a(v5_apiuser.c.obj)
                0x03807f30                vexMotorPositionGet
 .text.vexMotorGearingSet
                0x03807f54       0x20 C:\Program Files (x86)\VEX Robotics\VEXcode Pro V5\sdk/vexv5\libv5rt.a(v5_apiuser.c.obj)
                0x03807f54                vexMotorGearingSet
 .text.vexMotorGearingGet
                0x03807f74       0x18 C:\Program Files (x86)\VEX Robotics\VEXcode Pro V5\sdk/vexv5\libv5rt.a(v5_apiuser.c.obj)
                0x03807f74                vexMotorGearingGet
 .text.vexImuReset
                0x03807f8c       0x10 C:\Program Files (x86)\VEX Robotics\VEXcode Pro V5\sdk/vexv5\libv5rt.a(v5_apiuser.c.obj)
                0x03807f8c                vexImuReset
 .text.vexImuHeadingGet
                0x03807f9c       0x10 C:\Program Files (x86)\VEX Robotics\VEXcode Pro V5\sdk/vexv5\libv5rt.a(v5_apiuser.c.obj)
                0x03807f9c                vexImuHeadingGet
 .text.vexImuDegreesGet
                0x03807fac       0x10 C:\Program Files (x86)\VEX Robotics\VEXcode Pro V5\sdk/vexv5\libv5rt.a(v5_apiuser.c.obj)
                0x03807fac                vexImuDegreesGet
 .text.vexImuStatusGet
                0x03807fbc       0x10 C:\Program Files (x86)\VEX Robotics\VEXcode Pro V5\sdk/vexv5\libv5rt.a(v5_apiuser.c.obj)
                0x03807fbc                vexImuStatusGet
 .text.vexAbsEncAngleGet
                0x03807fcc       0x10 C:\Program Files (x86)\VEX Robotics\VEXcode Pro V5\sdk/vexv5\libv5rt.a(v5_apiuser.c.obj)
                0x03807fcc                vexAbsEncAngleGet
 .text.vexAbsEncReverseFlagSet
                0x03807fdc       0x18 C:\Program Files (x86)\VEX Robotics\VEXcode Pro V5\sdk/vexv5\libv5rt.a(v5_apiuser.c.obj)
                0x03807fdc                vexAbsEncReverseFlagSet
 .text.vexEventMaskSet
                0x03807ff4       0x28 C:\Program Files (x86)\VEX Robotics\VEXcode Pro V5\sdk/vexv5\libv5rt.a(v5_apiuser.c.obj)
                0x03807ff4                vexEventMaskSet
 .text.vexEventMaskGet
                0x0380801c       0x18 C:\Program Files (x86)\VEX Robotics\VEXcode Pro V5\sdk/vexv5\libv5rt.a(v5_apiuser.c.obj)
                0x0380801c                vexEventMaskGet
 .text._ZN3vex6deviceD2Ev
                0x03808034        0x4 C:\Program Files (x86)\VEX Robotics\VEXcode Pro V5\sdk/vexv5\libv5rt.a(vex_device.cpp.obj)
                0x03808034                vex::device::~device()
                0x03808034                vex::device::~device()
 .text._ZN3vex6device5valueEv
                0x03808038        0x8 C:\Program Files (x86)\VEX Robotics\VEXcode Pro V5\sdk/vexv5\libv5rt.a(vex_device.cpp.obj)
                0x03808038                vex::device::value()
 .text._ZN3vex6deviceD0Ev
                0x03808040       0x14 C:\Program Files (x86)\VEX Robotics\VEXcode Pro V5\sdk/vexv5\libv5rt.a(vex_device.cpp.obj)
                0x03808040                vex::device::~device()
 .text._ZN3vex6device4initEl
                0x03808054       0x30 C:\Program Files (x86)\VEX Robotics\VEXcode Pro V5\sdk/vexv5\libv5rt.a(vex_device.cpp.obj)
                0x03808054                vex::device::init(long)
 .text._ZN3vex6deviceC2El
                0x03808084       0x20 C:\Program Files (x86)\VEX Robotics\VEXcode Pro V5\sdk/vexv5\libv5rt.a(vex_device.cpp.obj)
                0x03808084                vex::device::device(long)
                0x03808084                vex::device::device(long)
 .text._ZN3vex6device4typeEv
                0x038080a4       0x10 C:\Program Files (x86)\VEX Robotics\VEXcode Pro V5\sdk/vexv5\libv5rt.a(vex_device.cpp.obj)
                0x038080a4                vex::device::type()
 .text._ZN3vex6device9installedEv
                0x038080b4       0x14 C:\Program Files (x86)\VEX Robotics\VEXcode Pro V5\sdk/vexv5\libv5rt.a(vex_device.cpp.obj)
                0x038080b4                vex::device::installed()
 .text.__libc_fini_array
                0x038080c8       0x30 C:\Program Files (x86)\VEX Robotics\VEXcode Pro V5\sdk/vexv5/gcc/libs\libc.a(lib_a-fini.o)
                0x038080c8                __libc_fini_array
 .text.__libc_init_array
                0x038080f8       0x58 C:\Program Files (x86)\VEX Robotics\VEXcode Pro V5\sdk/vexv5/gcc/libs\libc.a(lib_a-init.o)
                0x038080f8                __libc_init_array
 .text.__libc_init_array.__stub
                0x03808150       0x18 linker stubs
 *(.gnu.linkonce.t.*)
 *(.plt)
 *(.gnu_warning)
 *(.gcc_except_table)
 *(.glue_7)
 .glue_7        0x00000000        0x0 linker stubs
 *(.glue_7t)
 .glue_7t       0x00000000        0x0 linker stubs
 *(.vfp11_veneer)
 .vfp11_veneer  0x00000000        0x0 linker stubs
 *(.ARM.extab)
 *(.gnu.linkonce.armextab.*)

.v4_bx          0x03808168        0x0
 .v4_bx         0x00000000        0x0 linker stubs

.iplt           0x03808168        0x0
 .iplt          0x00000000        0x0 build/src/main.o

.init
 *(.init)

.fini
 *(.fini)

.rodata         0x03808168      0x2b4
                0x03808168                __rodata_start = .
 *(.rodata)
 *(.rodata.*)
 .rodata.str1.1
                0x03808168       0xb0 build/src/main.o
 .rodata.str1.1
                0x03808218       0x2e C:\Program Files (x86)\VEX Robotics\VEXcode Pro V5\sdk/vexv5\libv5rt.a(v5_startup.c.obj)
 *fill*         0x03808246        0x2 
 .rodata._ZN3vex3fwdE
                0x03808248        0x4 C:\Program Files (x86)\VEX Robotics\VEXcode Pro V5\sdk/vexv5\libv5rt.a(vex_global.cpp.obj)
                0x03808248                vex::fwd
 .rodata._ZN3vex5PORT3E
                0x0380824c        0x4 C:\Program Files (x86)\VEX Robotics\VEXcode Pro V5\sdk/vexv5\libv5rt.a(vex_global.cpp.obj)
                0x0380824c                vex::PORT3
 .rodata._ZN3vex5PORT1E
                0x03808250        0x4 C:\Program Files (x86)\VEX Robotics\VEXcode Pro V5\sdk/vexv5\libv5rt.a(vex_global.cpp.obj)
                0x03808250                vex::PORT1
 .rodata._ZN3vex7reverseE
                0x03808254        0x4 C:\Program Files (x86)\VEX Robotics\VEXcode Pro V5\sdk/vexv5\libv5rt.a(vex_global.cpp.obj)
                0x03808254                vex::reverse
 .rodata._ZN3vex4voltE
                0x03808258        0x4 C:\Program Files (x86)\VEX Robotics\VEXcode Pro V5\sdk/vexv5\libv5rt.a(vex_global.cpp.obj)
                0x03808258                vex::volt
 .rodata._ZN3vex6PORT10E
                0x0380825c        0x4 C:\Program Files (x86)\VEX Robotics\VEXcode Pro V5\sdk/vexv5\libv5rt.a(vex_global.cpp.obj)
                0x0380825c                vex::PORT10
 .rodata._ZN3vex5PORT5E
                0x03808260        0x4 C:\Program Files (x86)\VEX Robotics\VEXcode Pro V5\sdk/vexv5\libv5rt.a(vex_global.cpp.obj)
                0x03808260                vex::PORT5
 .rodata._ZN3vex7forwardE
                0x03808264        0x4 C:\Program Files (x86)\VEX Robotics\VEXcode Pro V5\sdk/vexv5\libv5rt.a(vex_global.cpp.obj)
                0x03808264                vex::forward
 .rodata._ZN3vex3secE
                0x03808268        0x4 C:\Program Files (x86)\VEX Robotics\VEXcode Pro V5\sdk/vexv5\libv5rt.a(vex_global.cpp.obj)
                0x03808268                vex::sec
 .rodata._ZN3vex4msecE
                0x0380826c        0x4 C:\Program Files (x86)\VEX Robotics\VEXcode Pro V5\sdk/vexv5\libv5rt.a(vex_global.cpp.obj)
                0x0380826c                vex::msec
 .rodata._ZN3vex5PORT9E
                0x03808270        0x4 C:\Program Files (x86)\VEX Robotics\VEXcode Pro V5\sdk/vexv5\libv5rt.a(vex_global.cpp.obj)
                0x03808270                vex::PORT9
 .rodata._ZN3vex5PORT2E
                0x03808274        0x4 C:\Program Files (x86)\VEX Robotics\VEXcode Pro V5\sdk/vexv5\libv5rt.a(vex_global.cpp.obj)
                0x03808274                vex::PORT2
 .rodata._ZN3vex7primaryE
                0x03808278        0x4 C:\Program Files (x86)\VEX Robotics\VEXcode Pro V5\sdk/vexv5\libv5rt.a(vex_global.cpp.obj)
                0x03808278                vex::primary
 .rodata._ZN3vex3degE
                0x0380827c        0x4 C:\Program Files (x86)\VEX Robotics\VEXcode Pro V5\sdk/vexv5\libv5rt.a(vex_global.cpp.obj)
                0x0380827c                vex::deg
 .rodata._ZN3vex7percentE
                0x03808280        0x4 C:\Program Files (x86)\VEX Robotics\VEXcode Pro V5\sdk/vexv5\libv5rt.a(vex_global.cpp.obj)
                0x03808280                vex::percent
 .rodata._ZN3vex6PORT22E
                0x03808284        0x4 C:\Program Files (x86)\VEX Robotics\VEXcode Pro V5\sdk/vexv5\libv5rt.a(vex_global.cpp.obj)
                0x03808284                vex::PORT22
 .rodata._ZN3vex4holdE
                0x03808288        0x4 C:\Program Files (x86)\VEX Robotics\VEXcode Pro V5\sdk/vexv5\libv5rt.a(vex_global.cpp.obj)
                0x03808288                vex::hold
 .rodata._ZN3vex6PORT12E
                0x0380828c        0x4 C:\Program Files (x86)\VEX Robotics\VEXcode Pro V5\sdk/vexv5\libv5rt.a(vex_global.cpp.obj)
                0x0380828c                vex::PORT12
 .rodata._ZN3vex5PORT7E
                0x03808290        0x4 C:\Program Files (x86)\VEX Robotics\VEXcode Pro V5\sdk/vexv5\libv5rt.a(vex_global.cpp.obj)
                0x03808290                vex::PORT7
 .rodata._ZN3vex8ratio6_1E
                0x03808294        0x4 C:\Program Files (x86)\VEX Robotics\VEXcode Pro V5\sdk/vexv5\libv5rt.a(vex_global.cpp.obj)
                0x03808294                vex::ratio6_1
 .rodata._ZN3vex5coastE
                0x03808298        0x4 C:\Program Files (x86)\VEX Robotics\VEXcode Pro V5\sdk/vexv5\libv5rt.a(vex_global.cpp.obj)
                0x03808298                vex::coast
 .rodata._ZN3vex5PORT4E
                0x0380829c        0x4 C:\Program Files (x86)\VEX Robotics\VEXcode Pro V5\sdk/vexv5\libv5rt.a(vex_global.cpp.obj)
                0x0380829c                vex::PORT4
 .rodata._ZN3vex5PORT8E
                0x038082a0        0x4 C:\Program Files (x86)\VEX Robotics\VEXcode Pro V5\sdk/vexv5\libv5rt.a(vex_global.cpp.obj)
                0x038082a0                vex::PORT8
 .rodata._ZN3vex9ratio18_1E
                0x038082a4        0x4 C:\Program Files (x86)\VEX Robotics\VEXcode Pro V5\sdk/vexv5\libv5rt.a(vex_global.cpp.obj)
                0x038082a4                vex::ratio18_1
 .rodata._ZN3vex7secondsE
                0x038082a8        0x4 C:\Program Files (x86)\VEX Robotics\VEXcode Pro V5\sdk/vexv5\libv5rt.a(vex_global.cpp.obj)
                0x038082a8                vex::seconds
 *fill*         0x038082ac        0x4 
 .rodata._ZTVN3vex5motorE
                0x038082b0       0x18 C:\Program Files (x86)\VEX Robotics\VEXcode Pro V5\sdk/vexv5\libv5rt.a(vex_motor.cpp.obj)
                0x038082b0                vtable for vex::motor
 .rodata._ZTVN3vex8inertialE
                0x038082c8       0x68 C:\Program Files (x86)\VEX Robotics\VEXcode Pro V5\sdk/vexv5\libv5rt.a(vex_imu.cpp.obj)
                0x038082c8                vtable for vex::inertial
 .rodata._ZTVN3vex8rotationE
                0x03808330       0x18 C:\Program Files (x86)\VEX Robotics\VEXcode Pro V5\sdk/vexv5\libv5rt.a(vex_rotation.cpp.obj)
                0x03808330                vtable for vex::rotation
 .rodata.str1.1
                0x03808348       0x1f C:\Program Files (x86)\VEX Robotics\VEXcode Pro V5\sdk/vexv5\libv5rt.a(vex_controller.cpp.obj)
                                 0x20 (size before relaxing)
 .rodata.CSWTCH.16
                0x03808367        0xb C:\Program Files (x86)\VEX Robotics\VEXcode Pro V5\sdk/vexv5\libv5rt.a(vex_controller.cpp.obj)
 .rodata.CSWTCH.18
                0x03808372        0xb C:\Program Files (x86)\VEX Robotics\VEXcode Pro V5\sdk/vexv5\libv5rt.a(vex_controller.cpp.obj)
 .rodata.CSWTCH.24
                0x0380837d        0x3 C:\Program Files (x86)\VEX Robotics\VEXcode Pro V5\sdk/vexv5\libv5rt.a(vex_controller.cpp.obj)
 .rodata.str1.1
                0x03808380       0x14 C:\Program Files (x86)\VEX Robotics\VEXcode Pro V5\sdk/vexv5\libv5rt.a(vex_task.cpp.obj)
 .rodata.str1.1
                0x03808394       0x2d C:\Program Files (x86)\VEX Robotics\VEXcode Pro V5\sdk/vexv5\libv5rt.a(vex_brain.cpp.obj)
 *fill*         0x038083c1        0x7 
 .rodata._ZTVN3vex7triportE
                0x038083c8       0x18 C:\Program Files (x86)\VEX Robotics\VEXcode Pro V5\sdk/vexv5\libv5rt.a(vex_triport.cpp.obj)
                0x038083c8                vtable for vex::triport
 .rodata.CSWTCH.38
                0x038083e0       0x10 C:\Program Files (x86)\VEX Robotics\VEXcode Pro V5\sdk/vexv5\libv5rt.a(vex_triport.cpp.obj)
 .rodata.CSWTCH.33
                0x038083f0        0xe C:\Program Files (x86)\VEX Robotics\VEXcode Pro V5\sdk/vexv5\libv5rt.a(vex_triport.cpp.obj)
 *fill*         0x038083fe        0x2 
 .rodata._ZTVN3vex6deviceE
                0x03808400       0x18 C:\Program Files (x86)\VEX Robotics\VEXcode Pro V5\sdk/vexv5\libv5rt.a(vex_device.cpp.obj)
                0x03808400                vtable for vex::device
 .rodata.str1.4
                0x03808418        0x4 C:\Program Files (x86)\VEX Robotics\VEXcode Pro V5\sdk/vexv5/gcc/libs\libc.a(lib_a-impure.o)
                                  0x2 (size before relaxing)
 *(.gnu.linkonce.r.*)
                0x0380841c                __rodata_end = .

.rodata1        0x0380841c        0x0
                0x0380841c                __rodata1_start = .
 *(.rodata1)
 *(.rodata1.*)
                0x0380841c                __rodata1_end = .

.sdata2         0x0380841c        0x0
                0x0380841c                __sdata2_start = .
 *(.sdata2)
 *(.sdata2.*)
 *(.gnu.linkonce.s2.*)
                0x0380841c                __sdata2_end = .

.sbss2          0x0380841c        0x0
                0x0380841c                __sbss2_start = .
 *(.sbss2)
 *(.sbss2.*)
 *(.gnu.linkonce.sb2.*)
                0x0380841c                __sbss2_end = .

.data           0x03808420      0x444
                0x03808420                __data_start = .
 *(.data)
 *(.data.*)
 .data.AngleOffset
                0x03808420        0x4 build/src/autons.o
                0x03808420                AngleOffset
 .data.RemoteControlCodeEnabled
                0x03808424        0x1 build/src/robot-config.o
                0x03808424                RemoteControlCodeEnabled
 .data.Controller1RightShoulderControlMotorsStopped
                0x03808425        0x1 build/src/robot-config.o
                0x03808425                Controller1RightShoulderControlMotorsStopped
 *fill*         0x03808426        0x2 
 .data.appRunning
                0x03808428        0x4 C:\Program Files (x86)\VEX Robotics\VEXcode Pro V5\sdk/vexv5\libv5rt.a(v5_startup.c.obj)
                0x03808428                appRunning
 .data.__yoff   0x0380842c        0x4 C:\Program Files (x86)\VEX Robotics\VEXcode Pro V5\sdk/vexv5\libv5rt.a(v5_apijump.c.obj)
 .data._ZN3vex24__default_motor_velocityE
                0x03808430        0x4 C:\Program Files (x86)\VEX Robotics\VEXcode Pro V5\sdk/vexv5\libv5rt.a(vex_motor.cpp.obj)
                0x03808430                vex::__default_motor_velocity
 *fill*         0x03808434        0x4 
 .data.impure_data
                0x03808438      0x428 C:\Program Files (x86)\VEX Robotics\VEXcode Pro V5\sdk/vexv5/gcc/libs\libc.a(lib_a-impure.o)
 .data._impure_ptr
                0x03808860        0x4 C:\Program Files (x86)\VEX Robotics\VEXcode Pro V5\sdk/vexv5/gcc/libs\libc.a(lib_a-impure.o)
                0x03808860                _impure_ptr
 *(.gnu.linkonce.d.*)
 *(.jcr)
 *(.got)
 *(.got.plt)
                0x03808864                __data_end = .

.igot.plt       0x03808864        0x0
 .igot.plt      0x00000000        0x0 build/src/main.o

.data1          0x03808864        0x0
                0x03808864                __data1_start = .
 *(.data1)
 *(.data1.*)
                0x03808864                __data1_end = .

.got
 *(.got)

.ctors          0x03808864        0x0
                0x03808864                __CTOR_LIST__ = .
                0x03808864                ___CTORS_LIST___ = .
 *crtbegin.o(.ctors)
 *(EXCLUDE_FILE(*crtend.o) .ctors)
 *(SORT(.ctors.*))
 *(.ctors)
                0x03808864                __CTOR_END__ = .
                0x03808864                ___CTORS_END___ = .

.dtors          0x03808864        0x0
                0x03808864                __DTOR_LIST__ = .
                0x03808864                ___DTORS_LIST___ = .
 *crtbegin.o(.dtors)
 *(EXCLUDE_FILE(*crtend.o) .dtors)
 *(SORT(.dtors.*))
 *(.dtors)
                0x03808864                __DTOR_END__ = .
                0x03808864                ___DTORS_END___ = .

.fixup          0x03808864        0x0
                0x03808864                __fixup_start = .
 *(.fixup)
                0x03808864                __fixup_end = .

.eh_frame
 *(.eh_frame)

.eh_framehdr    0x03808864        0x0
                0x03808864                __eh_framehdr_start = .
 *(.eh_framehdr)
                0x03808864                __eh_framehdr_end = .

.gcc_except_table
 *(.gcc_except_table)

.mmu_tbl        0x0380c000        0x0
                0x0380c000                __mmu_tbl_start = .
 *(.mmu_tbl)
                0x0380c000                __mmu_tbl_end = .

.ARM.exidx      0x03808864        0x8
                0x03808864                __exidx_start = .
 *(.ARM.exidx*)
 .ARM.exidx.text._ZN3vex11motor_groupC2IJNS_5motorES2_EEERS2_DpRT_
                0x03808864        0x8 build/src/main.o
 .ARM.exidx.text._ZN5DriveD2Ev
                0x0380886c        0x0 build/src/main.o
                                  0x8 (size before relaxing)
 .ARM.exidx.text._Z9pre_autonv
                0x0380886c        0x0 build/src/main.o
                                  0x8 (size before relaxing)
 .ARM.exidx.text._Z10autonomousv
                0x0380886c        0x0 build/src/main.o
                                  0x8 (size before relaxing)
 .ARM.exidx.text._Z11usercontrolv
                0x0380886c        0x0 build/src/main.o
                                  0x8 (size before relaxing)
 .ARM.exidx.text.main
                0x0380886c        0x0 build/src/main.o
                                  0x8 (size before relaxing)
 .ARM.exidx.text._ZZ4mainEN3$_08__invokeEv
                0x0380886c        0x0 build/src/main.o
                                  0x8 (size before relaxing)
 .ARM.exidx.text._ZZ4mainEN3$_18__invokeEv
                0x0380886c        0x0 build/src/main.o
                                  0x8 (size before relaxing)
 .ARM.exidx.text._ZZ4mainEN3$_28__invokeEv
                0x0380886c        0x0 build/src/main.o
                                  0x8 (size before relaxing)
 .ARM.exidx.text._ZZ4mainEN3$_38__invokeEv
                0x0380886c        0x0 build/src/main.o
                                  0x8 (size before relaxing)
 .ARM.exidx.text._ZZ4mainEN3$_48__invokeEv
                0x0380886c        0x0 build/src/main.o
                                  0x8 (size before relaxing)
 .ARM.exidx.text._GLOBAL__sub_I_main.cpp
                0x0380886c        0x0 build/src/main.o
                                  0x8 (size before relaxing)
 .ARM.exidx.text._Z17default_constantsv
                0x0380886c        0x0 build/src/autons.o
                                  0x8 (size before relaxing)
 .ARM.exidx.text._Z15Offensive5Pointv
                0x0380886c        0x0 build/src/autons.o
                                  0x8 (size before relaxing)
 .ARM.exidx.text._Z15Offensive6Pointv
                0x0380886c        0x0 build/src/autons.o
                                  0x8 (size before relaxing)
 .ARM.exidx.text._Z13DefensiveRushv
                0x0380886c        0x0 build/src/autons.o
                                  0x8 (size before relaxing)
 .ARM.exidx.text._Z19DefensiveMatchPointv
                0x0380886c        0x0 build/src/autons.o
                                  0x8 (size before relaxing)
 .ARM.exidx.text._Z18DefensiveMatchLoadv
                0x0380886c        0x0 build/src/autons.o
                                  0x8 (size before relaxing)
 .ARM.exidx.text._Z6Skillsv
                0x0380886c        0x0 build/src/autons.o
                                  0x8 (size before relaxing)
 .ARM.exidx.text._Z7NoAutonv
                0x0380886c        0x0 build/src/autons.o
                                  0x8 (size before relaxing)
 .ARM.exidx.text._Z9FinalRushv
                0x0380886c        0x0 build/src/autons.o
                                  0x8 (size before relaxing)
 .ARM.exidx.text._Z19AWPOffensiveFarSidev
                0x0380886c        0x0 build/src/autons.o
                                  0x8 (size before relaxing)
 .ARM.exidx.text._Z9AutonTestv
                0x0380886c        0x0 build/src/autons.o
                                  0x8 (size before relaxing)
 .ARM.exidx.text._Z33rc_auto_loop_function_Controller1v
                0x0380886c        0x0 build/src/robot-config.o
                                  0x8 (size before relaxing)
 .ARM.exidx.text._Z11vexcodeInitv
                0x0380886c        0x0 build/src/robot-config.o
                                  0x8 (size before relaxing)
 .ARM.exidx.text._GLOBAL__sub_I_robot_config.cpp
                0x0380886c        0x0 build/src/robot-config.o
                                  0x8 (size before relaxing)
 .ARM.exidx.text._Z15reduce_0_to_360f
                0x0380886c        0x0 build/src/JAR-Template/util.o
                                  0x8 (size before relaxing)
 .ARM.exidx.text._Z26reduce_negative_180_to_180f
                0x0380886c        0x0 build/src/JAR-Template/util.o
                                  0x8 (size before relaxing)
 .ARM.exidx.text._Z5clampfff
                0x0380886c        0x0 build/src/JAR-Template/util.o
                                  0x8 (size before relaxing)
 .ARM.exidx.text._Z11is_reversedd
                0x0380886c        0x0 build/src/JAR-Template/util.o
                                  0x8 (size before relaxing)
 .ARM.exidx.text._Z7to_voltf
                0x0380886c        0x0 build/src/JAR-Template/util.o
                                  0x8 (size before relaxing)
 .ARM.exidx.text._Z7to_porti
                0x0380886c        0x0 build/src/JAR-Template/util.o
                                  0x8 (size before relaxing)
 .ARM.exidx.text._Z8deadbandff
                0x0380886c        0x0 build/src/JAR-Template/util.o
                                  0x8 (size before relaxing)
 .ARM.exidx.text._ZN4Odom22set_physical_distancesEff
                0x0380886c        0x0 build/src/JAR-Template/odom.o
                                  0x8 (size before relaxing)
 .ARM.exidx.text._ZN5DriveC2E11drive_setupN3vex11motor_groupES2_ifffiiiiiffiff
                0x0380886c        0x0 build/src/JAR-Template/drive.o
                                  0x8 (size before relaxing)
 .ARM.exidx.text._ZN5Drive18drive_with_voltageEff
                0x0380886c        0x0 build/src/JAR-Template/drive.o
                                  0x8 (size before relaxing)
 .ARM.exidx.text._ZN5Drive18set_turn_constantsEfffff
                0x0380886c        0x0 build/src/JAR-Template/drive.o
                                  0x8 (size before relaxing)
 .ARM.exidx.text._ZN5Drive19set_drive_constantsEfffff
                0x0380886c        0x0 build/src/JAR-Template/drive.o
                                  0x8 (size before relaxing)
 .ARM.exidx.text._ZN5Drive21set_heading_constantsEfffff
                0x0380886c        0x0 build/src/JAR-Template/drive.o
                                  0x8 (size before relaxing)
 .ARM.exidx.text._ZN5Drive19set_swing_constantsEfffff
                0x0380886c        0x0 build/src/JAR-Template/drive.o
                                  0x8 (size before relaxing)
 .ARM.exidx.text._ZN5Drive24set_turn_exit_conditionsEfff
                0x0380886c        0x0 build/src/JAR-Template/drive.o
                                  0x8 (size before relaxing)
 .ARM.exidx.text._ZN5Drive25set_drive_exit_conditionsEfff
                0x0380886c        0x0 build/src/JAR-Template/drive.o
                                  0x8 (size before relaxing)
 .ARM.exidx.text._ZN5Drive25set_swing_exit_conditionsEfff
                0x0380886c        0x0 build/src/JAR-Template/drive.o
                                  0x8 (size before relaxing)
 .ARM.exidx.text._ZN5Drive13turn_to_angleEf
                0x0380886c        0x0 build/src/JAR-Template/drive.o
                                  0x8 (size before relaxing)
 .ARM.exidx.text._ZN5Drive13turn_to_angleEfffffffff
                0x0380886c        0x0 build/src/JAR-Template/drive.o
                                  0x8 (size before relaxing)
 .ARM.exidx.text._ZN5Drive13turn_to_angleEff
                0x0380886c        0x0 build/src/JAR-Template/drive.o
                                  0x8 (size before relaxing)
 .ARM.exidx.text._ZN5Drive13turn_to_angleEfffff
                0x0380886c        0x0 build/src/JAR-Template/drive.o
                                  0x8 (size before relaxing)
 .ARM.exidx.text._ZN5Drive14drive_distanceEf
                0x0380886c        0x0 build/src/JAR-Template/drive.o
                                  0x8 (size before relaxing)
 .ARM.exidx.text._ZN5Drive14drive_distanceEfffffffffffffff
                0x0380886c        0x0 build/src/JAR-Template/drive.o
                                  0x8 (size before relaxing)
 .ARM.exidx.text._ZN5Drive14drive_distanceEfffffff
                0x0380886c        0x0 build/src/JAR-Template/drive.o
                                  0x8 (size before relaxing)
 .ARM.exidx.text._ZN5Drive19left_swing_to_angleEf
                0x0380886c        0x0 build/src/JAR-Template/drive.o
                                  0x8 (size before relaxing)
 .ARM.exidx.text._ZN5Drive19left_swing_to_angleEfffffffff
                0x0380886c        0x0 build/src/JAR-Template/drive.o
                                  0x8 (size before relaxing)
 .ARM.exidx.text._ZN5Drive20right_swing_to_angleEf
                0x0380886c        0x0 build/src/JAR-Template/drive.o
                                  0x8 (size before relaxing)
 .ARM.exidx.text._ZN5Drive20right_swing_to_angleEfffffffff
                0x0380886c        0x0 build/src/JAR-Template/drive.o
                                  0x8 (size before relaxing)
 .ARM.exidx.text._ZN5Drive12control_tankEv
                0x0380886c        0x0 build/src/JAR-Template/drive.o