Archive member included because of file (symbol)

C:\Program Files (x86)\VEX Robotics\VEXcode Pro V5\sdk/vexv5\libv5rt.a(v5_startup.c.obj)
                              (vexStartup)
C:\Program Files (x86)\VEX Robotics\VEXcode Pro V5\sdk/vexv5\libv5rt.a(v5_util.c.obj)
                              C:\Program Files (x86)\VEX Robotics\VEXcode Pro V5\sdk/vexv5\libv5rt.a(v5_startup.c.obj) (vexStdlibVersionLinked)
C:\Program Files (x86)\VEX Robotics\VEXcode Pro V5\sdk/vexv5\libv5rt.a(v5_apijump.c.obj)
                              C:\Program Files (x86)\VEX Robotics\VEXcode Pro V5\sdk/vexv5\libv5rt.a(v5_startup.c.obj) (vexPrivateApiEnable)
C:\Program Files (x86)\VEX Robotics\VEXcode Pro V5\sdk/vexv5\libv5rt.a(v5_apiversions.c.obj)
                              C:\Program Files (x86)\VEX Robotics\VEXcode Pro V5\sdk/vexv5\libv5rt.a(v5_apijump.c.obj) (vexSystemVersion)
C:\Program Files (x86)\VEX Robotics\VEXcode Pro V5\sdk/vexv5\libv5rt.a(vex_global.cpp.obj)
                              build/src/main.o (vex::wait(double, vex::timeUnits))
C:\Program Files (x86)\VEX Robotics\VEXcode Pro V5\sdk/vexv5\libv5rt.a(vex_motor.cpp.obj)
                              build/src/main.o (vex::motor::~motor())
C:\Program Files (x86)\VEX Robotics\VEXcode Pro V5\sdk/vexv5\libv5rt.a(vex_imu.cpp.obj)
                              build/src/JAR-Template/drive.o (vex::inertial::setRotation(double, vex::rotationUnits))
C:\Program Files (x86)\VEX Robotics\VEXcode Pro V5\sdk/vexv5\libv5rt.a(vex_rotation.cpp.obj)
                              build/src/main.o (vex::rotation::~rotation())
C:\Program Files (x86)\VEX Robotics\VEXcode Pro V5\sdk/vexv5\libv5rt.a(vex_controller.cpp.obj)
                              build/src/robot-config.o (vex::controller::~controller())
C:\Program Files (x86)\VEX Robotics\VEXcode Pro V5\sdk/vexv5\libv5rt.a(vex_task.cpp.obj)
                              build/src/JAR-Template/drive.o (vex::task::task())
C:\Program Files (x86)\VEX Robotics\VEXcode Pro V5\sdk/vexv5\libv5rt.a(vex_thread.cpp.obj)
                              C:\Program Files (x86)\VEX Robotics\VEXcode Pro V5\sdk/vexv5\libv5rt.a(vex_global.cpp.obj) (vex::this_thread::sleep_for(unsigned long))
C:\Program Files (x86)\VEX Robotics\VEXcode Pro V5\sdk/vexv5\libv5rt.a(vex_event.cpp.obj)
                              C:\Program Files (x86)\VEX Robotics\VEXcode Pro V5\sdk/vexv5\libv5rt.a(vex_imu.cpp.obj) (vex::event::init(unsigned long, unsigned long, void (*)()))
C:\Program Files (x86)\VEX Robotics\VEXcode Pro V5\sdk/vexv5\libv5rt.a(vex_mevent.cpp.obj)
                              C:\Program Files (x86)\VEX Robotics\VEXcode Pro V5\sdk/vexv5\libv5rt.a(vex_controller.cpp.obj) (vex::mevent::mevent(unsigned long, unsigned long))
C:\Program Files (x86)\VEX Robotics\VEXcode Pro V5\sdk/vexv5\libv5rt.a(vex_brain.cpp.obj)
                              build/src/robot-config.o (vex::brain::brain())
C:\Program Files (x86)\VEX Robotics\VEXcode Pro V5\sdk/vexv5\libv5rt.a(vex_competition.cpp.obj)
                              build/src/main.o (vex::competition::competition())
C:\Program Files (x86)\VEX Robotics\VEXcode Pro V5\sdk/vexv5\libv5rt.a(vex_triport.cpp.obj)
                              build/src/main.o (vex::triport::~triport())
C:\Program Files (x86)\VEX Robotics\VEXcode Pro V5\sdk/vexv5\libv5rt.a(vex_color.cpp.obj)
                              C:\Program Files (x86)\VEX Robotics\VEXcode Pro V5\sdk/vexv5\libv5rt.a(vex_brain.cpp.obj) (vex::color::operator unsigned long() const)
C:\Program Files (x86)\VEX Robotics\VEXcode Pro V5\sdk/vexv5\libv5rt.a(vex_timer.cpp.obj)
                              C:\Program Files (x86)\VEX Robotics\VEXcode Pro V5\sdk/vexv5\libv5rt.a(vex_brain.cpp.obj) (vex::timer::~timer())
C:\Program Files (x86)\VEX Robotics\VEXcode Pro V5\sdk/vexv5\libv5rt.a(vex_motorgroup.cpp.obj)
                              build/src/JAR-Template/drive.o (vex::motor_group::motor_group_motors::motor_group_motors(vex::motor_group::motor_group_motors const&))
C:\Program Files (x86)\VEX Robotics\VEXcode Pro V5\sdk/vexv5\libv5rt.a(v5_apiuser.c.obj)
                              C:\Program Files (x86)\VEX Robotics\VEXcode Pro V5\sdk/vexv5\libv5rt.a(vex_triport.cpp.obj) (vexAdiPortConfigSet)
C:\Program Files (x86)\VEX Robotics\VEXcode Pro V5\sdk/vexv5\libv5rt.a(vex_device.cpp.obj)
                              C:\Program Files (x86)\VEX Robotics\VEXcode Pro V5\sdk/vexv5\libv5rt.a(vex_motor.cpp.obj) (vex::device::~device())
C:\Program Files (x86)\VEX Robotics\VEXcode Pro V5\sdk/vexv5/gcc/libs\libc.a(lib_a-fini.o)
                              C:\Program Files (x86)\VEX Robotics\VEXcode Pro V5\sdk/vexv5\libv5rt.a(v5_startup.c.obj) (__libc_fini_array)
C:\Program Files (x86)\VEX Robotics\VEXcode Pro V5\sdk/vexv5/gcc/libs\libc.a(lib_a-impure.o)
                              C:\Program Files (x86)\VEX Robotics\VEXcode Pro V5\sdk/vexv5\libv5rt.a(v5_startup.c.obj) (_impure_ptr)
[...]
Memory Configuration

Name             Origin             Length             Attributes
ps7_ddr_0_S_AXI_BASEADDR 0x03800000         0x04800000
*default*        0x00000000         0xffffffff

Linker script and memory map

                0x00002000                _STACK_SIZE = DEFINED (_STACK_SIZE)?_STACK_SIZE:0x2000
                0x00100000                _HEAP_SIZE = DEFINED (_HEAP_SIZE)?_HEAP_SIZE:0x100000
                0x00000400                _ABORT_STACK_SIZE = DEFINED (_ABORT_STACK_SIZE)?_ABORT_STACK_SIZE:0x400
                0x00000800                _SUPERVISOR_STACK_SIZE = DEFINED (_SUPERVISOR_STACK_SIZE)?_SUPERVISOR_STACK_SIZE:0x800
                0x00000400                _IRQ_STACK_SIZE = DEFINED (_IRQ_STACK_SIZE)?_IRQ_STACK_SIZE:0x400
                0x00000400                _FIQ_STACK_SIZE = DEFINED (_FIQ_STACK_SIZE)?_FIQ_STACK_SIZE:0x400
                0x00000400                _UNDEF_STACK_SIZE = DEFINED (_UNDEF_STACK_SIZE)?_UNDEF_STACK_SIZE:0x400

.text           0x03800000     0x7d78
 *(.vectors)
 *(.boot_data)
 .boot_data     0x03800000       0x20 C:\Program Files (x86)\VEX Robotics\VEXcode Pro V5\sdk/vexv5\libv5rt.a(v5_startup.c.obj)
                0x03800000                vexCodeSig
                0x00000020                . = 0x20
 *(.boot)
 .boot          0x03800020       0xbc C:\Program Files (x86)\VEX Robotics\VEXcode Pro V5\sdk/vexv5\libv5rt.a(v5_startup.c.obj)
                0x03800020                vexStartup
                0x03800100                . = ALIGN (0x40)
 *fill*         0x038000dc       0x24 
 *(.freertos_vectors)
 *(.text)
 *(.text.*)
 .text._ZN3vex11motor_groupC2IJNS_5motorES2_EEERS2_DpRT_
                0x03800100       0x44 build/src/main.o
                0x03800100                vex::motor_group::motor_group<vex::motor, vex::motor>(vex::motor&, vex::motor&, vex::motor&)
 .text._ZN5DriveD2Ev
                0x03800144       0x7c build/src/main.o
                0x03800144                Drive::~Drive()
 .text._Z9pre_autonv
                0x038001c0      0x178 build/src/main.o
                0x038001c0                pre_auton()
 .text._Z10autonomousv
                0x03800338      0x240 build/src/main.o
                0x03800338                autonomous()
 .text._Z11usercontrolv
                0x03800578      0x330 build/src/main.o
                0x03800578                usercontrol()
 .text.main     0x038008a8       0xc0 build/src/main.o
                0x038008a8                main
 .text._ZZ4mainEN3$_08__invokeEv
                0x03800968       0x4c build/src/main.o
 .text._ZZ4mainEN3$_18__invokeEv
                0x038009b4       0x2c build/src/main.o
 .text._ZZ4mainEN3$_28__invokeEv
                0x038009e0       0x2c build/src/main.o
 .text._ZZ4mainEN3$_38__invokeEv
                0x03800a0c       0xa0 build/src/main.o
 .text._ZZ4mainEN3$_48__invokeEv
                0x03800aac       0x58 build/src/main.o
 .text._GLOBAL__sub_I_main.cpp
                0x03800b04      0x174 build/src/main.o
 .text._Z17default_constantsv
                0x03800c78      0x110 build/src/autons.o
                0x03800c78                default_constants()
 .text._Z19Defensive_MatchLoadv
                0x03800d88      0x590 build/src/autons.o
                0x03800d88                Defensive_MatchLoad()
 .text._Z6Skillsv
                0x03801318     0x11a8 build/src/autons.o
                0x03801318                Skills()
 .text._Z7NoAutonv
                0x038024c0       0x64 build/src/autons.o
                0x038024c0                NoAuton()
 *fill*         0x03802524        0x4 
 .text._Z22Offensive_5_Point_Rushv
                0x03802528      0xa78 build/src/autons.o
                0x03802528                Offensive_5_Point_Rush()
 .text._Z13Defensive_AWPv
                0x03802fa0      0x508 build/src/autons.o
                0x03802fa0                Defensive_AWP()
 .text._Z13Offensive_AWPv
                0x038034a8      0x320 build/src/autons.o
                0x038034a8                Offensive_AWP()
 .text._Z33rc_auto_loop_function_Controller1v
                0x038037c8       0xe4 build/src/robot-config.o
                0x038037c8                rc_auto_loop_function_Controller1()
 .text._Z11vexcodeInitv
                0x038038ac       0x28 build/src/robot-config.o
                0x038038ac                vexcodeInit()
 .text._GLOBAL__sub_I_robot_config.cpp
                0x038038d4      0x398 build/src/robot-config.o
 .text._Z15reduce_0_to_360f
                0x03803c6c       0x7c build/src/JAR-Template/util.o
                0x03803c6c                reduce_0_to_360(float)
 .text._Z26reduce_negative_180_to_180f
                0x03803ce8       0x90 build/src/JAR-Template/util.o
                0x03803ce8                reduce_negative_180_to_180(float)
 .text._Z5clampfff
                0x03803d78       0x2c build/src/JAR-Template/util.o
                0x03803d78                clamp(float, float, float)
 .text._Z11is_reversedd
                0x03803da4       0x18 build/src/JAR-Template/util.o
                0x03803da4                is_reversed(double)
 *fill*         0x03803dbc        0x4 
 .text._Z7to_voltf
                0x03803dc0       0x30 build/src/JAR-Template/util.o
                0x03803dc0                to_volt(float)
 .text._Z7to_porti
                0x03803df0       0x14 build/src/JAR-Template/util.o
                0x03803df0                to_port(int)
 .text._Z8deadbandff
                0x03803e04       0x28 build/src/JAR-Template/util.o
                0x03803e04                deadband(float, float)
 .text._ZN4Odom22set_physical_distancesEff
                0x03803e2c        0x8 build/src/JAR-Template/odom.o
                0x03803e2c                Odom::set_physical_distances(float, float)
 *fill*         0x03803e34        0x4 
 .text._ZN5DriveC2E11drive_setupN3vex11motor_groupES2_ifffiiiiiffiff
                0x03803e38      0x238 build/src/JAR-Template/drive.o
                0x03803e38                Drive::Drive(drive_setup, vex::motor_group, vex::motor_group, int, float, float, float, int, int, int, int, int, float, float, int, float, float)
                0x03803e38                Drive::Drive(drive_setup, vex::motor_group, vex::motor_group, int, float, float, float, int, int, int, int, int, float, float, int, float, float)
 .text._ZN5Drive18drive_with_voltageEff
                0x03804070       0x6c build/src/JAR-Template/drive.o
                0x03804070                Drive::drive_with_voltage(float, float)
 .text._ZN5Drive18set_turn_constantsEfffff
                0x038040dc       0x1c build/src/JAR-Template/drive.o
                0x038040dc                Drive::set_turn_constants(float, float, float, float, float)
 .text._ZN5Drive19set_drive_constantsEfffff
                0x038040f8       0x1c build/src/JAR-Template/drive.o
                0x038040f8                Drive::set_drive_constants(float, float, float, float, float)
 .text._ZN5Drive21set_heading_constantsEfffff
                0x03804114       0x1c build/src/JAR-Template/drive.o
                0x03804114                Drive::set_heading_constants(float, float, float, float, float)
 .text._ZN5Drive19set_swing_constantsEfffff
                0x03804130       0x1c build/src/JAR-Template/drive.o
                0x03804130                Drive::set_swing_constants(float, float, float, float, float)
 .text._ZN5Drive24set_turn_exit_conditionsEfff
                0x0380414c        0xc build/src/JAR-Template/drive.o
                0x0380414c                Drive::set_turn_exit_conditions(float, float, float)
 .text._ZN5Drive25set_drive_exit_conditionsEfff
                0x03804158        0xc build/src/JAR-Template/drive.o
                0x03804158                Drive::set_drive_exit_conditions(float, float, float)
 .text._ZN5Drive25set_swing_exit_conditionsEfff
                0x03804164        0xc build/src/JAR-Template/drive.o
                0x03804164                Drive::set_swing_exit_conditions(float, float, float)
 .text._ZN5Drive13turn_to_angleEf
                0x03804170       0x50 build/src/JAR-Template/drive.o
                0x03804170                Drive::turn_to_angle(float)
 .text._ZN5Drive13turn_to_angleEfffffffff
                0x038041c0      0x178 build/src/JAR-Template/drive.o
                0x038041c0                Drive::turn_to_angle(float, float, float, float, float, float, float, float, float)
 .text._ZN5Drive13turn_to_angleEfffff
                0x03804338       0x48 build/src/JAR-Template/drive.o
                0x03804338                Drive::turn_to_angle(float, float, float, float, float)
 .text._ZN5Drive14drive_distanceEf
                0x03804380       0x80 build/src/JAR-Template/drive.o
                0x03804380                Drive::drive_distance(float)
 .text._ZN5Drive14drive_distanceEfffffffffffffff
                0x03804400      0x2e0 build/src/JAR-Template/drive.o
                0x03804400                Drive::drive_distance(float, float, float, float, float, float, float, float, float, float, float, float, float, float, float)
 .text._ZN5Drive14drive_distanceEfffffff
                0x038046e0       0x78 build/src/JAR-Template/drive.o
                0x038046e0                Drive::drive_distance(float, float, float, float, float, float, float)
 .text._ZN5Drive19left_swing_to_angleEf
                0x03804758       0x50 build/src/JAR-Template/drive.o
                0x03804758                Drive::left_swing_to_angle(float)
 .text._ZN5Drive19left_swing_to_angleEfffffffff
                0x038047a8      0x1d8 build/src/JAR-Template/drive.o
                0x038047a8                Drive::left_swing_to_angle(float, float, float, float, float, float, float, float, float)
 .text._ZN5Drive20right_swing_to_angleEfffffffff
                0x03804980      0x1d8 build/src/JAR-Template/drive.o
                0x03804980                Drive::right_swing_to_angle(float, float, float, float, float, float, float, float, float)
 .text._ZN5Drive12control_tankEv
                0x03804b58       0xfc build/src/JAR-Template/drive.o
                0x03804b58                Drive::control_tank()
 .text._ZN3PIDC2Efffff
                0x03804c54       0x2c build/src/JAR-Template/PID.o
                0x03804c54                PID::PID(float, float, float, float, float)
                0x03804c54                PID::PID(float, float, float, float, float)
 .text._ZN3PIDC2Effffffff
                0x03804c80       0x44 build/src/JAR-Template/PID.o
                0x03804c80                PID::PID(float, float, float, float, float, float, float, float)
                0x03804c80                PID::PID(float, float, float, float, float, float, float, float)
 .text._ZN3PID7computeEf
                0x03804cc4       0xd0 build/src/JAR-Template/PID.o
                0x03804cc4                PID::compute(float)
 .text._ZN3PID10is_settledEv
                0x03804d94       0x44 build/src/JAR-Template/PID.o
                0x03804d94                PID::is_settled()
 .text.vexMain  0x03804dd8       0xb0 C:\Program Files (x86)\VEX Robotics\VEXcode Pro V5\sdk/vexv5\libv5rt.a(v5_startup.c.obj)
                0x03804dd8                vexMain
 .text.__vex_function_prolog
                0x03804e88       0x18 C:\Program Files (x86)\VEX Robotics\VEXcode Pro V5\sdk/vexv5\libv5rt.a(v5_startup.c.obj)
                0x03804e88                __vex_function_prolog
 .text._init    0x03804ea0        0x4 C:\Program Files (x86)\VEX Robotics\VEXcode Pro V5\sdk/vexv5\libv5rt.a(v5_startup.c.obj)
                0x03804ea0                _init
 .text._fini    0x03804ea4        0x4 C:\Program Files (x86)\VEX Robotics\VEXcode Pro V5\sdk/vexv5\libv5rt.a(v5_startup.c.obj)
                0x03804ea4                _fini
 .text.vexStdlibVersionLinked
                0x03804ea8        0xc C:\Program Files (x86)\VEX Robotics\VEXcode Pro V5\sdk/vexv5\libv5rt.a(v5_util.c.obj)
                0x03804ea8                vexStdlibVersionLinked
 .text.vexStdlibVersionVerify
                0x03804eb4       0x30 C:\Program Files (x86)\VEX Robotics\VEXcode Pro V5\sdk/vexv5\libv5rt.a(v5_util.c.obj)
                0x03804eb4                vexStdlibVersionVerify
 .text.vexPrivateApiEnable
                0x03804ee4       0x10 C:\Program Files (x86)\VEX Robotics\VEXcode Pro V5\sdk/vexv5\libv5rt.a(v5_apijump.c.obj)
                0x03804ee4                vexPrivateApiEnable
 .text.vexStdlibMismatchError
                0x03804ef4       0x3c C:\Program Files (x86)\VEX Robotics\VEXcode Pro V5\sdk/vexv5\libv5rt.a(v5_apijump.c.obj)
                0x03804ef4                vexStdlibMismatchError
 .text.vexTaskAdd
                0x03804f30       0x10 C:\Program Files (x86)\VEX Robotics\VEXcode Pro V5\sdk/vexv5\libv5rt.a(v5_apijump.c.obj)
                0x03804f30                vexTaskAdd
 .text.vexTasksRun
                0x03804f40       0x10 C:\Program Files (x86)\VEX Robotics\VEXcode Pro V5\sdk/vexv5\libv5rt.a(v5_apijump.c.obj)
                0x03804f40                vexTasksRun
 .text.vexTaskYield
                0x03804f50       0x10 C:\Program Files (x86)\VEX Robotics\VEXcode Pro V5\sdk/vexv5\libv5rt.a(v5_apijump.c.obj)
                0x03804f50                vexTaskYield
 .text.vexTaskCheckTimeslice
                0x03804f60       0x10 C:\Program Files (x86)\VEX Robotics\VEXcode Pro V5\sdk/vexv5\libv5rt.a(v5_apijump.c.obj)
                0x03804f60                vexTaskCheckTimeslice
 .text.vexTaskGetIndex
                0x03804f70       0x10 C:\Program Files (x86)\VEX Robotics\VEXcode Pro V5\sdk/vexv5\libv5rt.a(v5_apijump.c.obj)
                0x03804f70                vexTaskGetIndex
 .text.vexTaskSleep
                0x03804f80       0x10 C:\Program Files (x86)\VEX Robotics\VEXcode Pro V5\sdk/vexv5\libv5rt.a(v5_apijump.c.obj)
                0x03804f80                vexTaskSleep
 .text.vexTasksDump
                0x03804f90       0x1c C:\Program Files (x86)\VEX Robotics\VEXcode Pro V5\sdk/vexv5\libv5rt.a(v5_apijump.c.obj)
                0x03804f90                vexTasksDump
 .text.vexTaskGetTaskIndex
                0x03804fac       0x10 C:\Program Files (x86)\VEX Robotics\VEXcode Pro V5\sdk/vexv5\libv5rt.a(v5_apijump.c.obj)
                0x03804fac                vexTaskGetTaskIndex
 .text.vexTaskStopAll
                0x03804fbc       0x10 C:\Program Files (x86)\VEX Robotics\VEXcode Pro V5\sdk/vexv5\libv5rt.a(v5_apijump.c.obj)
                0x03804fbc                vexTaskStopAll
 .text.vexTaskRemoveAllUser
                0x03804fcc       0x34 C:\Program Files (x86)\VEX Robotics\VEXcode Pro V5\sdk/vexv5\libv5rt.a(v5_apijump.c.obj)
                0x03804fcc                vexTaskRemoveAllUser
 .text.vexTaskCompletionIdSet
                0x03805000       0x10 C:\Program Files (x86)\VEX Robotics\VEXcode Pro V5\sdk/vexv5\libv5rt.a(v5_apijump.c.obj)
                0x03805000                vexTaskCompletionIdSet
 .text.vexTaskStopWithId
                0x03805010       0x10 C:\Program Files (x86)\VEX Robotics\VEXcode Pro V5\sdk/vexv5\libv5rt.a(v5_apijump.c.obj)
                0x03805010                vexTaskStopWithId
 .text.vexTaskGetCallbackAndId
                0x03805020       0x54 C:\Program Files (x86)\VEX Robotics\VEXcode Pro V5\sdk/vexv5\libv5rt.a(v5_apijump.c.obj)
                0x03805020                vexTaskGetCallbackAndId
 .text.vexCriticalSection
                0x03805074       0x2c C:\Program Files (x86)\VEX Robotics\VEXcode Pro V5\sdk/vexv5\libv5rt.a(v5_apijump.c.obj)
                0x03805074                vexCriticalSection
 .text.vexEventAdd
                0x038050a0       0x34 C:\Program Files (x86)\VEX Robotics\VEXcode Pro V5\sdk/vexv5\libv5rt.a(v5_apijump.c.obj)
                0x038050a0                vexEventAdd
 .text.vexEventUserIndexGet
                0x038050d4       0x1c C:\Program Files (x86)\VEX Robotics\VEXcode Pro V5\sdk/vexv5\libv5rt.a(v5_apijump.c.obj)
                0x038050d4                vexEventUserIndexGet
 .text.vexEventAddWithArg
                0x038050f0       0x3c C:\Program Files (x86)\VEX Robotics\VEXcode Pro V5\sdk/vexv5\libv5rt.a(v5_apijump.c.obj)
                0x038050f0                vexEventAddWithArg
 .text.vexEventsCleanup
                0x0380512c       0x2c C:\Program Files (x86)\VEX Robotics\VEXcode Pro V5\sdk/vexv5\libv5rt.a(v5_apijump.c.obj)
                0x0380512c                vexEventsCleanup
 .text.vexDebug
                0x03805158       0x38 C:\Program Files (x86)\VEX Robotics\VEXcode Pro V5\sdk/vexv5\libv5rt.a(v5_apijump.c.obj)
                0x03805158                vexDebug
 .text.vex_sprintf
                0x03805190       0x40 C:\Program Files (x86)\VEX Robotics\VEXcode Pro V5\sdk/vexv5\libv5rt.a(v5_apijump.c.obj)
                0x03805190                vex_sprintf
 .text.vex_vsnprintf
                0x038051d0       0x3c C:\Program Files (x86)\VEX Robotics\VEXcode Pro V5\sdk/vexv5\libv5rt.a(v5_apijump.c.obj)
                0x038051d0                vex_vsnprintf
 .text.vexSystemTimeGet
                0x0380520c       0x1c C:\Program Files (x86)\VEX Robotics\VEXcode Pro V5\sdk/vexv5\libv5rt.a(v5_apijump.c.obj)
                0x0380520c                vexSystemTimeGet
 .text.vexSystemExitRequest
                0x03805228       0x1c C:\Program Files (x86)\VEX Robotics\VEXcode Pro V5\sdk/vexv5\libv5rt.a(v5_apijump.c.obj)
                0x03805228                vexSystemExitRequest
 .text.vexDeviceGetByIndex
                0x03805244       0x24 C:\Program Files (x86)\VEX Robotics\VEXcode Pro V5\sdk/vexv5\libv5rt.a(v5_apijump.c.obj)
                0x03805244                vexDeviceGetByIndex
 .text.vexControllerGet
                0x03805268       0x2c C:\Program Files (x86)\VEX Robotics\VEXcode Pro V5\sdk/vexv5\libv5rt.a(v5_apijump.c.obj)
                0x03805268                vexControllerGet
 .text.vexControllerTextSet
                0x03805294       0x74 C:\Program Files (x86)\VEX Robotics\VEXcode Pro V5\sdk/vexv5\libv5rt.a(v5_apijump.c.obj)
                0x03805294                vexControllerTextSet
 .text.vexDeviceAdiPortConfigSet
                0x03805308       0x34 C:\Program Files (x86)\VEX Robotics\VEXcode Pro V5\sdk/vexv5\libv5rt.a(v5_apijump.c.obj)
                0x03805308                vexDeviceAdiPortConfigSet
 .text.vexDeviceAdiPortConfigGet
                0x0380533c       0x2c C:\Program Files (x86)\VEX Robotics\VEXcode Pro V5\sdk/vexv5\libv5rt.a(v5_apijump.c.obj)
                0x0380533c                vexDeviceAdiPortConfigGet
 .text.vexDeviceAdiValueSet
                0x03805368       0x34 C:\Program Files (x86)\VEX Robotics\VEXcode Pro V5\sdk/vexv5\libv5rt.a(v5_apijump.c.obj)
                0x03805368                vexDeviceAdiValueSet
 .text.vexDeviceAdiValueGet
                0x0380539c       0x2c C:\Program Files (x86)\VEX Robotics\VEXcode Pro V5\sdk/vexv5\libv5rt.a(v5_apijump.c.obj)
                0x0380539c                vexDeviceAdiValueGet
 .text.vexDeviceMotorVelocitySet
                0x038053c8       0x2c C:\Program Files (x86)\VEX Robotics\VEXcode Pro V5\sdk/vexv5\libv5rt.a(v5_apijump.c.obj)
                0x038053c8                vexDeviceMotorVelocitySet
 .text.vexDeviceMotorVoltageSet
                0x038053f4       0x2c C:\Program Files (x86)\VEX Robotics\VEXcode Pro V5\sdk/vexv5\libv5rt.a(v5_apijump.c.obj)
                0x038053f4                vexDeviceMotorVoltageSet
 .text.vexDeviceMotorActualVelocityGet
                0x03805420       0x24 C:\Program Files (x86)\VEX Robotics\VEXcode Pro V5\sdk/vexv5\libv5rt.a(v5_apijump.c.obj)
                0x03805420                vexDeviceMotorActualVelocityGet
 .text.vexDeviceMotorCurrentLimitSet
                0x03805444       0x2c C:\Program Files (x86)\VEX Robotics\VEXcode Pro V5\sdk/vexv5\libv5rt.a(v5_apijump.c.obj)
                0x03805444                vexDeviceMotorCurrentLimitSet
 .text.vexDeviceMotorReverseFlagSet
                0x03805470       0x2c C:\Program Files (x86)\VEX Robotics\VEXcode Pro V5\sdk/vexv5\libv5rt.a(v5_apijump.c.obj)
                0x03805470                vexDeviceMotorReverseFlagSet
 .text.vexDeviceMotorEncoderUnitsSet
                0x0380549c       0x2c C:\Program Files (x86)\VEX Robotics\VEXcode Pro V5\sdk/vexv5\libv5rt.a(v5_apijump.c.obj)
                0x0380549c                vexDeviceMotorEncoderUnitsSet
 .text.vexDeviceMotorBrakeModeSet
                0x038054c8       0x2c C:\Program Files (x86)\VEX Robotics\VEXcode Pro V5\sdk/vexv5\libv5rt.a(v5_apijump.c.obj)
                0x038054c8                vexDeviceMotorBrakeModeSet
 .text.vexDeviceMotorPositionSet
                0x038054f4       0x34 C:\Program Files (x86)\VEX Robotics\VEXcode Pro V5\sdk/vexv5\libv5rt.a(v5_apijump.c.obj)
                0x038054f4                vexDeviceMotorPositionSet
 .text.vexDeviceMotorPositionGet
                0x03805528       0x24 C:\Program Files (x86)\VEX Robotics\VEXcode Pro V5\sdk/vexv5\libv5rt.a(v5_apijump.c.obj)
                0x03805528                vexDeviceMotorPositionGet
 .text.vexDeviceMotorGearingSet
                0x0380554c       0x2c C:\Program Files (x86)\VEX Robotics\VEXcode Pro V5\sdk/vexv5\libv5rt.a(v5_apijump.c.obj)
                0x0380554c                vexDeviceMotorGearingSet
 .text.vexDeviceMotorGearingGet
                0x03805578       0x24 C:\Program Files (x86)\VEX Robotics\VEXcode Pro V5\sdk/vexv5\libv5rt.a(v5_apijump.c.obj)
                0x03805578                vexDeviceMotorGearingGet
 .text.vexDeviceImuReset
                0x0380559c       0x24 C:\Program Files (x86)\VEX Robotics\VEXcode Pro V5\sdk/vexv5\libv5rt.a(v5_apijump.c.obj)
                0x0380559c                vexDeviceImuReset
 .text.vexDeviceImuHeadingGet
                0x038055c0       0x24 C:\Program Files (x86)\VEX Robotics\VEXcode Pro V5\sdk/vexv5\libv5rt.a(v5_apijump.c.obj)
                0x038055c0                vexDeviceImuHeadingGet
 .text.vexDeviceImuDegreesGet
                0x038055e4       0x24 C:\Program Files (x86)\VEX Robotics\VEXcode Pro V5\sdk/vexv5\libv5rt.a(v5_apijump.c.obj)
                0x038055e4                vexDeviceImuDegreesGet
 .text.vexDeviceImuStatusGet
                0x03805608       0x24 C:\Program Files (x86)\VEX Robotics\VEXcode Pro V5\sdk/vexv5\libv5rt.a(v5_apijump.c.obj)
                0x03805608                vexDeviceImuStatusGet
 .text.vexDeviceAbsEncAngleGet
                0x0380562c       0x24 C:\Program Files (x86)\VEX Robotics\VEXcode Pro V5\sdk/vexv5\libv5rt.a(v5_apijump.c.obj)
                0x0380562c                vexDeviceAbsEncAngleGet
 .text.vexDeviceAbsEncReverseFlagSet
                0x03805650       0x2c C:\Program Files (x86)\VEX Robotics\VEXcode Pro V5\sdk/vexv5\libv5rt.a(v5_apijump.c.obj)
                0x03805650                vexDeviceAbsEncReverseFlagSet
 .text.vexDisplayForegroundColor
                0x0380567c       0x24 C:\Program Files (x86)\VEX Robotics\VEXcode Pro V5\sdk/vexv5\libv5rt.a(v5_apijump.c.obj)
                0x0380567c                vexDisplayForegroundColor
 .text.vexDisplayBackgroundColor
                0x038056a0       0x24 C:\Program Files (x86)\VEX Robotics\VEXcode Pro V5\sdk/vexv5\libv5rt.a(v5_apijump.c.obj)
                0x038056a0                vexDisplayBackgroundColor
 .text.vexDisplayBackgroundColorGet
                0x038056c4       0x1c C:\Program Files (x86)\VEX Robotics\VEXcode Pro V5\sdk/vexv5\libv5rt.a(v5_apijump.c.obj)
                0x038056c4                vexDisplayBackgroundColorGet
 .text.vexDisplayRectClear
                0x038056e0       0x4c C:\Program Files (x86)\VEX Robotics\VEXcode Pro V5\sdk/vexv5\libv5rt.a(v5_apijump.c.obj)
                0x038056e0                vexDisplayRectClear
 .text.vexDisplayVPrintf
                0x0380572c       0x50 C:\Program Files (x86)\VEX Robotics\VEXcode Pro V5\sdk/vexv5\libv5rt.a(v5_apijump.c.obj)
                0x0380572c                vexDisplayVPrintf
 .text.vexDisplayTextReference
                0x0380577c       0x24 C:\Program Files (x86)\VEX Robotics\VEXcode Pro V5\sdk/vexv5\libv5rt.a(v5_apijump.c.obj)
                0x0380577c                vexDisplayTextReference
 .text.vexDisplayTextSize
                0x038057a0       0x2c C:\Program Files (x86)\VEX Robotics\VEXcode Pro V5\sdk/vexv5\libv5rt.a(v5_apijump.c.obj)
                0x038057a0                vexDisplayTextSize
 .text.vexDisplayFontNamedSet
                0x038057cc       0x24 C:\Program Files (x86)\VEX Robotics\VEXcode Pro V5\sdk/vexv5\libv5rt.a(v5_apijump.c.obj)
                0x038057cc                vexDisplayFontNamedSet
 .text.vexDisplayStringWidthGet
                0x038057f0       0x24 C:\Program Files (x86)\VEX Robotics\VEXcode Pro V5\sdk/vexv5\libv5rt.a(v5_apijump.c.obj)
                0x038057f0                vexDisplayStringWidthGet
 .text.vexSystemStdlibImpureDataAddr
                0x03805814       0x28 C:\Program Files (x86)\VEX Robotics\VEXcode Pro V5\sdk/vexv5\libv5rt.a(v5_apijump.c.obj)
                0x03805814                vexSystemStdlibImpureDataAddr
 .text.vexSystemStdlibImpureDataSize
                0x0380583c       0x28 C:\Program Files (x86)\VEX Robotics\VEXcode Pro V5\sdk/vexv5\libv5rt.a(v5_apijump.c.obj)
                0x0380583c                vexSystemStdlibImpureDataSize
 .text.vexSystemSaveUserData
                0x03805864       0x3c C:\Program Files (x86)\VEX Robotics\VEXcode Pro V5\sdk/vexv5\libv5rt.a(v5_apijump.c.obj)
                0x03805864                vexSystemSaveUserData
 .text.vexTouchDataGet
                0x038058a0       0x10 C:\Program Files (x86)\VEX Robotics\VEXcode Pro V5\sdk/vexv5\libv5rt.a(v5_apijump.c.obj)
                0x038058a0                vexTouchDataGet
 .text.vexDisplayThemeIdGet
                0x038058b0       0x38 C:\Program Files (x86)\VEX Robotics\VEXcode Pro V5\sdk/vexv5\libv5rt.a(v5_apijump.c.obj)
                0x038058b0                vexDisplayThemeIdGet
 .text.vexDeviceEventMaskSet
                0x038058e8       0x48 C:\Program Files (x86)\VEX Robotics\VEXcode Pro V5\sdk/vexv5\libv5rt.a(v5_apijump.c.obj)
                0x038058e8                vexDeviceEventMaskSet
 .text.vexDeviceEventMaskGet
                0x03805930       0x3c C:\Program Files (x86)\VEX Robotics\VEXcode Pro V5\sdk/vexv5\libv5rt.a(v5_apijump.c.obj)
                0x03805930                vexDeviceEventMaskGet
 .text.vexSystemVersion
                0x0380596c       0x10 C:\Program Files (x86)\VEX Robotics\VEXcode Pro V5\sdk/vexv5\libv5rt.a(v5_apiversions.c.obj)
                0x0380596c                vexSystemVersion
 .text.vexStdlibVersion
                0x0380597c       0x10 C:\Program Files (x86)\VEX Robotics\VEXcode Pro V5\sdk/vexv5\libv5rt.a(v5_apiversions.c.obj)
                0x0380597c                vexStdlibVersion
 *fill*         0x0380598c        0x4 
 .text._ZN3vex4waitEdNS_9timeUnitsE
                0x03805990       0x30 C:\Program Files (x86)\VEX Robotics\VEXcode Pro V5\sdk/vexv5\libv5rt.a(vex_global.cpp.obj)
                0x03805990                vex::wait(double, vex::timeUnits)
 .text._ZN3vex5motorD2Ev
                0x038059c0       0x20 C:\Program Files (x86)\VEX Robotics\VEXcode Pro V5\sdk/vexv5\libv5rt.a(vex_motor.cpp.obj)
                0x038059c0                vex::motor::~motor()
                0x038059c0                vex::motor::~motor()
 .text._ZN3vex5motorD0Ev
                0x038059e0       0x1c C:\Program Files (x86)\VEX Robotics\VEXcode Pro V5\sdk/vexv5\libv5rt.a(vex_motor.cpp.obj)
                0x038059e0                vex::motor::~motor()
 .text._ZN3vex5motor9installedEv
                0x038059fc       0x18 C:\Program Files (x86)\VEX Robotics\VEXcode Pro V5\sdk/vexv5\libv5rt.a(vex_motor.cpp.obj)
                0x038059fc                vex::motor::installed()
 .text._ZN3vex5motor15defaultStoppingENS_9brakeTypeE
                0x03805a14       0x30 C:\Program Files (x86)\VEX Robotics\VEXcode Pro V5\sdk/vexv5\libv5rt.a(vex_motor.cpp.obj)
                0x03805a14                vex::motor::defaultStopping(vex::brakeType)
 .text._ZN3vex5motor8setBrakeENS_9brakeTypeE
                0x03805a44        0x4 C:\Program Files (x86)\VEX Robotics\VEXcode Pro V5\sdk/vexv5\libv5rt.a(vex_motor.cpp.obj)
                0x03805a44                vex::motor::setBrake(vex::brakeType)
 .text._ZN3vex5motorC2El
                0x03805a48       0x78 C:\Program Files (x86)\VEX Robotics\VEXcode Pro V5\sdk/vexv5\libv5rt.a(vex_motor.cpp.obj)
                0x03805a48                vex::motor::motor(long)
                0x03805a48                vex::motor::motor(long)
 .text._ZN3vex5motorC2ElNS_11gearSettingEb
                0x03805ac0       0x34 C:\Program Files (x86)\VEX Robotics\VEXcode Pro V5\sdk/vexv5\libv5rt.a(vex_motor.cpp.obj)
                0x03805ac0                vex::motor::motor(long, vex::gearSetting, bool)
                0x03805ac0                vex::motor::motor(long, vex::gearSetting, bool)
 .text._ZN3vex5motorC2Elb
                0x03805af4       0x24 C:\Program Files (x86)\VEX Robotics\VEXcode Pro V5\sdk/vexv5\libv5rt.a(vex_motor.cpp.obj)
                0x03805af4                vex::motor::motor(long, bool)
                0x03805af4                vex::motor::motor(long, bool)
 .text._ZN3vex5motor4spinENS_13directionTypeEdNS_12voltageUnitsE
                0x03805b18       0x50 C:\Program Files (x86)\VEX Robotics\VEXcode Pro V5\sdk/vexv5\libv5rt.a(vex_motor.cpp.obj)
                0x03805b18                vex::motor::spin(vex::directionType, double, vex::voltageUnits)
 .text._ZN3vex5motor4stopENS_9brakeTypeE
                0x03805b68       0x30 C:\Program Files (x86)\VEX Robotics\VEXcode Pro V5\sdk/vexv5\libv5rt.a(vex_motor.cpp.obj)
                0x03805b68                vex::motor::stop(vex::brakeType)
 .text._ZN3vex5motor4stopEv
                0x03805b98        0x8 C:\Program Files (x86)\VEX Robotics\VEXcode Pro V5\sdk/vexv5\libv5rt.a(vex_motor.cpp.obj)
                0x03805b98                vex::motor::stop()
 .text._ZN3vex5motor12setMaxTorqueEdNS_12percentUnitsE
                0x03805ba0       0x88 C:\Program Files (x86)\VEX Robotics\VEXcode Pro V5\sdk/vexv5\libv5rt.a(vex_motor.cpp.obj)
                0x03805ba0                vex::motor::setMaxTorque(double, vex::percentUnits)
 .text._ZN3vex5motor16velocityToScaledEdNS_13velocityUnitsE
                0x03805c28       0x5c C:\Program Files (x86)\VEX Robotics\VEXcode Pro V5\sdk/vexv5\libv5rt.a(vex_motor.cpp.obj)
                0x03805c28                vex::motor::velocityToScaled(double, vex::velocityUnits)
 .text._ZN3vex5motor8velocityENS_13velocityUnitsE
                0x03805c84       0x30 C:\Program Files (x86)\VEX Robotics\VEXcode Pro V5\sdk/vexv5\libv5rt.a(vex_motor.cpp.obj)
                0x03805c84                vex::motor::velocity(vex::velocityUnits)
 .text._ZN3vex5motor5valueEv
                0x03805cb4       0x1c C:\Program Files (x86)\VEX Robotics\VEXcode Pro V5\sdk/vexv5\libv5rt.a(vex_motor.cpp.obj)
                0x03805cb4                vex::motor::value()
 .text._ZN3vex5motor16scaledToVelocityEdNS_13velocityUnitsE
                0x03805cd0       0xa4 C:\Program Files (x86)\VEX Robotics\VEXcode Pro V5\sdk/vexv5\libv5rt.a(vex_motor.cpp.obj)
                0x03805cd0                vex::motor::scaledToVelocity(double, vex::velocityUnits)
 .text._ZN3vex5motor4spinENS_13directionTypeEdNS_13velocityUnitsE
                0x03805d74       0x5c C:\Program Files (x86)\VEX Robotics\VEXcode Pro V5\sdk/vexv5\libv5rt.a(vex_motor.cpp.obj)
                0x03805d74                vex::motor::spin(vex::directionType, double, vex::velocityUnits)
 .text._ZN3vex5motor4spinENS_13directionTypeE
                0x03805dd0       0x28 C:\Program Files (x86)\VEX Robotics\VEXcode Pro V5\sdk/vexv5\libv5rt.a(vex_motor.cpp.obj)
                0x03805dd0                vex::motor::spin(vex::directionType)
 .text._ZN3vex5motor11setVelocityEdNS_13velocityUnitsE
                0x03805df8       0x54 C:\Program Files (x86)\VEX Robotics\VEXcode Pro V5\sdk/vexv5\libv5rt.a(vex_motor.cpp.obj)
                0x03805df8                vex::motor::setVelocity(double, vex::velocityUnits)
 .text._ZN3vex5motor16setRotationUnitsENS_13rotationUnitsE
                0x03805e4c       0x1c C:\Program Files (x86)\VEX Robotics\VEXcode Pro V5\sdk/vexv5\libv5rt.a(vex_motor.cpp.obj)
                0x03805e4c                vex::motor::setRotationUnits(vex::rotationUnits)
 .text._ZN3vex5motor8positionENS_13rotationUnitsE
                0x03805e68       0x44 C:\Program Files (x86)\VEX Robotics\VEXcode Pro V5\sdk/vexv5\libv5rt.a(vex_motor.cpp.obj)
                0x03805e68                vex::motor::position(vex::rotationUnits)
 .text._ZN3vex8inertial11getTurnTypeEv
                0x03805eac        0x8 C:\Program Files (x86)\VEX Robotics\VEXcode Pro V5\sdk/vexv5\libv5rt.a(vex_imu.cpp.obj)
                0x03805eac                vex::inertial::getTurnType()
 .text._ZThn16_N3vex8inertial11getTurnTypeEv
                0x03805eb4        0x8 C:\Program Files (x86)\VEX Robotics\VEXcode Pro V5\sdk/vexv5\libv5rt.a(vex_imu.cpp.obj)
                0x03805eb4                non-virtual thunk to vex::inertial::getTurnType()
 *fill*         0x03805ebc        0x4 
 .text._ZN3vex8inertial10setHeadingEdNS_13rotationUnitsE
                0x03805ec0       0x58 C:\Program Files (x86)\VEX Robotics\VEXcode Pro V5\sdk/vexv5\libv5rt.a(vex_imu.cpp.obj)
                0x03805ec0                vex::inertial::setHeading(double, vex::rotationUnits)
 .text._ZThn16_N3vex8inertial10setHeadingEdNS_13rotationUnitsE
                0x03805f18        0x8 C:\Program Files (x86)\VEX Robotics\VEXcode Pro V5\sdk/vexv5\libv5rt.a(vex_imu.cpp.obj)
                0x03805f18                non-virtual thunk to vex::inertial::setHeading(double, vex::rotationUnits)
 .text._ZN3vex8inertial11setRotationEdNS_13rotationUnitsE
                0x03805f20       0x58 C:\Program Files (x86)\VEX Robotics\VEXcode Pro V5\sdk/vexv5\libv5rt.a(vex_imu.cpp.obj)
                0x03805f20                vex::inertial::setRotation(double, vex::rotationUnits)
 .text._ZThn16_N3vex8inertial11setRotationEdNS_13rotationUnitsE
                0x03805f78        0x8 C:\Program Files (x86)\VEX Robotics\VEXcode Pro V5\sdk/vexv5\libv5rt.a(vex_imu.cpp.obj)
                0x03805f78                non-virtual thunk to vex::inertial::setRotation(double, vex::rotationUnits)
 .text._ZN3vex8inertialD2Ev
                0x03805f80       0x20 C:\Program Files (x86)\VEX Robotics\VEXcode Pro V5\sdk/vexv5\libv5rt.a(vex_imu.cpp.obj)
                0x03805f80                vex::inertial::~inertial()
                0x03805f80                vex::inertial::~inertial()
 .text._ZThn16_N3vex8inertialD1Ev
                0x03805fa0        0x8 C:\Program Files (x86)\VEX Robotics\VEXcode Pro V5\sdk/vexv5\libv5rt.a(vex_imu.cpp.obj)
                0x03805fa0                non-virtual thunk to vex::inertial::~inertial()
 .text._ZN3vex8inertialD0Ev
                0x03805fa8       0x1c C:\Program Files (x86)\VEX Robotics\VEXcode Pro V5\sdk/vexv5\libv5rt.a(vex_imu.cpp.obj)
                0x03805fa8                vex::inertial::~inertial()
 .text._ZThn16_N3vex8inertialD0Ev
                0x03805fc4        0x8 C:\Program Files (x86)\VEX Robotics\VEXcode Pro V5\sdk/vexv5\libv5rt.a(vex_imu.cpp.obj)
                0x03805fc4                non-virtual thunk to vex::inertial::~inertial()
 .text._ZN3vex8inertial9installedEv
                0x03805fcc       0x18 C:\Program Files (x86)\VEX Robotics\VEXcode Pro V5\sdk/vexv5\libv5rt.a(vex_imu.cpp.obj)
                0x03805fcc                vex::inertial::installed()
 .text._ZN3vex8inertial5angleENS_13rotationUnitsE
                0x03805fe4       0x6c C:\Program Files (x86)\VEX Robotics\VEXcode Pro V5\sdk/vexv5\libv5rt.a(vex_imu.cpp.obj)
                0x03805fe4                vex::inertial::angle(vex::rotationUnits)
 .text._ZThn16_N3vex8inertial5angleENS_13rotationUnitsE
                0x03806050        0x8 C:\Program Files (x86)\VEX Robotics\VEXcode Pro V5\sdk/vexv5\libv5rt.a(vex_imu.cpp.obj)
                0x03806050                non-virtual thunk to vex::inertial::angle(vex::rotationUnits)
 .text._ZN3vex8inertial7headingENS_13rotationUnitsE
                0x03806058        0x4 C:\Program Files (x86)\VEX Robotics\VEXcode Pro V5\sdk/vexv5\libv5rt.a(vex_imu.cpp.obj)
                0x03806058                vex::inertial::heading(vex::rotationUnits)
 .text._ZThn16_N3vex8inertial7headingENS_13rotationUnitsE
                0x0380605c        0x8 C:\Program Files (x86)\VEX Robotics\VEXcode Pro V5\sdk/vexv5\libv5rt.a(vex_imu.cpp.obj)
                0x0380605c                non-virtual thunk to vex::inertial::heading(vex::rotationUnits)
 .text._ZN3vex8inertial5valueEv
                0x03806064       0x1c C:\Program Files (x86)\VEX Robotics\VEXcode Pro V5\sdk/vexv5\libv5rt.a(vex_imu.cpp.obj)
                0x03806064                vex::inertial::value()
 .text._ZN3vex8inertial8rotationENS_13rotationUnitsE
                0x03806080       0x48 C:\Program Files (x86)\VEX Robotics\VEXcode Pro V5\sdk/vexv5\libv5rt.a(vex_imu.cpp.obj)
                0x03806080                vex::inertial::rotation(vex::rotationUnits)
 .text._ZThn16_N3vex8inertial8rotationENS_13rotationUnitsE
                0x038060c8        0x8 C:\Program Files (x86)\VEX Robotics\VEXcode Pro V5\sdk/vexv5\libv5rt.a(vex_imu.cpp.obj)
                0x038060c8                non-virtual thunk to vex::inertial::rotation(vex::rotationUnits)
 .text._ZN3vex8inertial13isCalibratingEv
                0x038060d0       0x38 C:\Program Files (x86)\VEX Robotics\VEXcode Pro V5\sdk/vexv5\libv5rt.a(vex_imu.cpp.obj)
                0x038060d0                vex::inertial::isCalibrating()
 .text._ZThn16_N3vex8inertial13isCalibratingEv
                0x03806108        0x8 C:\Program Files (x86)\VEX Robotics\VEXcode Pro V5\sdk/vexv5\libv5rt.a(vex_imu.cpp.obj)
                0x03806108                non-virtual thunk to vex::inertial::isCalibrating()
 .text._ZN3vex8inertialC2ElNS_8turnTypeE
                0x03806110       0x4c C:\Program Files (x86)\VEX Robotics\VEXcode Pro V5\sdk/vexv5\libv5rt.a(vex_imu.cpp.obj)
                0x03806110                vex::inertial::inertial(long, vex::turnType)
                0x03806110                vex::inertial::inertial(long, vex::turnType)
 .text._ZN3vex8inertial16startCalibrationEl
                0x0380615c       0x20 C:\Program Files (x86)\VEX Robotics\VEXcode Pro V5\sdk/vexv5\libv5rt.a(vex_imu.cpp.obj)
                0x0380615c                vex::inertial::startCalibration(long)
 .text._ZN3vex8inertial9calibrateEl
                0x0380617c        0xc C:\Program Files (x86)\VEX Robotics\VEXcode Pro V5\sdk/vexv5\libv5rt.a(vex_imu.cpp.obj)
                0x0380617c                vex::inertial::calibrate(long)
                0x03806180                non-virtual thunk to vex::inertial::calibrate(long)
 .text._ZN3vex8rotationD2Ev
                0x03806188       0x20 C:\Program Files (x86)\VEX Robotics\VEXcode Pro V5\sdk/vexv5\libv5rt.a(vex_rotation.cpp.obj)
                0x03806188                vex::rotation::~rotation()
                0x03806188                vex::rotation::~rotation()
 .text._ZN3vex8rotationD0Ev
                0x038061a8       0x1c C:\Program Files (x86)\VEX Robotics\VEXcode Pro V5\sdk/vexv5\libv5rt.a(vex_rotation.cpp.obj)
                0x038061a8                vex::rotation::~rotation()
 .text._ZN3vex8rotation9installedEv
                0x038061c4       0x18 C:\Program Files (x86)\VEX Robotics\VEXcode Pro V5\sdk/vexv5\libv5rt.a(vex_rotation.cpp.obj)
                0x038061c4                vex::rotation::installed()
 .text._ZN3vex8rotation5valueEv
                0x038061dc        0x8 C:\Program Files (x86)\VEX Robotics\VEXcode Pro V5\sdk/vexv5\libv5rt.a(vex_rotation.cpp.obj)
                0x038061dc                vex::rotation::value()
 .text._ZN3vex8rotationC2Elb
                0x038061e4       0x30 C:\Program Files (x86)\VEX Robotics\VEXcode Pro V5\sdk/vexv5\libv5rt.a(vex_rotation.cpp.obj)
                0x038061e4                vex::rotation::rotation(long, bool)
                0x038061e4                vex::rotation::rotation(long, bool)
 .text._ZN3vex10controllerD2Ev
                0x03806214        0x4 C:\Program Files (x86)\VEX Robotics\VEXcode Pro V5\sdk/vexv5\libv5rt.a(vex_controller.cpp.obj)
                0x03806214                vex::controller::~controller()
                0x03806214                vex::controller::~controller()
 .text._ZN3vex10controller5valueE19_V5_ControllerIndex
                0x03806218        0x8 C:\Program Files (x86)\VEX Robotics\VEXcode Pro V5\sdk/vexv5\libv5rt.a(vex_controller.cpp.obj)
                0x03806218                vex::controller::value(_V5_ControllerIndex)
 .text._ZNK3vex10controller6button8pressingEv
                0x03806220       0xc8 C:\Program Files (x86)\VEX Robotics\VEXcode Pro V5\sdk/vexv5\libv5rt.a(vex_controller.cpp.obj)
                0x03806220                vex::controller::button::pressing() const
 .text._ZNK3vex10controller6button7pressedEPFvvE
                0x038062e8      0x108 C:\Program Files (x86)\VEX Robotics\VEXcode Pro V5\sdk/vexv5\libv5rt.a(vex_controller.cpp.obj)
                0x038062e8                vex::controller::button::pressed(void (*)()) const
 .text._ZNK3vex10controller6button21_buttonToPressedEventEv
                0x038063f0       0x20 C:\Program Files (x86)\VEX Robotics\VEXcode Pro V5\sdk/vexv5\libv5rt.a(vex_controller.cpp.obj)
                0x038063f0                vex::controller::button::_buttonToPressedEvent() const
 .text._ZNK3vex10controller6button22_buttonToReleasedEventEv
                0x03806410       0x20 C:\Program Files (x86)\VEX Robotics\VEXcode Pro V5\sdk/vexv5\libv5rt.a(vex_controller.cpp.obj)
                0x03806410                vex::controller::button::_buttonToReleasedEvent() const
 .text._ZN3vex10controller6buttonC2ENS0_11tButtonTypeEPS0_
                0x03806430       0x48 C:\Program Files (x86)\VEX Robotics\VEXcode Pro V5\sdk/vexv5\libv5rt.a(vex_controller.cpp.obj)
                0x03806430                vex::controller::button::button(vex::controller::tButtonType, vex::controller*)
                0x03806430                vex::controller::button::button(vex::controller::tButtonType, vex::controller*)
 .text._ZNK3vex10controller4axis5valueEv
                0x03806478       0x58 C:\Program Files (x86)\VEX Robotics\VEXcode Pro V5\sdk/vexv5\libv5rt.a(vex_controller.cpp.obj)
                0x03806478                vex::controller::axis::value() const
 .text._ZNK3vex10controller4axis23_joystickToChangedEventEv
                0x038064d0       0x20 C:\Program Files (x86)\VEX Robotics\VEXcode Pro V5\sdk/vexv5\libv5rt.a(vex_controller.cpp.obj)
                0x038064d0                vex::controller::axis::_joystickToChangedEvent() const
 .text._ZN3vex10controller4axisC2ENS0_9tAxisTypeEPS0_
                0x038064f0       0x2c C:\Program Files (x86)\VEX Robotics\VEXcode Pro V5\sdk/vexv5\libv5rt.a(vex_controller.cpp.obj)
                0x038064f0                vex::controller::axis::axis(vex::controller::tAxisType, vex::controller*)
                0x038064f0                vex::controller::axis::axis(vex::controller::tAxisType, vex::controller*)
 .text._ZN3vex10controllerC2ENS_14controllerTypeE
                0x0380651c      0x16c C:\Program Files (x86)\VEX Robotics\VEXcode Pro V5\sdk/vexv5\libv5rt.a(vex_controller.cpp.obj)
                0x0380651c                vex::controller::controller(vex::controllerType)
                0x0380651c                vex::controller::controller(vex::controllerType)
 .text._ZN3vex10controller3lcd15getControllerIdEv
                0x03806688       0x10 C:\Program Files (x86)\VEX Robotics\VEXcode Pro V5\sdk/vexv5\libv5rt.a(vex_controller.cpp.obj)
                0x03806688                vex::controller::lcd::getControllerId()
 .text._ZN3vex10controller3lcd5printEPKcz
                0x03806698       0x80 C:\Program Files (x86)\VEX Robotics\VEXcode Pro V5\sdk/vexv5\libv5rt.a(vex_controller.cpp.obj)
                0x03806698                vex::controller::lcd::print(char const*, ...)
 .text._ZN3vex10controller3lcd9clearLineEi
                0x03806718       0x80 C:\Program Files (x86)\VEX Robotics\VEXcode Pro V5\sdk/vexv5\libv5rt.a(vex_controller.cpp.obj)
                0x03806718                vex::controller::lcd::clearLine(int)
 .text._ZN3vex10controller3lcd9clearLineEv
                0x03806798        0x8 C:\Program Files (x86)\VEX Robotics\VEXcode Pro V5\sdk/vexv5\libv5rt.a(vex_controller.cpp.obj)
                0x03806798                vex::controller::lcd::clearLine()
 .text._ZN3vex10controller3lcd7newLineEv
                0x038067a0       0x20 C:\Program Files (x86)\VEX Robotics\VEXcode Pro V5\sdk/vexv5\libv5rt.a(vex_controller.cpp.obj)
                0x038067a0                vex::controller::lcd::newLine()
 .text._ZN3vex4taskC2Ev
                0x038067c0       0x28 C:\Program Files (x86)\VEX Robotics\VEXcode Pro V5\sdk/vexv5\libv5rt.a(vex_task.cpp.obj)
                0x038067c0                vex::task::task()
                0x038067c0                vex::task::task()
 .text._ZN3vex4taskC2EPFivE
                0x038067e8       0x5c C:\Program Files (x86)\VEX Robotics\VEXcode Pro V5\sdk/vexv5\libv5rt.a(vex_task.cpp.obj)
                0x038067e8                vex::task::task(int (*)())
                0x038067e8                vex::task::task(int (*)())
 .text._ZN3vex4taskD2Ev
                0x03806844        0x4 C:\Program Files (x86)\VEX Robotics\VEXcode Pro V5\sdk/vexv5\libv5rt.a(vex_task.cpp.obj)
                0x03806844                vex::task::~task()
                0x03806844                vex::task::~task()
 .text._ZN3vex4task4stopEPvi
                0x03806848       0x1c C:\Program Files (x86)\VEX Robotics\VEXcode Pro V5\sdk/vexv5\libv5rt.a(vex_task.cpp.obj)
                0x03806848                vex::task::stop(void*, int)
 .text._ZN3vex4task5sleepEm
                0x03806864        0x4 C:\Program Files (x86)\VEX Robotics\VEXcode Pro V5\sdk/vexv5\libv5rt.a(vex_task.cpp.obj)
                0x03806864                vex::task::sleep(unsigned long)
 .text._ZN3vex4task6_indexEPFivE
                0x03806868       0x14 C:\Program Files (x86)\VEX Robotics\VEXcode Pro V5\sdk/vexv5\libv5rt.a(vex_task.cpp.obj)
                0x03806868                vex::task::_index(int (*)())
 .text._ZN3vex4task8_stopAllEv
                0x0380687c       0x3c C:\Program Files (x86)\VEX Robotics\VEXcode Pro V5\sdk/vexv5\libv5rt.a(vex_task.cpp.obj)
                0x0380687c                vex::task::_stopAll()
 .text._ZN3vex11this_thread9sleep_forEm
                0x038068b8        0x4 C:\Program Files (x86)\VEX Robotics\VEXcode Pro V5\sdk/vexv5\libv5rt.a(vex_thread.cpp.obj)
                0x038068b8                vex::this_thread::sleep_for(unsigned long)
 .text._ZN3vex5event4initEmmPFvvE
                0x038068bc        0x4 C:\Program Files (x86)\VEX Robotics\VEXcode Pro V5\sdk/vexv5\libv5rt.a(vex_event.cpp.obj)
                0x038068bc                vex::event::init(unsigned long, unsigned long, void (*)())
 .text._ZN3vex5event4initEmmPFvPvES1_
                0x038068c0        0x4 C:\Program Files (x86)\VEX Robotics\VEXcode Pro V5\sdk/vexv5\libv5rt.a(vex_event.cpp.obj)
                0x038068c0                vex::event::init(unsigned long, unsigned long, void (*)(void*), void*)
 .text._ZN3vex5event9userindexEv
                0x038068c4        0x4 C:\Program Files (x86)\VEX Robotics\VEXcode Pro V5\sdk/vexv5\libv5rt.a(vex_event.cpp.obj)
                0x038068c4                vex::event::userindex()
 .text._ZZN3vex6meventC4EmmENUlvE_4_FUNEv
                0x038068c8        0x4 C:\Program Files (x86)\VEX Robotics\VEXcode Pro V5\sdk/vexv5\libv5rt.a(vex_mevent.cpp.obj)
 .text._ZN3vex6meventC2Emm
                0x038068cc       0x70 C:\Program Files (x86)\VEX Robotics\VEXcode Pro V5\sdk/vexv5\libv5rt.a(vex_mevent.cpp.obj)
                0x038068cc                vex::mevent::mevent(unsigned long, unsigned long)
                0x038068cc                vex::mevent::mevent(unsigned long, unsigned long)
 .text._ZN3vex5brain9_getIndexEv
                0x0380693c       0x10 C:\Program Files (x86)\VEX Robotics\VEXcode Pro V5\sdk/vexv5\libv5rt.a(vex_brain.cpp.obj)
                0x0380693c                vex::brain::_getIndex()
 .text._ZN3vex5brain3lcd9setCursorEll
                0x0380694c       0x44 C:\Program Files (x86)\VEX Robotics\VEXcode Pro V5\sdk/vexv5\libv5rt.a(vex_brain.cpp.obj)
                0x0380694c                vex::brain::lcd::setCursor(long, long)
 .text._ZN3vex5brain3lcd7setFontENS_8fontTypeE
                0x03806990      0x23c C:\Program Files (x86)\VEX Robotics\VEXcode Pro V5\sdk/vexv5\libv5rt.a(vex_brain.cpp.obj)
                0x03806990                vex::brain::lcd::setFont(vex::fontType)
 .text._ZN3vex5brain3lcdC2Ev
                0x03806bcc       0x94 C:\Program Files (x86)\VEX Robotics\VEXcode Pro V5\sdk/vexv5\libv5rt.a(vex_brain.cpp.obj)
                0x03806bcc                vex::brain::lcd::lcd()
                0x03806bcc                vex::brain::lcd::lcd()
 .text._ZN3vex5brainC2Ev
                0x03806c60       0x3c C:\Program Files (x86)\VEX Robotics\VEXcode Pro V5\sdk/vexv5\libv5rt.a(vex_brain.cpp.obj)
                0x03806c60                vex::brain::brain()
                0x03806c60                vex::brain::brain()
 .text._ZN3vex5brain3lcd7printAtEllPKcz
                0x03806c9c       0x54 C:\Program Files (x86)\VEX Robotics\VEXcode Pro V5\sdk/vexv5\libv5rt.a(vex_brain.cpp.obj)
                0x03806c9c                vex::brain::lcd::printAt(long, long, char const*, ...)
 .text._ZN3vex5brain3lcd12_clearScreenEm
                0x03806cf0       0x38 C:\Program Files (x86)\VEX Robotics\VEXcode Pro V5\sdk/vexv5\libv5rt.a(vex_brain.cpp.obj)
                0x03806cf0                vex::brain::lcd::_clearScreen(unsigned long)
 .text._ZN3vex5brain3lcd11clearScreenERKNS_5colorE
                0x03806d28       0x20 C:\Program Files (x86)\VEX Robotics\VEXcode Pro V5\sdk/vexv5\libv5rt.a(vex_brain.cpp.obj)
                0x03806d28                vex::brain::lcd::clearScreen(vex::color const&)
 .text._ZN3vex5brain3lcd11clearScreenEv
                0x03806d48       0x2c C:\Program Files (x86)\VEX Robotics\VEXcode Pro V5\sdk/vexv5\libv5rt.a(vex_brain.cpp.obj)
                0x03806d48                vex::brain::lcd::clearScreen()
 .text._ZN3vex5brain3lcd7newLineEv
                0x03806d74       0x20 C:\Program Files (x86)\VEX Robotics\VEXcode Pro V5\sdk/vexv5\libv5rt.a(vex_brain.cpp.obj)
                0x03806d74                vex::brain::lcd::newLine()
 .text._ZN3vex5brain3lcd8pressingEv
                0x03806d94       0x20 C:\Program Files (x86)\VEX Robotics\VEXcode Pro V5\sdk/vexv5\libv5rt.a(vex_brain.cpp.obj)
                0x03806d94                vex::brain::lcd::pressing()
 .text._ZN3vex5brain3lcd10rowToPixelEl
                0x03806db4       0x34 C:\Program Files (x86)\VEX Robotics\VEXcode Pro V5\sdk/vexv5\libv5rt.a(vex_brain.cpp.obj)
                0x03806db4                vex::brain::lcd::rowToPixel(long)
 .text._ZN3vex5brain3lcd5printEPKcz
                0x03806de8       0xb8 C:\Program Files (x86)\VEX Robotics\VEXcode Pro V5\sdk/vexv5\libv5rt.a(vex_brain.cpp.obj)
                0x03806de8                vex::brain::lcd::print(char const*, ...)
 .text._ZN3vex5brainD2Ev
                0x03806ea0       0x20 C:\Program Files (x86)\VEX Robotics\VEXcode Pro V5\sdk/vexv5\libv5rt.a(vex_brain.cpp.obj)
                0x03806ea0                vex::brain::~brain()
                0x03806ea0                vex::brain::~brain()
 .text._ZN3vex11competition8_disableEPv
                0x03806ec0       0xa4 C:\Program Files (x86)\VEX Robotics\VEXcode Pro V5\sdk/vexv5\libv5rt.a(vex_competition.cpp.obj)
                0x03806ec0                vex::competition::_disable(void*)
 .text._ZN3vex11competition11_autonomousEv
                0x03806f64       0x80 C:\Program Files (x86)\VEX Robotics\VEXcode Pro V5\sdk/vexv5\libv5rt.a(vex_competition.cpp.obj)
                0x03806f64                vex::competition::_autonomous()
 .text._ZN3vex11competition14_drivercontrolEv
                0x03806fe4       0x80 C:\Program Files (x86)\VEX Robotics\VEXcode Pro V5\sdk/vexv5\libv5rt.a(vex_competition.cpp.obj)
                0x03806fe4                vex::competition::_drivercontrol()
 .text._ZN3vex11competitionC2Ev
                0x03807064      0x13c C:\Program Files (x86)\VEX Robotics\VEXcode Pro V5\sdk/vexv5\libv5rt.a(vex_competition.cpp.obj)
                0x03807064                vex::competition::competition()
                0x03807064                vex::competition::competition()
 .text._ZN3vex11competitionD2Ev
                0x038071a0        0x4 C:\Program Files (x86)\VEX Robotics\VEXcode Pro V5\sdk/vexv5\libv5rt.a(vex_competition.cpp.obj)
                0x038071a0                vex::competition::~competition()
                0x038071a0                vex::competition::~competition()
 .text._ZN3vex11competition10autonomousEPFvvE
                0x038071a4       0x44 C:\Program Files (x86)\VEX Robotics\VEXcode Pro V5\sdk/vexv5\libv5rt.a(vex_competition.cpp.obj)
                0x038071a4                vex::competition::autonomous(void (*)())
 .text._ZN3vex11competition13drivercontrolEPFvvE
                0x038071e8       0x44 C:\Program Files (x86)\VEX Robotics\VEXcode Pro V5\sdk/vexv5\libv5rt.a(vex_competition.cpp.obj)
                0x038071e8                vex::competition::drivercontrol(void (*)())
 .text._ZN3vex7triportD2Ev
                0x0380722c       0x38 C:\Program Files (x86)\VEX Robotics\VEXcode Pro V5\sdk/vexv5\libv5rt.a(vex_triport.cpp.obj)
                0x0380722c                vex::triport::~triport()
                0x0380722c                vex::triport::~triport()
 .text._ZN3vex7triportD0Ev
                0x03807264       0x1c C:\Program Files (x86)\VEX Robotics\VEXcode Pro V5\sdk/vexv5\libv5rt.a(vex_triport.cpp.obj)
                0x03807264                vex::triport::~triport()
 .text._ZN3vex7triport9installedEv
                0x03807280       0x18 C:\Program Files (x86)\VEX Robotics\VEXcode Pro V5\sdk/vexv5\libv5rt.a(vex_triport.cpp.obj)
                0x03807280                vex::triport::installed()
 .text._ZN3vex7triport4portC2ElPS0_
                0x03807298       0x74 C:\Program Files (x86)\VEX Robotics\VEXcode Pro V5\sdk/vexv5\libv5rt.a(vex_triport.cpp.obj)
                0x03807298                vex::triport::port::port(long, vex::triport*)
                0x03807298                vex::triport::port::port(long, vex::triport*)
 .text._ZN3vex7triportC2El
                0x0380730c       0xf0 C:\Program Files (x86)\VEX Robotics\VEXcode Pro V5\sdk/vexv5\libv5rt.a(vex_triport.cpp.obj)
                0x0380730c                vex::triport::triport(long)
                0x0380730c                vex::triport::triport(long)
 .text._ZN3vex7triport4port4typeENS_11triportTypeE
                0x038073fc       0x30 C:\Program Files (x86)\VEX Robotics\VEXcode Pro V5\sdk/vexv5\libv5rt.a(vex_triport.cpp.obj)
                0x038073fc                vex::triport::port::type(vex::triportType)
 .text._ZN3vex7triport4port4typeEv
                0x0380742c       0x38 C:\Program Files (x86)\VEX Robotics\VEXcode Pro V5\sdk/vexv5\libv5rt.a(vex_triport.cpp.obj)
                0x0380742c                vex::triport::port::type()
 .text._ZN3vex7triport4port5valueEv
                0x03807464       0x14 C:\Program Files (x86)\VEX Robotics\VEXcode Pro V5\sdk/vexv5\libv5rt.a(vex_triport.cpp.obj)
                0x03807464                vex::triport::port::value()
 .text._ZN3vex7triport4port5valueEl
                0x03807478       0x18 C:\Program Files (x86)\VEX Robotics\VEXcode Pro V5\sdk/vexv5\libv5rt.a(vex_triport.cpp.obj)
                0x03807478                vex::triport::port::value(long)
 .text._ZN3vex7triport4port14_convertAnalogENS_11analogUnitsE
                0x03807490       0x58 C:\Program Files (x86)\VEX Robotics\VEXcode Pro V5\sdk/vexv5\libv5rt.a(vex_triport.cpp.obj)
                0x03807490                vex::triport::port::_convertAnalog(vex::analogUnits)
 .text._ZN3vex11__trideviceC2ERNS_7triport4portENS_11triportTypeE
                0x038074e8       0x5c C:\Program Files (x86)\VEX Robotics\VEXcode Pro V5\sdk/vexv5\libv5rt.a(vex_triport.cpp.obj)
                0x038074e8                vex::__tridevice::__tridevice(vex::triport::port&, vex::triportType)
                0x038074e8                vex::__tridevice::__tridevice(vex::triport::port&, vex::triportType)
 .text._ZN3vex11__tridevice14_convertAnalogENS_11analogUnitsE
                0x03807544        0x8 C:\Program Files (x86)\VEX Robotics\VEXcode Pro V5\sdk/vexv5\libv5rt.a(vex_triport.cpp.obj)
                0x03807544                vex::__tridevice::_convertAnalog(vex::analogUnits)
 .text._ZN3vex11digital_outC2ERNS_7triport4portE
                0x0380754c       0x18 C:\Program Files (x86)\VEX Robotics\VEXcode Pro V5\sdk/vexv5\libv5rt.a(vex_triport.cpp.obj)
                0x0380754c                vex::digital_out::digital_out(vex::triport::port&)
                0x0380754c                vex::digital_out::digital_out(vex::triport::port&)
 .text._ZN3vex11digital_outD2Ev
                0x03807564        0x4 C:\Program Files (x86)\VEX Robotics\VEXcode Pro V5\sdk/vexv5\libv5rt.a(vex_triport.cpp.obj)
                0x03807564                vex::digital_out::~digital_out()
                0x03807564                vex::digital_out::~digital_out()
 .text._ZN3vex11digital_out5valueEv
                0x03807568        0x8 C:\Program Files (x86)\VEX Robotics\VEXcode Pro V5\sdk/vexv5\libv5rt.a(vex_triport.cpp.obj)
                0x03807568                vex::digital_out::value()
 .text._ZN3vex11digital_out3setEb
                0x03807570        0x8 C:\Program Files (x86)\VEX Robotics\VEXcode Pro V5\sdk/vexv5\libv5rt.a(vex_triport.cpp.obj)
                0x03807570                vex::digital_out::set(bool)
 .text._ZN3vex3potC2ERNS_7triport4portE
                0x03807578       0x20 C:\Program Files (x86)\VEX Robotics\VEXcode Pro V5\sdk/vexv5\libv5rt.a(vex_triport.cpp.obj)
                0x03807578                vex::pot::pot(vex::triport::port&)
                0x03807578                vex::pot::pot(vex::triport::port&)
 .text._ZN3vex3potD2Ev
                0x03807598        0x4 C:\Program Files (x86)\VEX Robotics\VEXcode Pro V5\sdk/vexv5\libv5rt.a(vex_triport.cpp.obj)
                0x03807598                vex::pot::~pot()
                0x03807598                vex::pot::~pot()
 *fill*         0x0380759c        0x4 
 .text._ZN3vex3pot5valueENS_13rotationUnitsE
                0x038075a0       0x60 C:\Program Files (x86)\VEX Robotics\VEXcode Pro V5\sdk/vexv5\libv5rt.a(vex_triport.cpp.obj)
                0x038075a0                vex::pot::value(vex::rotationUnits)
 .text._ZN3vex7encoderC2ERNS_7triport4portE
                0x03807600       0x20 C:\Program Files (x86)\VEX Robotics\VEXcode Pro V5\sdk/vexv5\libv5rt.a(vex_triport.cpp.obj)
                0x03807600                vex::encoder::encoder(vex::triport::port&)
                0x03807600                vex::encoder::encoder(vex::triport::port&)
 .text._ZN3vex7encoderD2Ev
                0x03807620        0x4 C:\Program Files (x86)\VEX Robotics\VEXcode Pro V5\sdk/vexv5\libv5rt.a(vex_triport.cpp.obj)
                0x03807620                vex::encoder::~encoder()
                0x03807620                vex::encoder::~encoder()
 .text._ZN3vex5colorD2Ev
                0x03807624        0x4 C:\Program Files (x86)\VEX Robotics\VEXcode Pro V5\sdk/vexv5\libv5rt.a(vex_color.cpp.obj)
                0x03807624                vex::color::~color()
                0x03807624                vex::color::~color()
 .text._ZNK3vex5colorcvmEv
                0x03807628        0x8 C:\Program Files (x86)\VEX Robotics\VEXcode Pro V5\sdk/vexv5\libv5rt.a(vex_color.cpp.obj)
                0x03807628                vex::color::operator unsigned long() const
 .text.startup._GLOBAL__sub_I__ZN3vex5color5blackE
                0x03807630      0x164 C:\Program Files (x86)\VEX Robotics\VEXcode Pro V5\sdk/vexv5\libv5rt.a(vex_color.cpp.obj)
 .text._ZN3vex5timerD2Ev
                0x03807794        0x4 C:\Program Files (x86)\VEX Robotics\VEXcode Pro V5\sdk/vexv5\libv5rt.a(vex_timer.cpp.obj)
                0x03807794                vex::timer::~timer()
                0x03807794                vex::timer::~timer()
 .text._ZN3vex5timer5clearEv
                0x03807798       0x1c C:\Program Files (x86)\VEX Robotics\VEXcode Pro V5\sdk/vexv5\libv5rt.a(vex_timer.cpp.obj)
                0x03807798                vex::timer::clear()
 .text._ZN3vex5timerC2Ev
                0x038077b4       0x14 C:\Program Files (x86)\VEX Robotics\VEXcode Pro V5\sdk/vexv5\libv5rt.a(vex_timer.cpp.obj)
                0x038077b4                vex::timer::timer()
                0x038077b4                vex::timer::timer()
 .text._ZN3vex11motor_group18motor_group_motorsC2Ev
                0x038077c8       0x28 C:\Program Files (x86)\VEX Robotics\VEXcode Pro V5\sdk/vexv5\libv5rt.a(vex_motorgroup.cpp.obj)
                0x038077c8                vex::motor_group::motor_group_motors::motor_group_motors()
                0x038077c8                vex::motor_group::motor_group_motors::motor_group_motors()
 .text._ZN3vex11motor_group18motor_group_motorsC2ERKS1_
                0x038077f0       0x20 C:\Program Files (x86)\VEX Robotics\VEXcode Pro V5\sdk/vexv5\libv5rt.a(vex_motorgroup.cpp.obj)
                0x038077f0                vex::motor_group::motor_group_motors::motor_group_motors(vex::motor_group::motor_group_motors const&)
                0x038077f0                vex::motor_group::motor_group_motors::motor_group_motors(vex::motor_group::motor_group_motors const&)
 .text._ZN3vex11motor_groupC2Ev
                0x03807810       0x1c C:\Program Files (x86)\VEX Robotics\VEXcode Pro V5\sdk/vexv5\libv5rt.a(vex_motorgroup.cpp.obj)
                0x03807810                vex::motor_group::motor_group()
                0x03807810                vex::motor_group::motor_group()
 .text._ZN3vex11motor_groupD2Ev
                0x0380782c        0x4 C:\Program Files (x86)\VEX Robotics\VEXcode Pro V5\sdk/vexv5\libv5rt.a(vex_motorgroup.cpp.obj)
                0x0380782c                vex::motor_group::~motor_group()
                0x0380782c                vex::motor_group::~motor_group()
 .text._ZN3vex11motor_group9_addMotorERNS_5motorE
                0x03807830       0x20 C:\Program Files (x86)\VEX Robotics\VEXcode Pro V5\sdk/vexv5\libv5rt.a(vex_motorgroup.cpp.obj)
                0x03807830                vex::motor_group::_addMotor(vex::motor&)
 .text._ZN3vex11motor_group11setVelocityEdNS_13velocityUnitsE
                0x03807850       0x4c C:\Program Files (x86)\VEX Robotics\VEXcode Pro V5\sdk/vexv5\libv5rt.a(vex_motorgroup.cpp.obj)
                0x03807850                vex::motor_group::setVelocity(double, vex::velocityUnits)
 .text._ZN3vex11motor_group4spinENS_13directionTypeE
                0x0380789c       0x38 C:\Program Files (x86)\VEX Robotics\VEXcode Pro V5\sdk/vexv5\libv5rt.a(vex_motorgroup.cpp.obj)
                0x0380789c                vex::motor_group::spin(vex::directionType)
 .text._ZN3vex11motor_group4spinENS_13directionTypeEdNS_12voltageUnitsE
                0x038078d4       0x54 C:\Program Files (x86)\VEX Robotics\VEXcode Pro V5\sdk/vexv5\libv5rt.a(vex_motorgroup.cpp.obj)
                0x038078d4                vex::motor_group::spin(vex::directionType, double, vex::voltageUnits)
 .text._ZN3vex11motor_group4stopEv
                0x03807928       0x30 C:\Program Files (x86)\VEX Robotics\VEXcode Pro V5\sdk/vexv5\libv5rt.a(vex_motorgroup.cpp.obj)
                0x03807928                vex::motor_group::stop()
 .text._ZN3vex11motor_group4stopENS_9brakeTypeE
                0x03807958       0x38 C:\Program Files (x86)\VEX Robotics\VEXcode Pro V5\sdk/vexv5\libv5rt.a(vex_motorgroup.cpp.obj)
                0x03807958                vex::motor_group::stop(vex::brakeType)
 .text._ZN3vex11motor_group8positionENS_13rotationUnitsE
                0x03807990        0xc C:\Program Files (x86)\VEX Robotics\VEXcode Pro V5\sdk/vexv5\libv5rt.a(vex_motorgroup.cpp.obj)
                0x03807990                vex::motor_group::position(vex::rotationUnits)
 .text.vexAdiPortConfigSet
                0x0380799c       0x28 C:\Program Files (x86)\VEX Robotics\VEXcode Pro V5\sdk/vexv5\libv5rt.a(v5_apiuser.c.obj)
                0x0380799c                vexAdiPortConfigSet
 .text.vexAdiPortConfigGet
                0x038079c4       0x28 C:\Program Files (x86)\VEX Robotics\VEXcode Pro V5\sdk/vexv5\libv5rt.a(v5_apiuser.c.obj)
                0x038079c4                vexAdiPortConfigGet
 .text.vexAdiValueSet
                0x038079ec       0x28 C:\Program Files (x86)\VEX Robotics\VEXcode Pro V5\sdk/vexv5\libv5rt.a(v5_apiuser.c.obj)
                0x038079ec                vexAdiValueSet
 .text.vexAdiValueGet
                0x03807a14       0x20 C:\Program Files (x86)\VEX Robotics\VEXcode Pro V5\sdk/vexv5\libv5rt.a(v5_apiuser.c.obj)
                0x03807a14                vexAdiValueGet
 .text.vexMotorVelocitySet
                0x03807a34       0x20 C:\Program Files (x86)\VEX Robotics\VEXcode Pro V5\sdk/vexv5\libv5rt.a(v5_apiuser.c.obj)
                0x03807a34                vexMotorVelocitySet
 .text.vexMotorVoltageSet
                0x03807a54       0x20 C:\Program Files (x86)\VEX Robotics\VEXcode Pro V5\sdk/vexv5\libv5rt.a(v5_apiuser.c.obj)
                0x03807a54                vexMotorVoltageSet
 .text.vexMotorActualVelocityGet
                0x03807a74       0x24 C:\Program Files (x86)\VEX Robotics\VEXcode Pro V5\sdk/vexv5\libv5rt.a(v5_apiuser.c.obj)
                0x03807a74                vexMotorActualVelocityGet
 .text.vexMotorCurrentLimitSet
                0x03807a98       0x20 C:\Program Files (x86)\VEX Robotics\VEXcode Pro V5\sdk/vexv5\libv5rt.a(v5_apiuser.c.obj)
                0x03807a98                vexMotorCurrentLimitSet
 .text.vexMotorReverseFlagSet
                0x03807ab8       0x20 C:\Program Files (x86)\VEX Robotics\VEXcode Pro V5\sdk/vexv5\libv5rt.a(v5_apiuser.c.obj)
                0x03807ab8                vexMotorReverseFlagSet
 .text.vexMotorEncoderUnitsSet
                0x03807ad8       0x20 C:\Program Files (x86)\VEX Robotics\VEXcode Pro V5\sdk/vexv5\libv5rt.a(v5_apiuser.c.obj)
                0x03807ad8                vexMotorEncoderUnitsSet
 .text.vexMotorBrakeModeSet
                0x03807af8       0x20 C:\Program Files (x86)\VEX Robotics\VEXcode Pro V5\sdk/vexv5\libv5rt.a(v5_apiuser.c.obj)
                0x03807af8                vexMotorBrakeModeSet
 .text.vexMotorPositionSet
                0x03807b18       0x28 C:\Program Files (x86)\VEX Robotics\VEXcode Pro V5\sdk/vexv5\libv5rt.a(v5_apiuser.c.obj)
                0x03807b18                vexMotorPositionSet
 .text.vexMotorPositionGet
                0x03807b40       0x24 C:\Program Files (x86)\VEX Robotics\VEXcode Pro V5\sdk/vexv5\libv5rt.a(v5_apiuser.c.obj)
                0x03807b40                vexMotorPositionGet
 .text.vexMotorGearingSet
                0x03807b64       0x20 C:\Program Files (x86)\VEX Robotics\VEXcode Pro V5\sdk/vexv5\libv5rt.a(v5_apiuser.c.obj)
                0x03807b64                vexMotorGearingSet
 .text.vexMotorGearingGet
                0x03807b84       0x18 C:\Program Files (x86)\VEX Robotics\VEXcode Pro V5\sdk/vexv5\libv5rt.a(v5_apiuser.c.obj)
                0x03807b84                vexMotorGearingGet
 .text.vexImuReset
                0x03807b9c       0x10 C:\Program Files (x86)\VEX Robotics\VEXcode Pro V5\sdk/vexv5\libv5rt.a(v5_apiuser.c.obj)
                0x03807b9c                vexImuReset
 .text.vexImuHeadingGet
                0x03807bac       0x10 C:\Program Files (x86)\VEX Robotics\VEXcode Pro V5\sdk/vexv5\libv5rt.a(v5_apiuser.c.obj)
                0x03807bac                vexImuHeadingGet
 .text.vexImuDegreesGet
                0x03807bbc       0x10 C:\Program Files (x86)\VEX Robotics\VEXcode Pro V5\sdk/vexv5\libv5rt.a(v5_apiuser.c.obj)
                0x03807bbc                vexImuDegreesGet
 .text.vexImuStatusGet
                0x03807bcc       0x10 C:\Program Files (x86)\VEX Robotics\VEXcode Pro V5\sdk/vexv5\libv5rt.a(v5_apiuser.c.obj)
                0x03807bcc                vexImuStatusGet
 .text.vexAbsEncAngleGet
                0x03807bdc       0x10 C:\Program Files (x86)\VEX Robotics\VEXcode Pro V5\sdk/vexv5\libv5rt.a(v5_apiuser.c.obj)
                0x03807bdc                vexAbsEncAngleGet
 .text.vexAbsEncReverseFlagSet
                0x03807bec       0x18 C:\Program Files (x86)\VEX Robotics\VEXcode Pro V5\sdk/vexv5\libv5rt.a(v5_apiuser.c.obj)
                0x03807bec                vexAbsEncReverseFlagSet
 .text.vexEventMaskSet
                0x03807c04       0x28 C:\Program Files (x86)\VEX Robotics\VEXcode Pro V5\sdk/vexv5\libv5rt.a(v5_apiuser.c.obj)
                0x03807c04                vexEventMaskSet
 .text.vexEventMaskGet
                0x03807c2c       0x18 C:\Program Files (x86)\VEX Robotics\VEXcode Pro V5\sdk/vexv5\libv5rt.a(v5_apiuser.c.obj)
                0x03807c2c                vexEventMaskGet
 .text._ZN3vex6deviceD2Ev
                0x03807c44        0x4 C:\Program Files (x86)\VEX Robotics\VEXcode Pro V5\sdk/vexv5\libv5rt.a(vex_device.cpp.obj)
                0x03807c44                vex::device::~device()
                0x03807c44                vex::device::~device()
 .text._ZN3vex6device5valueEv
                0x03807c48        0x8 C:\Program Files (x86)\VEX Robotics\VEXcode Pro V5\sdk/vexv5\libv5rt.a(vex_device.cpp.obj)
                0x03807c48                vex::device::value()
 .text._ZN3vex6deviceD0Ev
                0x03807c50       0x14 C:\Program Files (x86)\VEX Robotics\VEXcode Pro V5\sdk/vexv5\libv5rt.a(vex_device.cpp.obj)
                0x03807c50                vex::device::~device()
 .text._ZN3vex6device4initEl
                0x03807c64       0x30 C:\Program Files (x86)\VEX Robotics\VEXcode Pro V5\sdk/vexv5\libv5rt.a(vex_device.cpp.obj)
                0x03807c64                vex::device::init(long)
 .text._ZN3vex6deviceC2El
                0x03807c94       0x20 C:\Program Files (x86)\VEX Robotics\VEXcode Pro V5\sdk/vexv5\libv5rt.a(vex_device.cpp.obj)
                0x03807c94                vex::device::device(long)
                0x03807c94                vex::device::device(long)
 .text._ZN3vex6device4typeEv
                0x03807cb4       0x10 C:\Program Files (x86)\VEX Robotics\VEXcode Pro V5\sdk/vexv5\libv5rt.a(vex_device.cpp.obj)
                0x03807cb4                vex::device::type()
 .text._ZN3vex6device9installedEv
                0x03807cc4       0x14 C:\Program Files (x86)\VEX Robotics\VEXcode Pro V5\sdk/vexv5\libv5rt.a(vex_device.cpp.obj)
                0x03807cc4                vex::device::installed()
 .text.__libc_fini_array
                0x03807cd8       0x30 C:\Program Files (x86)\VEX Robotics\VEXcode Pro V5\sdk/vexv5/gcc/libs\libc.a(lib_a-fini.o)
                0x03807cd8                __libc_fini_array
 .text.__libc_init_array
                0x03807d08       0x58 C:\Program Files (x86)\VEX Robotics\VEXcode Pro V5\sdk/vexv5/gcc/libs\libc.a(lib_a-init.o)
                0x03807d08                __libc_init_array
 .text.__libc_init_array.__stub
                0x03807d60       0x18 linker stubs
 *(.gnu.linkonce.t.*)
 *(.plt)
 *(.gnu_warning)
 *(.gcc_except_table)
 *(.glue_7)
 .glue_7        0x00000000        0x0 linker stubs
 *(.glue_7t)
 .glue_7t       0x00000000        0x0 linker stubs
 *(.vfp11_veneer)
 .vfp11_veneer  0x00000000        0x0 linker stubs
 *(.ARM.extab)
 *(.gnu.linkonce.armextab.*)

.v4_bx          0x03807d78        0x0
 .v4_bx         0x00000000        0x0 linker stubs

.iplt           0x03807d78        0x0
 .iplt          0x00000000        0x0 build/src/main.o

.init
 *(.init)

.fini
 *(.fini)

.rodata         0x03807d78      0x284
                0x03807d78                __rodata_start = .
 *(.rodata)
 *(.rodata.*)
 .rodata.str1.1
                0x03807d78       0x85 build/src/main.o
 .rodata.str1.1
                0x03807dfd       0x2e C:\Program Files (x86)\VEX Robotics\VEXcode Pro V5\sdk/vexv5\libv5rt.a(v5_startup.c.obj)
 *fill*         0x03807e2b        0x1 
 .rodata._ZN3vex3fwdE
                0x03807e2c        0x4 C:\Program Files (x86)\VEX Robotics\VEXcode Pro V5\sdk/vexv5\libv5rt.a(vex_global.cpp.obj)
                0x03807e2c                vex::fwd
 .rodata._ZN3vex5PORT3E
                0x03807e30        0x4 C:\Program Files (x86)\VEX Robotics\VEXcode Pro V5\sdk/vexv5\libv5rt.a(vex_global.cpp.obj)
                0x03807e30                vex::PORT3
 .rodata._ZN3vex5PORT1E
                0x03807e34        0x4 C:\Program Files (x86)\VEX Robotics\VEXcode Pro V5\sdk/vexv5\libv5rt.a(vex_global.cpp.obj)
                0x03807e34                vex::PORT1
 .rodata._ZN3vex7reverseE
                0x03807e38        0x4 C:\Program Files (x86)\VEX Robotics\VEXcode Pro V5\sdk/vexv5\libv5rt.a(vex_global.cpp.obj)
                0x03807e38                vex::reverse
 .rodata._ZN3vex4voltE
                0x03807e3c        0x4 C:\Program Files (x86)\VEX Robotics\VEXcode Pro V5\sdk/vexv5\libv5rt.a(vex_global.cpp.obj)
                0x03807e3c                vex::volt
 .rodata._ZN3vex6PORT10E
                0x03807e40        0x4 C:\Program Files (x86)\VEX Robotics\VEXcode Pro V5\sdk/vexv5\libv5rt.a(vex_global.cpp.obj)
                0x03807e40                vex::PORT10
 .rodata._ZN3vex5PORT5E
                0x03807e44        0x4 C:\Program Files (x86)\VEX Robotics\VEXcode Pro V5\sdk/vexv5\libv5rt.a(vex_global.cpp.obj)
                0x03807e44                vex::PORT5
 .rodata._ZN3vex7forwardE
                0x03807e48        0x4 C:\Program Files (x86)\VEX Robotics\VEXcode Pro V5\sdk/vexv5\libv5rt.a(vex_global.cpp.obj)
                0x03807e48                vex::forward
 .rodata._ZN3vex3secE
                0x03807e4c        0x4 C:\Program Files (x86)\VEX Robotics\VEXcode Pro V5\sdk/vexv5\libv5rt.a(vex_global.cpp.obj)
                0x03807e4c                vex::sec
 .rodata._ZN3vex4msecE
                0x03807e50        0x4 C:\Program Files (x86)\VEX Robotics\VEXcode Pro V5\sdk/vexv5\libv5rt.a(vex_global.cpp.obj)
                0x03807e50                vex::msec
 .rodata._ZN3vex5PORT9E
                0x03807e54        0x4 C:\Program Files (x86)\VEX Robotics\VEXcode Pro V5\sdk/vexv5\libv5rt.a(vex_global.cpp.obj)
                0x03807e54                vex::PORT9
 .rodata._ZN3vex5PORT2E
                0x03807e58        0x4 C:\Program Files (x86)\VEX Robotics\VEXcode Pro V5\sdk/vexv5\libv5rt.a(vex_global.cpp.obj)
                0x03807e58                vex::PORT2
 .rodata._ZN3vex7primaryE
                0x03807e5c        0x4 C:\Program Files (x86)\VEX Robotics\VEXcode Pro V5\sdk/vexv5\libv5rt.a(vex_global.cpp.obj)
                0x03807e5c                vex::primary
 .rodata._ZN3vex3degE
                0x03807e60        0x4 C:\Program Files (x86)\VEX Robotics\VEXcode Pro V5\sdk/vexv5\libv5rt.a(vex_global.cpp.obj)
                0x03807e60                vex::deg
 .rodata._ZN3vex7percentE
                0x03807e64        0x4 C:\Program Files (x86)\VEX Robotics\VEXcode Pro V5\sdk/vexv5\libv5rt.a(vex_global.cpp.obj)
                0x03807e64                vex::percent
 .rodata._ZN3vex6PORT22E
                0x03807e68        0x4 C:\Program Files (x86)\VEX Robotics\VEXcode Pro V5\sdk/vexv5\libv5rt.a(vex_global.cpp.obj)
                0x03807e68                vex::PORT22
 .rodata._ZN3vex4holdE
                0x03807e6c        0x4 C:\Program Files (x86)\VEX Robotics\VEXcode Pro V5\sdk/vexv5\libv5rt.a(vex_global.cpp.obj)
                0x03807e6c                vex::hold
 .rodata._ZN3vex6PORT12E
                0x03807e70        0x4 C:\Program Files (x86)\VEX Robotics\VEXcode Pro V5\sdk/vexv5\libv5rt.a(vex_global.cpp.obj)
                0x03807e70                vex::PORT12
 .rodata._ZN3vex5PORT7E
                0x03807e74        0x4 C:\Program Files (x86)\VEX Robotics\VEXcode Pro V5\sdk/vexv5\libv5rt.a(vex_global.cpp.obj)
                0x03807e74                vex::PORT7
 .rodata._ZN3vex8ratio6_1E
                0x03807e78        0x4 C:\Program Files (x86)\VEX Robotics\VEXcode Pro V5\sdk/vexv5\libv5rt.a(vex_global.cpp.obj)
                0x03807e78                vex::ratio6_1
 .rodata._ZN3vex5coastE
                0x03807e7c        0x4 C:\Program Files (x86)\VEX Robotics\VEXcode Pro V5\sdk/vexv5\libv5rt.a(vex_global.cpp.obj)
                0x03807e7c                vex::coast
 .rodata._ZN3vex5PORT4E
                0x03807e80        0x4 C:\Program Files (x86)\VEX Robotics\VEXcode Pro V5\sdk/vexv5\libv5rt.a(vex_global.cpp.obj)
                0x03807e80                vex::PORT4
 .rodata._ZN3vex5PORT8E
                0x03807e84        0x4 C:\Program Files (x86)\VEX Robotics\VEXcode Pro V5\sdk/vexv5\libv5rt.a(vex_global.cpp.obj)
                0x03807e84                vex::PORT8
 .rodata._ZN3vex9ratio18_1E
                0x03807e88        0x4 C:\Program Files (x86)\VEX Robotics\VEXcode Pro V5\sdk/vexv5\libv5rt.a(vex_global.cpp.obj)
                0x03807e88                vex::ratio18_1
 .rodata._ZN3vex7secondsE
                0x03807e8c        0x4 C:\Program Files (x86)\VEX Robotics\VEXcode Pro V5\sdk/vexv5\libv5rt.a(vex_global.cpp.obj)
                0x03807e8c                vex::seconds
 .rodata._ZTVN3vex5motorE
                0x03807e90       0x18 C:\Program Files (x86)\VEX Robotics\VEXcode Pro V5\sdk/vexv5\libv5rt.a(vex_motor.cpp.obj)
                0x03807e90                vtable for vex::motor
 .rodata._ZTVN3vex8inertialE
                0x03807ea8       0x68 C:\Program Files (x86)\VEX Robotics\VEXcode Pro V5\sdk/vexv5\libv5rt.a(vex_imu.cpp.obj)
                0x03807ea8                vtable for vex::inertial
 .rodata._ZTVN3vex8rotationE
                0x03807f10       0x18 C:\Program Files (x86)\VEX Robotics\VEXcode Pro V5\sdk/vexv5\libv5rt.a(vex_rotation.cpp.obj)
                0x03807f10                vtable for vex::rotation
 .rodata.str1.1
                0x03807f28       0x1f C:\Program Files (x86)\VEX Robotics\VEXcode Pro V5\sdk/vexv5\libv5rt.a(vex_controller.cpp.obj)
                                 0x20 (size before relaxing)
 .rodata.CSWTCH.16
                0x03807f47        0xb C:\Program Files (x86)\VEX Robotics\VEXcode Pro V5\sdk/vexv5\libv5rt.a(vex_controller.cpp.obj)
 .rodata.CSWTCH.18
                0x03807f52        0xb C:\Program Files (x86)\VEX Robotics\VEXcode Pro V5\sdk/vexv5\libv5rt.a(vex_controller.cpp.obj)
 .rodata.CSWTCH.24
                0x03807f5d        0x3 C:\Program Files (x86)\VEX Robotics\VEXcode Pro V5\sdk/vexv5\libv5rt.a(vex_controller.cpp.obj)
 .rodata.str1.1
                0x03807f60       0x14 C:\Program Files (x86)\VEX Robotics\VEXcode Pro V5\sdk/vexv5\libv5rt.a(vex_task.cpp.obj)
 .rodata.str1.1
                0x03807f74       0x2d C:\Program Files (x86)\VEX Robotics\VEXcode Pro V5\sdk/vexv5\libv5rt.a(vex_brain.cpp.obj)
 *fill*         0x03807fa1        0x7 
 .rodata._ZTVN3vex7triportE
                0x03807fa8       0x18 C:\Program Files (x86)\VEX Robotics\VEXcode Pro V5\sdk/vexv5\libv5rt.a(vex_triport.cpp.obj)
                0x03807fa8                vtable for vex::triport
 .rodata.CSWTCH.38
                0x03807fc0       0x10 C:\Program Files (x86)\VEX Robotics\VEXcode Pro V5\sdk/vexv5\libv5rt.a(vex_triport.cpp.obj)
 .rodata.CSWTCH.33
                0x03807fd0        0xe C:\Program Files (x86)\VEX Robotics\VEXcode Pro V5\sdk/vexv5\libv5rt.a(vex_triport.cpp.obj)
 *fill*         0x03807fde        0x2 
 .rodata._ZTVN3vex6deviceE
                0x03807fe0       0x18 C:\Program Files (x86)\VEX Robotics\VEXcode Pro V5\sdk/vexv5\libv5rt.a(vex_device.cpp.obj)
                0x03807fe0                vtable for vex::device
 .rodata.str1.4
                0x03807ff8        0x4 C:\Program Files (x86)\VEX Robotics\VEXcode Pro V5\sdk/vexv5/gcc/libs\libc.a(lib_a-impure.o)
                                  0x2 (size before relaxing)
 *(.gnu.linkonce.r.*)
                0x03807ffc                __rodata_end = .

.rodata1        0x03807ffc        0x0
                0x03807ffc                __rodata1_start = .
 *(.rodata1)
 *(.rodata1.*)
                0x03807ffc                __rodata1_end = .

.sdata2         0x03807ffc        0x0
                0x03807ffc                __sdata2_start = .
 *(.sdata2)
 *(.sdata2.*)
 *(.gnu.linkonce.s2.*)
                0x03807ffc                __sdata2_end = .

.sbss2          0x03807ffc        0x0
                0x03807ffc                __sbss2_start = .
 *(.sbss2)
 *(.sbss2.*)
 *(.gnu.linkonce.sb2.*)
                0x03807ffc                __sbss2_end = .

.data           0x03808000      0x43c
                0x03808000                __data_start = .
 *(.data)
 *(.data.*)
 .data.RemoteControlCodeEnabled
                0x03808000        0x1 build/src/robot-config.o
                0x03808000                RemoteControlCodeEnabled
 .data.Controller1RightShoulderControlMotorsStopped
                0x03808001        0x1 build/src/robot-config.o
                0x03808001                Controller1RightShoulderControlMotorsStopped
 *fill*         0x03808002        0x2 
 .data.appRunning
                0x03808004        0x4 C:\Program Files (x86)\VEX Robotics\VEXcode Pro V5\sdk/vexv5\libv5rt.a(v5_startup.c.obj)
                0x03808004                appRunning
 .data.__yoff   0x03808008        0x4 C:\Program Files (x86)\VEX Robotics\VEXcode Pro V5\sdk/vexv5\libv5rt.a(v5_apijump.c.obj)
 .data._ZN3vex24__default_motor_velocityE
                0x0380800c        0x4 C:\Program Files (x86)\VEX Robotics\VEXcode Pro V5\sdk/vexv5\libv5rt.a(vex_motor.cpp.obj)
                0x0380800c                vex::__default_motor_velocity
 .data.impure_data
                0x03808010      0x428 C:\Program Files (x86)\VEX Robotics\VEXcode Pro V5\sdk/vexv5/gcc/libs\libc.a(lib_a-impure.o)
 .data._impure_ptr
                0x03808438        0x4 C:\Program Files (x86)\VEX Robotics\VEXcode Pro V5\sdk/vexv5/gcc/libs\libc.a(lib_a-impure.o)
                0x03808438                _impure_ptr
 *(.gnu.linkonce.d.*)
 *(.jcr)
 *(.got)
 *(.got.plt)
                0x0380843c                __data_end = .

.igot.plt       0x0380843c        0x0
 .igot.plt      0x00000000        0x0 build/src/main.o

.data1          0x0380843c        0x0
                0x0380843c                __data1_start = .
 *(.data1)
 *(.data1.*)
                0x0380843c                __data1_end = .

.got
 *(.got)

.ctors          0x0380843c        0x0
                0x0380843c                __CTOR_LIST__ = .
                0x0380843c                ___CTORS_LIST___ = .
 *crtbegin.o(.ctors)
 *(EXCLUDE_FILE(*crtend.o) .ctors)
 *(SORT(.ctors.*))
 *(.ctors)
                0x0380843c                __CTOR_END__ = .
                0x0380843c                ___CTORS_END___ = .

.dtors          0x0380843c        0x0
                0x0380843c                __DTOR_LIST__ = .
                0x0380843c                ___DTORS_LIST___ = .
 *crtbegin.o(.dtors)
 *(EXCLUDE_FILE(*crtend.o) .dtors)
 *(SORT(.dtors.*))
 *(.dtors)
                0x0380843c                __DTOR_END__ = .
                0x0380843c                ___DTORS_END___ = .

.fixup          0x0380843c        0x0
                0x0380843c                __fixup_start = .
 *(.fixup)
                0x0380843c                __fixup_end = .

.eh_frame
 *(.eh_frame)

.eh_framehdr    0x0380843c        0x0
                0x0380843c                __eh_framehdr_start = .
 *(.eh_framehdr)
                0x0380843c                __eh_framehdr_end = .

.gcc_except_table
 *(.gcc_except_table)

.mmu_tbl        0x0380c000        0x0
                0x0380c000                __mmu_tbl_start = .
 *(.mmu_tbl)
                0x0380c000                __mmu_tbl_end = .

.ARM.exidx      0x0380843c        0x8
                0x0380843c                __exidx_start = .
 *(.ARM.exidx*)
 .ARM.exidx.text._ZN3vex11motor_groupC2IJNS_5motorES2_EEERS2_DpRT_
                0x0380843c        0x8 build/src/main.o
 .ARM.exidx.text._ZN5DriveD2Ev
                0x03808444        0x0 build/src/main.o
                                  0x8 (size before relaxing)
 .ARM.exidx.text._Z9pre_autonv
                0x03808444        0x0 build/src/main.o
                                  0x8 (size before relaxing)
 .ARM.exidx.text._Z10autonomousv
                0x03808444        0x0 build/src/main.o
                                  0x8 (size before relaxing)
 .ARM.exidx.text._Z11usercontrolv
                0x03808444        0x0 build/src/main.o
                                  0x8 (size before relaxing)
 .ARM.exidx.text.main
                0x03808444        0x0 build/src/main.o
                                  0x8 (size before relaxing)
 .ARM.exidx.text._ZZ4mainEN3$_08__invokeEv
                0x03808444        0x0 build/src/main.o
                                  0x8 (size before relaxing)
 .ARM.exidx.text._ZZ4mainEN3$_18__invokeEv
                0x03808444        0x0 build/src/main.o
                                  0x8 (size before relaxing)
 .ARM.exidx.text._ZZ4mainEN3$_28__invokeEv
                0x03808444        0x0 build/src/main.o
                                  0x8 (size before relaxing)
 .ARM.exidx.text._ZZ4mainEN3$_38__invokeEv
                0x03808444        0x0 build/src/main.o
                                  0x8 (size before relaxing)
 .ARM.exidx.text._ZZ4mainEN3$_48__invokeEv
                0x03808444        0x0 build/src/main.o
                                  0x8 (size before relaxing)
 .ARM.exidx.text._GLOBAL__sub_I_main.cpp
                0x03808444        0x0 build/src/main.o
                                  0x8 (size before relaxing)
 .ARM.exidx.text._Z17default_constantsv
                0x03808444        0x0 build/src/autons.o
                                  0x8 (size before relaxing)
 .ARM.exidx.text._Z19Defensive_MatchLoadv
                0x03808444        0x0 build/src/autons.o
                                  0x8 (size before relaxing)
 .ARM.exidx.text._Z6Skillsv
                0x03808444        0x0 build/src/autons.o
                                  0x8 (size before relaxing)
 .ARM.exidx.text._Z7NoAutonv
                0x03808444        0x0 build/src/autons.o
                                  0x8 (size before relaxing)
 .ARM.exidx.text._Z22Offensive_5_Point_Rushv
                0x03808444        0x0 build/src/autons.o
                                  0x8 (size before relaxing)
 .ARM.exidx.text._Z13Defensive_AWPv
                0x03808444        0x0 build/src/autons.o
                                  0x8 (size before relaxing)
 .ARM.exidx.text._Z13Offensive_AWPv
                0x03808444        0x0 build/src/autons.o
                                  0x8 (size before relaxing)
 .ARM.exidx.text._Z33rc_auto_loop_function_Controller1v
                0x03808444        0x0 build/src/robot-config.o
                                  0x8 (size before relaxing)
 .ARM.exidx.text._Z11vexcodeInitv
                0x03808444        0x0 build/src/robot-config.o
                                  0x8 (size before relaxing)
 .ARM.exidx.text._GLOBAL__sub_I_robot_config.cpp
                0x03808444        0x0 build/src/robot-config.o
                                  0x8 (size before relaxing)
 .ARM.exidx.text._Z15reduce_0_to_360f
                0x03808444        0x0 build/src/JAR-Template/util.o
                                  0x8 (size before relaxing)
 .ARM.exidx.text._Z26reduce_negative_180_to_180f
                0x03808444        0x0 build/src/JAR-Template/util.o
                                  0x8 (size before relaxing)
 .ARM.exidx.text._Z5clampfff
                0x03808444        0x0 build/src/JAR-Template/util.o
                                  0x8 (size before relaxing)
 .ARM.exidx.text._Z11is_reversedd
                0x03808444        0x0 build/src/JAR-Template/util.o
                                  0x8 (size before relaxing)
 .ARM.exidx.text._Z7to_voltf
                0x03808444        0x0 build/src/JAR-Template/util.o
                                  0x8 (size before relaxing)
 .ARM.exidx.text._Z7to_porti
                0x03808444        0x0 build/src/JAR-Template/util.o
                                  0x8 (size before relaxing)
 .ARM.exidx.text._Z8deadbandff
                0x03808444        0x0 build/src/JAR-Template/util.o
                                  0x8 (size before relaxing)
 .ARM.exidx.text._ZN4Odom22set_physical_distancesEff
                0x03808444        0x0 build/src/JAR-Template/odom.o
                                  0x8 (size before relaxing)
 .ARM.exidx.text._ZN5DriveC2E11drive_setupN3vex11motor_groupES2_ifffiiiiiffiff
                0x03808444        0x0 build/src/JAR-Template/drive.o
                                  0x8 (size before relaxing)
 .ARM.exidx.text._ZN5Drive18drive_with_voltageEff
                0x03808444        0x0 build/src/JAR-Template/drive.o
                                  0x8 (size before relaxing)
 .ARM.exidx.text._ZN5Drive18set_turn_constantsEfffff
                0x03808444        0x0 build/src/JAR-Template/drive.o
                                  0x8 (size before relaxing)
 .ARM.exidx.text._ZN5Drive19set_drive_constantsEfffff
                0x03808444        0x0 build/src/JAR-Template/drive.o
                                  0x8 (size before relaxing)
 .ARM.exidx.text._ZN5Drive21set_heading_constantsEfffff
                0x03808444        0x0 build/src/JAR-Template/drive.o
                                  0x8 (size before relaxing)
 .ARM.exidx.text._ZN5Drive19set_swing_constantsEfffff
                0x03808444        0x0 build/src/JAR-Template/drive.o
                                  0x8 (size before relaxing)
 .ARM.exidx.text._ZN5Drive24set_turn_exit_conditionsEfff
                0x03808444        0x0 build/src/JAR-Template/drive.o
                                  0x8 (size before relaxing)
 .ARM.exidx.text._ZN5Drive25set_drive_exit_conditionsEfff
                0x03808444        0x0 build/src/JAR-Template/drive.o
                                  0x8 (size before relaxing)
 .ARM.exidx.text._ZN5Drive25set_swing_exit_conditionsEfff
                0x03808444        0x0 build/src/JAR-Template/drive.o
                                  0x8 (size before relaxing)
 .ARM.exidx.text._ZN5Drive13turn_to_angleEf
                0x03808444        0x0 build/src/JAR-Template/drive.o
                                  0x8 (size before relaxing)
 .ARM.exidx.text._ZN5Drive13turn_to_angleEfffffffff
                0x03808444        0x0 build/src/JAR-Template/drive.o
                                  0x8 (size before relaxing)
 .ARM.exidx.text._ZN5Drive13turn_to_angleEfffff
                0x03808444        0x0 build/src/JAR-Template/drive.o
                                  0x8 (size before relaxing)
 .ARM.exidx.text._ZN5Drive14drive_distanceEf
                0x03808444        0x0 build/src/JAR-Template/drive.o
                                  0x8 (size before relaxing)
 .ARM.exidx.text._ZN5Drive14drive_distanceEfffffffffffffff
                0x03808444        0x0 build/src/JAR-Template/drive.o
                                  0x8 (size before relaxing)
 .ARM.exidx.text._ZN5Drive14drive_distanceEfffffff
                0x03808444        0x0 build/src/JAR-Template/drive.o
                                  0x8 (size before relaxing)
 .ARM.exidx.text._ZN5Drive19left_swing_to_angleEf
                0x03808444        0x0 build/src/JAR-Template/drive.o
                                  0x8 (size before relaxing)
 .ARM.exidx.text._ZN5Drive19left_swing_to_angleEfffffffff
                0x03808444        0x0 build/src/JAR-Template/drive.o
                                  0x8 (size before relaxing)
 .ARM.exidx.text._ZN5Drive20right_swing_to_angleEfffffffff
                0x03808444        0x0 build/src/JAR-Template/drive.o
                                  0x8 (size before relaxing)
 .ARM.exidx.text._ZN5Drive12control_tankEv
                0x03808444        0x0 build/src/JAR-Template/drive.o
                                  0x8 (size before relaxing)
 .ARM.exidx.text._ZN3PIDC2Efffff
                0x03808444        0x0 build/src/JAR-Template/PID.o
                                  0x8 (size before relaxing)
 .ARM.exidx.text._ZN3PIDC2Effffffff
                0x03808444        0x0 build/src/JAR-Template/PID.o
                                  0x8 (size before relaxing)
 .ARM.exidx.text._ZN3PID7computeEf
                0x03808444        0x0 build/src/JAR-Template/PID.o
                                  0x8 (size before relaxing)
 .ARM.exidx.text._ZN3PID10is_settledEv
                0x03808444        0x0 build/src/JAR-Template/PID.o
                                  0x8 (size before relaxing)
 *(.gnu.linkonce.armexidix.*.*)
                0x03808444                __exidx_end = .

.rel.dyn        0x03808444        0x0
 .rel.iplt      0x00000000        0x0 build/src/main.o

.preinit_array  0x03808444        0x0
                0x03808444                __preinit_array_start = .
 *(SORT(.preinit_array.*))
 *(.preinit_array)
                0x03808444                __preinit_array_end = .

.init_array     0x03808444        0xc
                0x03808444                __init_array_start = .
 *(SORT(.init_array.*))
 *(.init_array)
 .init_array    0x03808444        0x4 build/src/main.o
 .init_array    0x03808448        0x4 build/src/robot-config.o
 .init_array    0x0380844c        0x4 C:\Program Files (x86)\VEX Robotics\VEXcode Pro V5\sdk/vexv5\libv5rt.a(vex_color.cpp.obj)
                0x03808450                __init_array_end = .

.fini_array     0x03808450        0x0
                0x03808450                __fini_array_start = .
 *(SORT(.fini_array.*))
 *(.fini_array)
                0x03808450                __fini_array_end = .

.ARM.attributes
                0x03808450       0x3c
                0x03808450                __ARM.attributes_start = .
 *(.ARM.attributes)
 .ARM.attributes
                0x03808450       0x3a build/src/main.o
 .ARM.attributes
                0x0380848a       0x3a build/src/autons.o
 .ARM.attributes
                0x038084c4       0x3a build/src/robot-config.o